<html>
<body>
<pre>
<h1>µVision Build Log</h1>
<h2>Tool Versions:</h2>
IDE-Version: ¦ÌVision V5.38.0.0
Copyright (C) 2022 ARM Ltd and ARM Germany GmbH. All rights reserved.
License Information: 8632 5, 9, LIC=BUURY-ILVPE-12FLE-5NGM7-RI7FQ-XL506
 
Tool Versions:
Toolchain:       MDK-ARM Plus  Version: 5.38.0.0
Toolchain Path:  D:\Appdata\KEIL_MDK\ARM\ARMCLANG\Bin
C Compiler:      ArmClang.exe V6.19
Assembler:       Armasm.exe V6.19
Linker/Locator:  ArmLink.exe V6.19
Library Manager: ArmAr.exe V6.19
Hex Converter:   FromElf.exe V6.19
CPU DLL:         SARMCM3.DLL V5.38.0.0
Dialog DLL:      DARMCM1.DLL V1.19.6.0
Target DLL:      CMSIS_AGDI.dll V1.33.15.0
Dialog DLL:      TARMCM1.DLL V1.14.6.0
 
<h2>Project:</h2>
D:\01-Embedded\01-Project\01_HNIP\05-WirelessWeatherStation\WWS32\WWS_Tran\wws_tran\KEIL_Project\wws_tran.uvprojx
Project File Date:  04/02/2024

<h2>Output:</h2>
*** Using Compiler 'V6.19', folder: 'D:\Appdata\KEIL_MDK\ARM\ARMCLANG\Bin'
Build target 'Target 1'
compiling sAPP_Work.c...
compiling sBSP_ADC.c...
compiling stm32l0xx_hal_msp.c...
compiling main.c...
compiling sBSP_I2C.c...
compiling sBSP_UART.c...
compiling sBSP_SYS.c...
compiling sAPP_Task.c...
compiling sDRV_G01.c...
compiling stm32l0xx_it.c...
compiling sBSP_SPI.c...
compiling sDRV_AHT10.c...
compiling sBSP_GPIO.c...
compiling sDRV_BMP280.c...
compiling sDRV_TEMT6000.c...
compiling sDRV_LED.c...
compiling sDRV_UART.c...
compiling sBSP_TIM.c...
compiling stm32l0xx_hal.c...
compiling stm32l0xx_hal_adc_ex.c...
compiling stm32l0xx_hal_adc.c...
compiling stm32l0xx_hal_comp.c...
compiling stm32l0xx_hal_comp_ex.c...
compiling stm32l0xx_hal_cortex.c...
compiling stm32l0xx_hal_cryp.c...
compiling stm32l0xx_hal_crc.c...
compiling stm32l0xx_hal_crc_ex.c...
compiling stm32l0xx_hal_cryp_ex.c...
compiling stm32l0xx_hal_dac.c...
compiling stm32l0xx_hal_dac_ex.c...
compiling stm32l0xx_hal_firewall.c...
compiling stm32l0xx_hal_dma.c...
compiling stm32l0xx_hal_exti.c...
compiling stm32l0xx_hal_flash.c...
compiling stm32l0xx_hal_flash_ramfunc.c...
compiling stm32l0xx_hal_gpio.c...
compiling stm32l0xx_hal_flash_ex.c...
compiling stm32l0xx_hal_i2c_ex.c...
compiling stm32l0xx_hal_i2s.c...
compiling stm32l0xx_hal_iwdg.c...
compiling stm32l0xx_hal_lcd.c...
compiling stm32l0xx_hal_pcd.c...
compiling stm32l0xx_hal_pcd_ex.c...
compiling stm32l0xx_hal_irda.c...
compiling stm32l0xx_hal_lptim.c...
compiling stm32l0xx_hal_pwr.c...
compiling stm32l0xx_hal_pwr_ex.c...
compiling stm32l0xx_hal_rng.c...
compiling stm32l0xx_hal_rcc_ex.c...
compiling stm32l0xx_hal_i2c.c...
compiling stm32l0xx_hal_rcc.c...
compiling stm32l0xx_hal_rtc.c...
compiling stm32l0xx_hal_smartcard_ex.c...
compiling stm32l0xx_hal_rtc_ex.c...
compiling stm32l0xx_hal_smbus_ex.c...
compiling stm32l0xx_hal_smartcard.c...
compiling stm32l0xx_hal_smbus.c...
compiling stm32l0xx_hal_tim_ex.c...
compiling stm32l0xx_hal_tsc.c...
compiling stm32l0xx_hal_spi.c...
compiling stm32l0xx_hal_wwdg.c...
compiling stm32l0xx_ll_adc.c...
compiling stm32l0xx_hal_uart_ex.c...
compiling stm32l0xx_ll_comp.c...
compiling stm32l0xx_ll_crc.c...
compiling stm32l0xx_ll_crs.c...
compiling stm32l0xx_hal_tim.c...
compiling stm32l0xx_hal_uart.c...
compiling stm32l0xx_hal_usart.c...
compiling stm32l0xx_ll_dma.c...
compiling stm32l0xx_ll_dac.c...
compiling stm32l0xx_ll_exti.c...
compiling stm32l0xx_ll_gpio.c...
compiling stm32l0xx_ll_i2c.c...
compiling stm32l0xx_ll_lptim.c...
compiling stm32l0xx_ll_lpuart.c...
compiling stm32l0xx_ll_pwr.c...
compiling stm32l0xx_ll_rng.c...
compiling stm32l0xx_ll_rcc.c...
compiling stm32l0xx_ll_rtc.c...
compiling stm32l0xx_ll_spi.c...
compiling stm32l0xx_ll_tim.c...
compiling stm32l0xx_ll_usart.c...
compiling stm32l0xx_ll_usb.c...
compiling system_stm32l0xx.c...
compiling stm32l0xx_ll_utils.c...
linking...
Program Size: Code=19324 RO-data=940 RW-data=4 ZI-data=2260  
FromELF: creating hex file...
"..\KEIL_Output\wws_tran.axf" - 0 Error(s), 0 Warning(s).

<h2>Software Packages used:</h2>

Package Vendor: Keil
                http://www.keil.com/pack/Keil.STM32L0xx_DFP.2.2.0.pack
                Keil.STM32L0xx_DFP.2.2.0
                STMicroelectronics STM32L0 Series Device Support, Drivers and Examples

<h2>Collection of Component include folders:</h2>
  D:/Appdata/KEIL_MDK/Keil/STM32L0xx_DFP/2.2.0/Drivers/CMSIS/Device/ST/STM32L0xx/Include

<h2>Collection of Component Files used:</h2>
Build Time Elapsed:  00:00:04
</pre>
</body>
</html>
