Component: Arm Compiler for Embedded 6.19 Tool: armlink [5e73cb00]

==============================================================================

Section Cross References

    startup_stm32l031xx.o(RESET) refers to startup_stm32l031xx.o(STACK) for __initial_sp
    startup_stm32l031xx.o(RESET) refers to startup_stm32l031xx.o(.text) for Reset_Handler
    startup_stm32l031xx.o(RESET) refers to lto-llvm-8280f3.o(.text.NMI_Handler) for NMI_Handler
    startup_stm32l031xx.o(RESET) refers to lto-llvm-8280f3.o(.text.HardFault_Handler) for HardFault_Handler
    startup_stm32l031xx.o(RESET) refers to lto-llvm-8280f3.o(.text.SVC_Handler) for SVC_Handler
    startup_stm32l031xx.o(RESET) refers to lto-llvm-8280f3.o(.text.PendSV_Handler) for PendSV_Handler
    startup_stm32l031xx.o(RESET) refers to lto-llvm-8280f3.o(.text.SysTick_Handler) for SysTick_Handler
    startup_stm32l031xx.o(RESET) refers to lto-llvm-8280f3.o(.text.I2C1_IRQHandler) for I2C1_IRQHandler
    startup_stm32l031xx.o(RESET) refers to lto-llvm-8280f3.o(.text.LPUART1_IRQHandler) for LPUART1_IRQHandler
    startup_stm32l031xx.o(.text) refers to entry.o(.ARM.Collect$$$$00000000) for __main
    powf.o(i.__softfp_powf) refers (Special) to iusefp.o(.text) for __I$use$fp
    powf.o(i.__softfp_powf) refers to powf.o(i.powf) for powf
    powf.o(i.powf) refers (Special) to iusefp.o(.text) for __I$use$fp
    powf.o(i.powf) refers to fflti.o(.text) for __aeabi_i2f
    powf.o(i.powf) refers to fscalb.o(.text) for __ARM_scalbnf
    powf.o(i.powf) refers to fadd.o(.text) for __aeabi_fadd
    powf.o(i.powf) refers to fdiv.o(.text) for __aeabi_fdiv
    powf.o(i.powf) refers to fmul.o(.text) for __aeabi_fmul
    powf.o(i.powf) refers to fpstat.o(.text) for __ieee_status
    powf.o(i.powf) refers to ffixir.o(.text) for _ffix_r
    powf.o(i.powf) refers to fpclassifyf.o(i.__ARM_fpclassifyf) for __ARM_fpclassifyf
    powf.o(i.powf) refers to funder.o(i.__mathlib_flt_underflow) for __mathlib_flt_underflow
    powf.o(i.powf) refers to errno.o(i.__set_errno) for __set_errno
    powf.o(i.powf) refers to funder.o(i.__mathlib_flt_overflow) for __mathlib_flt_overflow
    powf.o(i.powf) refers to funder.o(i.__mathlib_flt_invalid) for __mathlib_flt_invalid
    powf.o(i.powf) refers to powf.o(.constdata) for .constdata
    powf.o(i.powf) refers to funder.o(i.__mathlib_flt_infnan2) for __mathlib_flt_infnan2
    powf.o(i.powf) refers to funder.o(i.__mathlib_flt_divzero) for __mathlib_flt_divzero
    powf.o(.constdata) refers (Special) to iusefp.o(.text) for __I$use$fp
    entry.o(.ARM.Collect$$$$00000000) refers (Special) to entry10a.o(.ARM.Collect$$$$0000000D) for __rt_final_cpp
    entry.o(.ARM.Collect$$$$00000000) refers (Special) to entry11a.o(.ARM.Collect$$$$0000000F) for __rt_final_exit
    entry.o(.ARM.Collect$$$$00000000) refers (Special) to entry7b.o(.ARM.Collect$$$$00000008) for _main_clock
    entry.o(.ARM.Collect$$$$00000000) refers (Special) to entry8b.o(.ARM.Collect$$$$0000000A) for _main_cpp_init
    entry.o(.ARM.Collect$$$$00000000) refers (Special) to entry9a.o(.ARM.Collect$$$$0000000B) for _main_init
    entry.o(.ARM.Collect$$$$00000000) refers (Special) to entry5.o(.ARM.Collect$$$$00000004) for _main_scatterload
    entry.o(.ARM.Collect$$$$00000000) refers (Special) to entry2.o(.ARM.Collect$$$$00000001) for _main_stk
    printfa.o(i.__0fprintf) refers (Special) to iusefp.o(.text) for __I$use$fp
    printfa.o(i.__0fprintf) refers to printfa.o(i._printf_core) for _printf_core
    printfa.o(i.__0fprintf) refers to fputc.o(i.fputc) for fputc
    printfa.o(i.__0printf) refers (Special) to iusefp.o(.text) for __I$use$fp
    printfa.o(i.__0printf) refers to printfa.o(i._printf_core) for _printf_core
    printfa.o(i.__0printf) refers to fputc.o(i.fputc) for fputc
    printfa.o(i.__0printf) refers to stdout.o(.data) for __stdout
    printfa.o(i.__0snprintf) refers (Special) to iusefp.o(.text) for __I$use$fp
    printfa.o(i.__0snprintf) refers to printfa.o(i._printf_core) for _printf_core
    printfa.o(i.__0snprintf) refers to printfa.o(i._snputc) for _snputc
    printfa.o(i.__0sprintf) refers (Special) to iusefp.o(.text) for __I$use$fp
    printfa.o(i.__0sprintf) refers to printfa.o(i._printf_core) for _printf_core
    printfa.o(i.__0sprintf) refers to printfa.o(i._sputc) for _sputc
    printfa.o(i.__0vfprintf) refers (Special) to iusefp.o(.text) for __I$use$fp
    printfa.o(i.__0vfprintf) refers to printfa.o(i._printf_core) for _printf_core
    printfa.o(i.__0vfprintf) refers to fputc.o(i.fputc) for fputc
    printfa.o(i.__0vprintf) refers (Special) to iusefp.o(.text) for __I$use$fp
    printfa.o(i.__0vprintf) refers to printfa.o(i._printf_core) for _printf_core
    printfa.o(i.__0vprintf) refers to fputc.o(i.fputc) for fputc
    printfa.o(i.__0vprintf) refers to stdout.o(.data) for __stdout
    printfa.o(i.__0vsnprintf) refers (Special) to iusefp.o(.text) for __I$use$fp
    printfa.o(i.__0vsnprintf) refers to printfa.o(i._printf_core) for _printf_core
[...]
    __arm_cp.65_5                            0x08000c60   Number         4  lto-llvm-8280f3.o(.text.HAL_GPIO_Init)
    __arm_cp.65_6                            0x08000c64   Number         4  lto-llvm-8280f3.o(.text.HAL_GPIO_Init)
    __arm_cp.65_7                            0x08000c68   Number         4  lto-llvm-8280f3.o(.text.HAL_GPIO_Init)
    __arm_cp.65_8                            0x08000c6c   Number         4  lto-llvm-8280f3.o(.text.HAL_GPIO_Init)
    HAL_GPIO_ReadPin                         0x08000c71   Thumb Code    48  lto-llvm-8280f3.o(.text.HAL_GPIO_ReadPin)
    [Anonymous Symbol]                       0x08000c70   Section        0  lto-llvm-8280f3.o(.text.HAL_GPIO_ReadPin)
    HAL_GPIO_WritePin                        0x08000ca1   Thumb Code    48  lto-llvm-8280f3.o(.text.HAL_GPIO_WritePin)
    [Anonymous Symbol]                       0x08000ca0   Section        0  lto-llvm-8280f3.o(.text.HAL_GPIO_WritePin)
    __arm_cp.67_0                            0x08000cd0   Number         4  lto-llvm-8280f3.o(.text.HAL_GPIO_WritePin)
    HAL_GetTick                              0x08000cd5   Thumb Code     8  lto-llvm-8280f3.o(.text.HAL_GetTick)
    [Anonymous Symbol]                       0x08000cd4   Section        0  lto-llvm-8280f3.o(.text.HAL_GetTick)
    __arm_cp.54_0                            0x08000cdc   Number         4  lto-llvm-8280f3.o(.text.HAL_GetTick)
    HAL_I2C_AbortCpltCallback                0x08000ce1   Thumb Code     8  lto-llvm-8280f3.o(.text.HAL_I2C_AbortCpltCallback)
    [Anonymous Symbol]                       0x08000ce0   Section        0  lto-llvm-8280f3.o(.text.HAL_I2C_AbortCpltCallback)
    HAL_I2C_AddrCallback                     0x08000ce9   Thumb Code    16  lto-llvm-8280f3.o(.text.HAL_I2C_AddrCallback)
    [Anonymous Symbol]                       0x08000ce8   Section        0  lto-llvm-8280f3.o(.text.HAL_I2C_AddrCallback)
    HAL_I2C_ER_IRQHandler                    0x08000cf9   Thumb Code   200  lto-llvm-8280f3.o(.text.HAL_I2C_ER_IRQHandler)
    [Anonymous Symbol]                       0x08000cf8   Section        0  lto-llvm-8280f3.o(.text.HAL_I2C_ER_IRQHandler)
    HAL_I2C_EV_IRQHandler                    0x08000dc1   Thumb Code    52  lto-llvm-8280f3.o(.text.HAL_I2C_EV_IRQHandler)
    [Anonymous Symbol]                       0x08000dc0   Section        0  lto-llvm-8280f3.o(.text.HAL_I2C_EV_IRQHandler)
    HAL_I2C_ErrorCallback                    0x08000df5   Thumb Code     8  lto-llvm-8280f3.o(.text.HAL_I2C_ErrorCallback)
    [Anonymous Symbol]                       0x08000df4   Section        0  lto-llvm-8280f3.o(.text.HAL_I2C_ErrorCallback)
    HAL_I2C_Init                             0x08000dfd   Thumb Code   268  lto-llvm-8280f3.o(.text.HAL_I2C_Init)
    [Anonymous Symbol]                       0x08000dfc   Section        0  lto-llvm-8280f3.o(.text.HAL_I2C_Init)
    __arm_cp.68_1                            0x08000f08   Number         4  lto-llvm-8280f3.o(.text.HAL_I2C_Init)
    HAL_I2C_ListenCpltCallback               0x08000f0d   Thumb Code     8  lto-llvm-8280f3.o(.text.HAL_I2C_ListenCpltCallback)
    [Anonymous Symbol]                       0x08000f0c   Section        0  lto-llvm-8280f3.o(.text.HAL_I2C_ListenCpltCallback)
    HAL_I2C_MasterRxCpltCallback             0x08000f15   Thumb Code     8  lto-llvm-8280f3.o(.text.HAL_I2C_MasterRxCpltCallback)
    [Anonymous Symbol]                       0x08000f14   Section        0  lto-llvm-8280f3.o(.text.HAL_I2C_MasterRxCpltCallback)
    HAL_I2C_MasterTxCpltCallback             0x08000f1d   Thumb Code     8  lto-llvm-8280f3.o(.text.HAL_I2C_MasterTxCpltCallback)
    [Anonymous Symbol]                       0x08000f1c   Section        0  lto-llvm-8280f3.o(.text.HAL_I2C_MasterTxCpltCallback)
    HAL_I2C_Master_Seq_Receive_IT            0x08000f25   Thumb Code   296  lto-llvm-8280f3.o(.text.HAL_I2C_Master_Seq_Receive_IT)
    [Anonymous Symbol]                       0x08000f24   Section        0  lto-llvm-8280f3.o(.text.HAL_I2C_Master_Seq_Receive_IT)
    __arm_cp.100_0                           0x0800104c   Number         4  lto-llvm-8280f3.o(.text.HAL_I2C_Master_Seq_Receive_IT)
    __arm_cp.100_1                           0x08001050   Number         4  lto-llvm-8280f3.o(.text.HAL_I2C_Master_Seq_Receive_IT)
    HAL_I2C_Master_Seq_Transmit_IT           0x08001055   Thumb Code   296  lto-llvm-8280f3.o(.text.HAL_I2C_Master_Seq_Transmit_IT)
    [Anonymous Symbol]                       0x08001054   Section        0  lto-llvm-8280f3.o(.text.HAL_I2C_Master_Seq_Transmit_IT)
    __arm_cp.98_0                            0x0800117c   Number         4  lto-llvm-8280f3.o(.text.HAL_I2C_Master_Seq_Transmit_IT)
    __arm_cp.98_3                            0x08001180   Number         4  lto-llvm-8280f3.o(.text.HAL_I2C_Master_Seq_Transmit_IT)
    HAL_I2C_Master_Transmit_IT               0x08001185   Thumb Code   240  lto-llvm-8280f3.o(.text.HAL_I2C_Master_Transmit_IT)
    [Anonymous Symbol]                       0x08001184   Section        0  lto-llvm-8280f3.o(.text.HAL_I2C_Master_Transmit_IT)
    __arm_cp.71_0                            0x08001274   Number         4  lto-llvm-8280f3.o(.text.HAL_I2C_Master_Transmit_IT)
    __arm_cp.71_1                            0x08001278   Number         4  lto-llvm-8280f3.o(.text.HAL_I2C_Master_Transmit_IT)
    __arm_cp.71_2                            0x0800127c   Number         4  lto-llvm-8280f3.o(.text.HAL_I2C_Master_Transmit_IT)
    __arm_cp.71_3                            0x08001280   Number         4  lto-llvm-8280f3.o(.text.HAL_I2C_Master_Transmit_IT)
    HAL_I2C_MemRxCpltCallback                0x08001285   Thumb Code     8  lto-llvm-8280f3.o(.text.HAL_I2C_MemRxCpltCallback)
    [Anonymous Symbol]                       0x08001284   Section        0  lto-llvm-8280f3.o(.text.HAL_I2C_MemRxCpltCallback)
    HAL_I2C_MemTxCpltCallback                0x0800128d   Thumb Code     8  lto-llvm-8280f3.o(.text.HAL_I2C_MemTxCpltCallback)
    [Anonymous Symbol]                       0x0800128c   Section        0  lto-llvm-8280f3.o(.text.HAL_I2C_MemTxCpltCallback)
    HAL_I2C_MspInit                          0x08001295   Thumb Code   116  lto-llvm-8280f3.o(.text.HAL_I2C_MspInit)
    [Anonymous Symbol]                       0x08001294   Section        0  lto-llvm-8280f3.o(.text.HAL_I2C_MspInit)
    __arm_cp.32_0                            0x08001308   Number         4  lto-llvm-8280f3.o(.text.HAL_I2C_MspInit)
    __arm_cp.32_1                            0x0800130c   Number         4  lto-llvm-8280f3.o(.text.HAL_I2C_MspInit)
    HAL_I2C_SlaveRxCpltCallback              0x08001311   Thumb Code     8  lto-llvm-8280f3.o(.text.HAL_I2C_SlaveRxCpltCallback)
    [Anonymous Symbol]                       0x08001310   Section        0  lto-llvm-8280f3.o(.text.HAL_I2C_SlaveRxCpltCallback)
    HAL_I2C_SlaveTxCpltCallback              0x08001319   Thumb Code     8  lto-llvm-8280f3.o(.text.HAL_I2C_SlaveTxCpltCallback)
    [Anonymous Symbol]                       0x08001318   Section        0  lto-llvm-8280f3.o(.text.HAL_I2C_SlaveTxCpltCallback)
    HAL_IncTick                              0x08001321   Thumb Code    12  lto-llvm-8280f3.o(.text.HAL_IncTick)
    [Anonymous Symbol]                       0x08001320   Section        0  lto-llvm-8280f3.o(.text.HAL_IncTick)
    __arm_cp.53_0                            0x0800132c   Number         4  lto-llvm-8280f3.o(.text.HAL_IncTick)
    HAL_Init                                 0x08001331   Thumb Code    52  lto-llvm-8280f3.o(.text.HAL_Init)
    [Anonymous Symbol]                       0x08001330   Section        0  lto-llvm-8280f3.o(.text.HAL_Init)
    __arm_cp.51_0                            0x08001364   Number         4  lto-llvm-8280f3.o(.text.HAL_Init)
    HAL_InitTick                             0x08001369   Thumb Code    88  lto-llvm-8280f3.o(.text.HAL_InitTick)
    [Anonymous Symbol]                       0x08001368   Section        0  lto-llvm-8280f3.o(.text.HAL_InitTick)
    __arm_cp.52_0                            0x080013c0   Number         4  lto-llvm-8280f3.o(.text.HAL_InitTick)
    __arm_cp.52_1                            0x080013c4   Number         4  lto-llvm-8280f3.o(.text.HAL_InitTick)
    HAL_MspInit                              0x080013c9   Thumb Code    24  lto-llvm-8280f3.o(.text.HAL_MspInit)
    [Anonymous Symbol]                       0x080013c8   Section        0  lto-llvm-8280f3.o(.text.HAL_MspInit)
    __arm_cp.29_0                            0x080013e0   Number         4  lto-llvm-8280f3.o(.text.HAL_MspInit)
    HAL_NVIC_EnableIRQ                       0x080013e5   Thumb Code    20  lto-llvm-8280f3.o(.text.HAL_NVIC_EnableIRQ)
    [Anonymous Symbol]                       0x080013e4   Section        0  lto-llvm-8280f3.o(.text.HAL_NVIC_EnableIRQ)
    HAL_NVIC_SetPriority                     0x080013f9   Thumb Code    26  lto-llvm-8280f3.o(.text.HAL_NVIC_SetPriority)
    [Anonymous Symbol]                       0x080013f8   Section        0  lto-llvm-8280f3.o(.text.HAL_NVIC_SetPriority)
    HAL_PWR_EnableBkUpAccess                 0x08001415   Thumb Code    16  lto-llvm-8280f3.o(.text.HAL_PWR_EnableBkUpAccess)
    [Anonymous Symbol]                       0x08001414   Section        0  lto-llvm-8280f3.o(.text.HAL_PWR_EnableBkUpAccess)
    HAL_RCCEx_PeriphCLKConfig                0x08001425   Thumb Code   600  lto-llvm-8280f3.o(.text.HAL_RCCEx_PeriphCLKConfig)
    [Anonymous Symbol]                       0x08001424   Section        0  lto-llvm-8280f3.o(.text.HAL_RCCEx_PeriphCLKConfig)
    __arm_cp.110_0                           0x0800167c   Number         4  lto-llvm-8280f3.o(.text.HAL_RCCEx_PeriphCLKConfig)
    __arm_cp.110_1                           0x08001680   Number         4  lto-llvm-8280f3.o(.text.HAL_RCCEx_PeriphCLKConfig)
    __arm_cp.110_2                           0x08001684   Number         4  lto-llvm-8280f3.o(.text.HAL_RCCEx_PeriphCLKConfig)
    __arm_cp.110_3                           0x08001688   Number         4  lto-llvm-8280f3.o(.text.HAL_RCCEx_PeriphCLKConfig)
    __arm_cp.110_4                           0x0800168c   Number         4  lto-llvm-8280f3.o(.text.HAL_RCCEx_PeriphCLKConfig)
    __arm_cp.110_5                           0x08001690   Number         4  lto-llvm-8280f3.o(.text.HAL_RCCEx_PeriphCLKConfig)
    HAL_RCC_ClockConfig                      0x08001695   Thumb Code   744  lto-llvm-8280f3.o(.text.HAL_RCC_ClockConfig)
    [Anonymous Symbol]                       0x08001694   Section        0  lto-llvm-8280f3.o(.text.HAL_RCC_ClockConfig)
    __arm_cp.106_0                           0x0800197c   Number         4  lto-llvm-8280f3.o(.text.HAL_RCC_ClockConfig)
    __arm_cp.106_2                           0x08001980   Number         4  lto-llvm-8280f3.o(.text.HAL_RCC_ClockConfig)
    __arm_cp.106_3                           0x08001984   Number         4  lto-llvm-8280f3.o(.text.HAL_RCC_ClockConfig)
    __arm_cp.106_4                           0x08001988   Number         4  lto-llvm-8280f3.o(.text.HAL_RCC_ClockConfig)
    __arm_cp.106_6                           0x0800198c   Number         4  lto-llvm-8280f3.o(.text.HAL_RCC_ClockConfig)
    HAL_RCC_GetHCLKFreq                      0x08001991   Thumb Code     8  lto-llvm-8280f3.o(.text.HAL_RCC_GetHCLKFreq)
    [Anonymous Symbol]                       0x08001990   Section        0  lto-llvm-8280f3.o(.text.HAL_RCC_GetHCLKFreq)
    __arm_cp.107_0                           0x08001998   Number         4  lto-llvm-8280f3.o(.text.HAL_RCC_GetHCLKFreq)
    HAL_RCC_GetPCLK1Freq                     0x0800199d   Thumb Code    28  lto-llvm-8280f3.o(.text.HAL_RCC_GetPCLK1Freq)
    [Anonymous Symbol]                       0x0800199c   Section        0  lto-llvm-8280f3.o(.text.HAL_RCC_GetPCLK1Freq)
    HAL_RCC_GetPCLK2Freq                     0x080019b9   Thumb Code    28  lto-llvm-8280f3.o(.text.HAL_RCC_GetPCLK2Freq)
    [Anonymous Symbol]                       0x080019b8   Section        0  lto-llvm-8280f3.o(.text.HAL_RCC_GetPCLK2Freq)
    __arm_cp.109_1                           0x080019d4   Number         4  lto-llvm-8280f3.o(.text.HAL_RCC_GetPCLK2Freq)
    HAL_RCC_GetSysClockFreq                  0x080019d9   Thumb Code   248  lto-llvm-8280f3.o(.text.HAL_RCC_GetSysClockFreq)
    [Anonymous Symbol]                       0x080019d8   Section        0  lto-llvm-8280f3.o(.text.HAL_RCC_GetSysClockFreq)
    __arm_cp.105_0                           0x08001ad0   Number         4  lto-llvm-8280f3.o(.text.HAL_RCC_GetSysClockFreq)
    __arm_cp.105_1                           0x08001ad4   Number         4  lto-llvm-8280f3.o(.text.HAL_RCC_GetSysClockFreq)
    __arm_cp.105_2                           0x08001ad8   Number         4  lto-llvm-8280f3.o(.text.HAL_RCC_GetSysClockFreq)
    __arm_cp.105_3                           0x08001adc   Number         4  lto-llvm-8280f3.o(.text.HAL_RCC_GetSysClockFreq)
    __arm_cp.105_4                           0x08001ae0   Number         4  lto-llvm-8280f3.o(.text.HAL_RCC_GetSysClockFreq)
    __arm_cp.105_5                           0x08001ae4   Number         4  lto-llvm-8280f3.o(.text.HAL_RCC_GetSysClockFreq)
    __arm_cp.105_6                           0x08001ae8   Number         4  lto-llvm-8280f3.o(.text.HAL_RCC_GetSysClockFreq)
    HAL_RCC_OscConfig                        0x08001aed   Thumb Code  1932  lto-llvm-8280f3.o(.text.HAL_RCC_OscConfig)
    [Anonymous Symbol]                       0x08001aec   Section        0  lto-llvm-8280f3.o(.text.HAL_RCC_OscConfig)
    __arm_cp.104_12                          0x08001efc   Number         4  lto-llvm-8280f3.o(.text.HAL_RCC_OscConfig)
    __arm_cp.104_13                          0x08001f00   Number         4  lto-llvm-8280f3.o(.text.HAL_RCC_OscConfig)
    __arm_cp.104_14                          0x08001f04   Number         4  lto-llvm-8280f3.o(.text.HAL_RCC_OscConfig)
    __arm_cp.104_15                          0x08001f08   Number         4  lto-llvm-8280f3.o(.text.HAL_RCC_OscConfig)
    __arm_cp.104_0                           0x08002278   Number         4  lto-llvm-8280f3.o(.text.HAL_RCC_OscConfig)
    __arm_cp.104_1                           0x0800227c   Number         4  lto-llvm-8280f3.o(.text.HAL_RCC_OscConfig)
    __arm_cp.104_6                           0x08002280   Number         4  lto-llvm-8280f3.o(.text.HAL_RCC_OscConfig)
    __arm_cp.104_7                           0x08002284   Number         4  lto-llvm-8280f3.o(.text.HAL_RCC_OscConfig)
    __arm_cp.104_8                           0x08002288   Number         4  lto-llvm-8280f3.o(.text.HAL_RCC_OscConfig)
    __arm_cp.104_9                           0x0800228c   Number         4  lto-llvm-8280f3.o(.text.HAL_RCC_OscConfig)
    HAL_SYSTICK_Config                       0x08002291   Thumb Code    16  lto-llvm-8280f3.o(.text.HAL_SYSTICK_Config)
    [Anonymous Symbol]                       0x08002290   Section        0  lto-llvm-8280f3.o(.text.HAL_SYSTICK_Config)
    HAL_TIM_PWM_ConfigChannel                0x080022a1   Thumb Code   328  lto-llvm-8280f3.o(.text.HAL_TIM_PWM_ConfigChannel)
    [Anonymous Symbol]                       0x080022a0   Section        0  lto-llvm-8280f3.o(.text.HAL_TIM_PWM_ConfigChannel)
    HAL_TIM_PWM_Init                         0x080023e9   Thumb Code   128  lto-llvm-8280f3.o(.text.HAL_TIM_PWM_Init)
    [Anonymous Symbol]                       0x080023e8   Section        0  lto-llvm-8280f3.o(.text.HAL_TIM_PWM_Init)
    HAL_TIM_PWM_MspInit                      0x08002469   Thumb Code    96  lto-llvm-8280f3.o(.text.HAL_TIM_PWM_MspInit)
    [Anonymous Symbol]                       0x08002468   Section        0  lto-llvm-8280f3.o(.text.HAL_TIM_PWM_MspInit)
    __arm_cp.31_0                            0x080024c8   Number         4  lto-llvm-8280f3.o(.text.HAL_TIM_PWM_MspInit)
    __arm_cp.31_1                            0x080024cc   Number         4  lto-llvm-8280f3.o(.text.HAL_TIM_PWM_MspInit)
    __arm_cp.31_2                            0x080024d0   Number         4  lto-llvm-8280f3.o(.text.HAL_TIM_PWM_MspInit)
    HAL_TIM_PWM_Start                        0x080024d5   Thumb Code   268  lto-llvm-8280f3.o(.text.HAL_TIM_PWM_Start)
    [Anonymous Symbol]                       0x080024d4   Section        0  lto-llvm-8280f3.o(.text.HAL_TIM_PWM_Start)
    __arm_cp.114_1                           0x080025e0   Number         4  lto-llvm-8280f3.o(.text.HAL_TIM_PWM_Start)
    __arm_cp.114_2                           0x080025e4   Number         4  lto-llvm-8280f3.o(.text.HAL_TIM_PWM_Start)
    HAL_TIM_PWM_Stop                         0x080025e9   Thumb Code   128  lto-llvm-8280f3.o(.text.HAL_TIM_PWM_Stop)
    [Anonymous Symbol]                       0x080025e8   Section        0  lto-llvm-8280f3.o(.text.HAL_TIM_PWM_Stop)
    __arm_cp.115_0                           0x08002668   Number         4  lto-llvm-8280f3.o(.text.HAL_TIM_PWM_Stop)
    __arm_cp.115_1                           0x0800266c   Number         4  lto-llvm-8280f3.o(.text.HAL_TIM_PWM_Stop)
    HAL_UARTEx_ReceiveToIdle_IT              0x08002671   Thumb Code   232  lto-llvm-8280f3.o(.text.HAL_UARTEx_ReceiveToIdle_IT)
    [Anonymous Symbol]                       0x08002670   Section        0  lto-llvm-8280f3.o(.text.HAL_UARTEx_ReceiveToIdle_IT)
    __arm_cp.138_0                           0x08002758   Number         4  lto-llvm-8280f3.o(.text.HAL_UARTEx_ReceiveToIdle_IT)
    HAL_UARTEx_RxEventCallback               0x0800275d   Thumb Code    52  lto-llvm-8280f3.o(.text.HAL_UARTEx_RxEventCallback)
    [Anonymous Symbol]                       0x0800275c   Section        0  lto-llvm-8280f3.o(.text.HAL_UARTEx_RxEventCallback)
    __arm_cp.5_0                             0x08002790   Number         4  lto-llvm-8280f3.o(.text.HAL_UARTEx_RxEventCallback)
    __arm_cp.5_1                             0x08002794   Number         4  lto-llvm-8280f3.o(.text.HAL_UARTEx_RxEventCallback)
    __arm_cp.5_2                             0x08002798   Number         4  lto-llvm-8280f3.o(.text.HAL_UARTEx_RxEventCallback)
    HAL_UARTEx_WakeupCallback                0x0800279d   Thumb Code     8  lto-llvm-8280f3.o(.text.HAL_UARTEx_WakeupCallback)
    [Anonymous Symbol]                       0x0800279c   Section        0  lto-llvm-8280f3.o(.text.HAL_UARTEx_WakeupCallback)
    HAL_UART_ErrorCallback                   0x080027a5   Thumb Code     8  lto-llvm-8280f3.o(.text.HAL_UART_ErrorCallback)
    [Anonymous Symbol]                       0x080027a4   Section        0  lto-llvm-8280f3.o(.text.HAL_UART_ErrorCallback)
    HAL_UART_IRQHandler                      0x080027ad   Thumb Code  1304  lto-llvm-8280f3.o(.text.HAL_UART_IRQHandler)
    [Anonymous Symbol]                       0x080027ac   Section        0  lto-llvm-8280f3.o(.text.HAL_UART_IRQHandler)
    __arm_cp.134_4                           0x08002b8c   Number         4  lto-llvm-8280f3.o(.text.HAL_UART_IRQHandler)
    __arm_cp.134_5                           0x08002b90   Number         4  lto-llvm-8280f3.o(.text.HAL_UART_IRQHandler)
    __arm_cp.134_6                           0x08002b94   Number         4  lto-llvm-8280f3.o(.text.HAL_UART_IRQHandler)
    __arm_cp.134_3                           0x08002cc4   Number         4  lto-llvm-8280f3.o(.text.HAL_UART_IRQHandler)
    HAL_UART_Init                            0x08002cc9   Thumb Code   180  lto-llvm-8280f3.o(.text.HAL_UART_Init)
    [Anonymous Symbol]                       0x08002cc8   Section        0  lto-llvm-8280f3.o(.text.HAL_UART_Init)
    HAL_UART_MspInit                         0x08002d7d   Thumb Code   116  lto-llvm-8280f3.o(.text.HAL_UART_MspInit)
    [Anonymous Symbol]                       0x08002d7c   Section        0  lto-llvm-8280f3.o(.text.HAL_UART_MspInit)
    __arm_cp.30_0                            0x08002df0   Number         4  lto-llvm-8280f3.o(.text.HAL_UART_MspInit)
    __arm_cp.30_1                            0x08002df4   Number         4  lto-llvm-8280f3.o(.text.HAL_UART_MspInit)
    __arm_cp.30_2                            0x08002df8   Number         4  lto-llvm-8280f3.o(.text.HAL_UART_MspInit)
    HAL_UART_RxCpltCallback                  0x08002dfd   Thumb Code     8  lto-llvm-8280f3.o(.text.HAL_UART_RxCpltCallback)
    [Anonymous Symbol]                       0x08002dfc   Section        0  lto-llvm-8280f3.o(.text.HAL_UART_RxCpltCallback)
    HAL_UART_Transmit                        0x08002e05   Thumb Code   344  lto-llvm-8280f3.o(.text.HAL_UART_Transmit)
    [Anonymous Symbol]                       0x08002e04   Section        0  lto-llvm-8280f3.o(.text.HAL_UART_Transmit)
    __arm_cp.127_0                           0x08002f5c   Number         4  lto-llvm-8280f3.o(.text.HAL_UART_Transmit)
    __arm_cp.127_1                           0x08002f60   Number         4  lto-llvm-8280f3.o(.text.HAL_UART_Transmit)
    HAL_UART_TxCpltCallback                  0x08002f65   Thumb Code     8  lto-llvm-8280f3.o(.text.HAL_UART_TxCpltCallback)
    [Anonymous Symbol]                       0x08002f64   Section        0  lto-llvm-8280f3.o(.text.HAL_UART_TxCpltCallback)
    [Anonymous Symbol]                       0x08002f6c   Section        0  lto-llvm-8280f3.o(.text.HardFault_Handler)
    [Anonymous Symbol]                       0x08002f70   Section        0  lto-llvm-8280f3.o(.text.I2C1_IRQHandler)
    __arm_cp.28_0                            0x08002f90   Number         4  lto-llvm-8280f3.o(.text.I2C1_IRQHandler)
    I2C_ConvertOtherXferOptions              0x08002f95   Thumb Code    54  lto-llvm-8280f3.o(.text.I2C_ConvertOtherXferOptions)
    [Anonymous Symbol]                       0x08002f94   Section        0  lto-llvm-8280f3.o(.text.I2C_ConvertOtherXferOptions)
    I2C_DMAAbort                             0x08002fcb   Thumb Code    62  lto-llvm-8280f3.o(.text.I2C_DMAAbort)
    [Anonymous Symbol]                       0x08002fca   Section        0  lto-llvm-8280f3.o(.text.I2C_DMAAbort)
    I2C_Disable_IRQ                          0x08003009   Thumb Code   204  lto-llvm-8280f3.o(.text.I2C_Disable_IRQ)
    [Anonymous Symbol]                       0x08003008   Section        0  lto-llvm-8280f3.o(.text.I2C_Disable_IRQ)
    I2C_Enable_IRQ                           0x080030d5   Thumb Code   312  lto-llvm-8280f3.o(.text.I2C_Enable_IRQ)
    [Anonymous Symbol]                       0x080030d4   Section        0  lto-llvm-8280f3.o(.text.I2C_Enable_IRQ)
    __arm_cp.73_0                            0x0800320c   Number         4  lto-llvm-8280f3.o(.text.I2C_Enable_IRQ)
    __arm_cp.73_1                            0x08003210   Number         4  lto-llvm-8280f3.o(.text.I2C_Enable_IRQ)
    __arm_cp.73_2                            0x08003214   Number         4  lto-llvm-8280f3.o(.text.I2C_Enable_IRQ)
    I2C_Flush_TXDR                           0x08003219   Thumb Code    64  lto-llvm-8280f3.o(.text.I2C_Flush_TXDR)
    [Anonymous Symbol]                       0x08003218   Section        0  lto-llvm-8280f3.o(.text.I2C_Flush_TXDR)
    I2C_ITAddrCplt                           0x08003259   Thumb Code   300  lto-llvm-8280f3.o(.text.I2C_ITAddrCplt)
    [Anonymous Symbol]                       0x08003258   Section        0  lto-llvm-8280f3.o(.text.I2C_ITAddrCplt)
    __arm_cp.92_0                            0x08003384   Number         4  lto-llvm-8280f3.o(.text.I2C_ITAddrCplt)
    I2C_ITError                              0x08003389   Thumb Code   480  lto-llvm-8280f3.o(.text.I2C_ITError)
    [Anonymous Symbol]                       0x08003388   Section        0  lto-llvm-8280f3.o(.text.I2C_ITError)
    __arm_cp.77_2                            0x08003568   Number         4  lto-llvm-8280f3.o(.text.I2C_ITError)
    __arm_cp.77_3                            0x0800356c   Number         4  lto-llvm-8280f3.o(.text.I2C_ITError)
    I2C_ITListenCplt                         0x08003571   Thumb Code   152  lto-llvm-8280f3.o(.text.I2C_ITListenCplt)
    [Anonymous Symbol]                       0x08003570   Section        0  lto-llvm-8280f3.o(.text.I2C_ITListenCplt)
    __arm_cp.90_0                            0x08003608   Number         4  lto-llvm-8280f3.o(.text.I2C_ITListenCplt)
    __arm_cp.90_1                            0x0800360c   Number         4  lto-llvm-8280f3.o(.text.I2C_ITListenCplt)
    I2C_ITMasterCplt                         0x08003611   Thumb Code   428  lto-llvm-8280f3.o(.text.I2C_ITMasterCplt)
    [Anonymous Symbol]                       0x08003610   Section        0  lto-llvm-8280f3.o(.text.I2C_ITMasterCplt)
    __arm_cp.78_0                            0x080037bc   Number         4  lto-llvm-8280f3.o(.text.I2C_ITMasterCplt)
    __arm_cp.78_1                            0x080037c0   Number         4  lto-llvm-8280f3.o(.text.I2C_ITMasterCplt)
    I2C_ITMasterSeqCplt                      0x080037c5   Thumb Code   126  lto-llvm-8280f3.o(.text.I2C_ITMasterSeqCplt)
    [Anonymous Symbol]                       0x080037c4   Section        0  lto-llvm-8280f3.o(.text.I2C_ITMasterSeqCplt)
    I2C_ITSlaveCplt                          0x08003845   Thumb Code   552  lto-llvm-8280f3.o(.text.I2C_ITSlaveCplt)
    [Anonymous Symbol]                       0x08003844   Section        0  lto-llvm-8280f3.o(.text.I2C_ITSlaveCplt)
    __arm_cp.89_0                            0x08003a6c   Number         4  lto-llvm-8280f3.o(.text.I2C_ITSlaveCplt)
    __arm_cp.89_1                            0x08003a70   Number         4  lto-llvm-8280f3.o(.text.I2C_ITSlaveCplt)
    __arm_cp.89_2                            0x08003a74   Number         4  lto-llvm-8280f3.o(.text.I2C_ITSlaveCplt)
    I2C_ITSlaveSeqCplt                       0x08003a79   Thumb Code   202  lto-llvm-8280f3.o(.text.I2C_ITSlaveSeqCplt)
    [Anonymous Symbol]                       0x08003a78   Section        0  lto-llvm-8280f3.o(.text.I2C_ITSlaveSeqCplt)
    I2C_Master_ISR_DMA                       0x08003b45   Thumb Code   544  lto-llvm-8280f3.o(.text.I2C_Master_ISR_DMA)
    [Anonymous Symbol]                       0x08003b44   Section        0  lto-llvm-8280f3.o(.text.I2C_Master_ISR_DMA)
    __arm_cp.74_0                            0x08003d64   Number         4  lto-llvm-8280f3.o(.text.I2C_Master_ISR_DMA)
    __arm_cp.74_1                            0x08003d68   Number         4  lto-llvm-8280f3.o(.text.I2C_Master_ISR_DMA)
    I2C_Master_ISR_IT                        0x08003d6d   Thumb Code   660  lto-llvm-8280f3.o(.text.I2C_Master_ISR_IT)
    [Anonymous Symbol]                       0x08003d6c   Section        0  lto-llvm-8280f3.o(.text.I2C_Master_ISR_IT)
    __arm_cp.72_0                            0x08004000   Number         4  lto-llvm-8280f3.o(.text.I2C_Master_ISR_IT)
    __arm_cp.72_1                            0x08004004   Number         4  lto-llvm-8280f3.o(.text.I2C_Master_ISR_IT)
    I2C_Mem_ISR_DMA                          0x08004009   Thumb Code   624  lto-llvm-8280f3.o(.text.I2C_Mem_ISR_DMA)
    [Anonymous Symbol]                       0x08004008   Section        0  lto-llvm-8280f3.o(.text.I2C_Mem_ISR_DMA)
    __arm_cp.76_0                            0x08004278   Number         4  lto-llvm-8280f3.o(.text.I2C_Mem_ISR_DMA)
    __arm_cp.76_1                            0x0800427c   Number         4  lto-llvm-8280f3.o(.text.I2C_Mem_ISR_DMA)
    I2C_ReciData                             0x08004281   Thumb Code    36  lto-llvm-8280f3.o(.text.I2C_ReciData)
    [Anonymous Symbol]                       0x08004280   Section        0  lto-llvm-8280f3.o(.text.I2C_ReciData)
    __arm_cp.34_0                            0x080042a4   Number         4  lto-llvm-8280f3.o(.text.I2C_ReciData)
    I2C_SendData                             0x080042a9   Thumb Code    32  lto-llvm-8280f3.o(.text.I2C_SendData)
    [Anonymous Symbol]                       0x080042a8   Section        0  lto-llvm-8280f3.o(.text.I2C_SendData)
    I2C_Slave_ISR_DMA                        0x080042c9   Thumb Code   560  lto-llvm-8280f3.o(.text.I2C_Slave_ISR_DMA)
    [Anonymous Symbol]                       0x080042c8   Section        0  lto-llvm-8280f3.o(.text.I2C_Slave_ISR_DMA)
    I2C_Slave_ISR_IT                         0x080044f9   Thumb Code   580  lto-llvm-8280f3.o(.text.I2C_Slave_ISR_IT)
    [Anonymous Symbol]                       0x080044f8   Section        0  lto-llvm-8280f3.o(.text.I2C_Slave_ISR_IT)
    __arm_cp.84_0                            0x0800473c   Number         4  lto-llvm-8280f3.o(.text.I2C_Slave_ISR_IT)
    I2C_TransferConfig                       0x08004741   Thumb Code    76  lto-llvm-8280f3.o(.text.I2C_TransferConfig)
    [Anonymous Symbol]                       0x08004740   Section        0  lto-llvm-8280f3.o(.text.I2C_TransferConfig)
    __arm_cp.69_0                            0x0800478c   Number         4  lto-llvm-8280f3.o(.text.I2C_TransferConfig)
    __arm_cp.69_1                            0x08004790   Number         4  lto-llvm-8280f3.o(.text.I2C_TransferConfig)
    I2C_TreatErrorCallback                   0x08004795   Thumb Code    82  lto-llvm-8280f3.o(.text.I2C_TreatErrorCallback)
    [Anonymous Symbol]                       0x08004794   Section        0  lto-llvm-8280f3.o(.text.I2C_TreatErrorCallback)
    [Anonymous Symbol]                       0x080047e6   Section        0  lto-llvm-8280f3.o(.text.LPUART1_IRQHandler)
    [Anonymous Symbol]                       0x080047ee   Section        0  lto-llvm-8280f3.o(.text.NMI_Handler)
    [Anonymous Symbol]                       0x080047f2   Section        0  lto-llvm-8280f3.o(.text.PendSV_Handler)
    ReciCb                                   0x080047f5   Thumb Code    26  lto-llvm-8280f3.o(.text.ReciCb)
    [Anonymous Symbol]                       0x080047f4   Section        0  lto-llvm-8280f3.o(.text.ReciCb)
    [Anonymous Symbol]                       0x0800480e   Section        0  lto-llvm-8280f3.o(.text.SVC_Handler)
    SysTick_Config                           0x08004811   Thumb Code    64  lto-llvm-8280f3.o(.text.SysTick_Config)
    [Anonymous Symbol]                       0x08004810   Section        0  lto-llvm-8280f3.o(.text.SysTick_Config)
    __arm_cp.61_0                            0x08004850   Number         4  lto-llvm-8280f3.o(.text.SysTick_Config)
    __arm_cp.61_1                            0x08004854   Number         4  lto-llvm-8280f3.o(.text.SysTick_Config)
    __arm_cp.61_2                            0x08004858   Number         4  lto-llvm-8280f3.o(.text.SysTick_Config)
    [Anonymous Symbol]                       0x0800485c   Section        0  lto-llvm-8280f3.o(.text.SysTick_Handler)
    TIM_Base_SetConfig                       0x08004865   Thumb Code   164  lto-llvm-8280f3.o(.text.TIM_Base_SetConfig)
    [Anonymous Symbol]                       0x08004864   Section        0  lto-llvm-8280f3.o(.text.TIM_Base_SetConfig)
    __arm_cp.111_0                           0x08004908   Number         4  lto-llvm-8280f3.o(.text.TIM_Base_SetConfig)
    __arm_cp.111_1                           0x0800490c   Number         4  lto-llvm-8280f3.o(.text.TIM_Base_SetConfig)
    TIM_CCxChannelCmd                        0x08004911   Thumb Code    50  lto-llvm-8280f3.o(.text.TIM_CCxChannelCmd)
    [Anonymous Symbol]                       0x08004910   Section        0  lto-llvm-8280f3.o(.text.TIM_CCxChannelCmd)
    TIM_OC1_SetConfig                        0x08004943   Thumb Code   108  lto-llvm-8280f3.o(.text.TIM_OC1_SetConfig)
    [Anonymous Symbol]                       0x08004942   Section        0  lto-llvm-8280f3.o(.text.TIM_OC1_SetConfig)
    TIM_OC2_SetConfig                        0x080049af   Thumb Code   116  lto-llvm-8280f3.o(.text.TIM_OC2_SetConfig)
    [Anonymous Symbol]                       0x080049ae   Section        0  lto-llvm-8280f3.o(.text.TIM_OC2_SetConfig)
    TIM_OC3_SetConfig                        0x08004a23   Thumb Code   112  lto-llvm-8280f3.o(.text.TIM_OC3_SetConfig)
    [Anonymous Symbol]                       0x08004a22   Section        0  lto-llvm-8280f3.o(.text.TIM_OC3_SetConfig)
    TIM_OC4_SetConfig                        0x08004a93   Thumb Code   118  lto-llvm-8280f3.o(.text.TIM_OC4_SetConfig)
    [Anonymous Symbol]                       0x08004a92   Section        0  lto-llvm-8280f3.o(.text.TIM_OC4_SetConfig)
    UART_AdvFeatureConfig                    0x08004b09   Thumb Code   346  lto-llvm-8280f3.o(.text.UART_AdvFeatureConfig)
    [Anonymous Symbol]                       0x08004b08   Section        0  lto-llvm-8280f3.o(.text.UART_AdvFeatureConfig)
    UART_CheckIdleState                      0x08004c65   Thumb Code   336  lto-llvm-8280f3.o(.text.UART_CheckIdleState)
    [Anonymous Symbol]                       0x08004c64   Section        0  lto-llvm-8280f3.o(.text.UART_CheckIdleState)
    __arm_cp.124_0                           0x08004db4   Number         4  lto-llvm-8280f3.o(.text.UART_CheckIdleState)
    UART_DMAAbortOnError                     0x08004db9   Thumb Code    36  lto-llvm-8280f3.o(.text.UART_DMAAbortOnError)
    [Anonymous Symbol]                       0x08004db8   Section        0  lto-llvm-8280f3.o(.text.UART_DMAAbortOnError)
    UART_EndRxTransfer                       0x08004ddd   Thumb Code   176  lto-llvm-8280f3.o(.text.UART_EndRxTransfer)
    [Anonymous Symbol]                       0x08004ddc   Section        0  lto-llvm-8280f3.o(.text.UART_EndRxTransfer)
    UART_EndTransmit_IT                      0x08004e8d   Thumb Code    74  lto-llvm-8280f3.o(.text.UART_EndTransmit_IT)
    [Anonymous Symbol]                       0x08004e8c   Section        0  lto-llvm-8280f3.o(.text.UART_EndTransmit_IT)
    UART_RxISR_16BIT                         0x08004ed9   Thumb Code   400  lto-llvm-8280f3.o(.text.UART_RxISR_16BIT)
    [Anonymous Symbol]                       0x08004ed8   Section        0  lto-llvm-8280f3.o(.text.UART_RxISR_16BIT)
    UART_RxISR_8BIT                          0x08005069   Thumb Code   396  lto-llvm-8280f3.o(.text.UART_RxISR_8BIT)
    [Anonymous Symbol]                       0x08005068   Section        0  lto-llvm-8280f3.o(.text.UART_RxISR_8BIT)
    __arm_cp.130_0                           0x080051f4   Number         4  lto-llvm-8280f3.o(.text.UART_RxISR_8BIT)
    UART_SetConfig                           0x080051f9   Thumb Code   964  lto-llvm-8280f3.o(.text.UART_SetConfig)
    [Anonymous Symbol]                       0x080051f8   Section        0  lto-llvm-8280f3.o(.text.UART_SetConfig)
    __arm_cp.122_12                          0x08005528   Number         4  lto-llvm-8280f3.o(.text.UART_SetConfig)
    __arm_cp.122_0                           0x080055bc   Number         4  lto-llvm-8280f3.o(.text.UART_SetConfig)
    __arm_cp.122_2                           0x080055c0   Number         4  lto-llvm-8280f3.o(.text.UART_SetConfig)
    __arm_cp.122_3                           0x080055c4   Number         4  lto-llvm-8280f3.o(.text.UART_SetConfig)
    __arm_cp.122_4                           0x080055c8   Number         4  lto-llvm-8280f3.o(.text.UART_SetConfig)
    __arm_cp.122_5                           0x080055cc   Number         4  lto-llvm-8280f3.o(.text.UART_SetConfig)
    __arm_cp.122_6                           0x080055d0   Number         4  lto-llvm-8280f3.o(.text.UART_SetConfig)
    UART_Start_Receive_IT                    0x080055d5   Thumb Code   404  lto-llvm-8280f3.o(.text.UART_Start_Receive_IT)
    [Anonymous Symbol]                       0x080055d4   Section        0  lto-llvm-8280f3.o(.text.UART_Start_Receive_IT)
    __arm_cp.128_0                           0x08005768   Number         4  lto-llvm-8280f3.o(.text.UART_Start_Receive_IT)
    __arm_cp.128_1                           0x0800576c   Number         4  lto-llvm-8280f3.o(.text.UART_Start_Receive_IT)
    __arm_cp.128_2                           0x08005770   Number         4  lto-llvm-8280f3.o(.text.UART_Start_Receive_IT)
    UART_WaitOnFlagUntilTimeout              0x08005775   Thumb Code   246  lto-llvm-8280f3.o(.text.UART_WaitOnFlagUntilTimeout)
    [Anonymous Symbol]                       0x08005774   Section        0  lto-llvm-8280f3.o(.text.UART_WaitOnFlagUntilTimeout)
    __NVIC_EnableIRQ                         0x0800586d   Thumb Code    40  lto-llvm-8280f3.o(.text.__NVIC_EnableIRQ)
    [Anonymous Symbol]                       0x0800586c   Section        0  lto-llvm-8280f3.o(.text.__NVIC_EnableIRQ)
    __arm_cp.59_0                            0x08005894   Number         4  lto-llvm-8280f3.o(.text.__NVIC_EnableIRQ)
    __NVIC_SetPriority                       0x08005899   Thumb Code   124  lto-llvm-8280f3.o(.text.__NVIC_SetPriority)
    [Anonymous Symbol]                       0x08005898   Section        0  lto-llvm-8280f3.o(.text.__NVIC_SetPriority)
    __arm_cp.57_0                            0x08005914   Number         4  lto-llvm-8280f3.o(.text.__NVIC_SetPriority)
    __arm_cp.57_1                            0x08005918   Number         4  lto-llvm-8280f3.o(.text.__NVIC_SetPriority)
    delay                                    0x0800591d   Thumb Code    38  lto-llvm-8280f3.o(.text.delay)
    [Anonymous Symbol]                       0x0800591c   Section        0  lto-llvm-8280f3.o(.text.delay)
    getSDA                                   0x08005943   Thumb Code     8  lto-llvm-8280f3.o(.text.getSDA)
    [Anonymous Symbol]                       0x08005942   Section        0  lto-llvm-8280f3.o(.text.getSDA)
    [Anonymous Symbol]                       0x0800594c   Section        0  lto-llvm-8280f3.o(.text.main)
    __arm_cp.20_0                            0x080059f8   Number         4  lto-llvm-8280f3.o(.text.main)
    __arm_cp.20_1                            0x080059fc   Number         4  lto-llvm-8280f3.o(.text.main)
    __arm_cp.20_2                            0x08005a00   Number         4  lto-llvm-8280f3.o(.text.main)
    __arm_cp.20_3                            0x08005a04   Number         4  lto-llvm-8280f3.o(.text.main)
    __arm_cp.20_4                            0x08005a08   Number         4  lto-llvm-8280f3.o(.text.main)
    sBSP_I2C1_Init                           0x08005a0d   Thumb Code    48  lto-llvm-8280f3.o(.text.sBSP_I2C1_Init)
    [Anonymous Symbol]                       0x08005a0c   Section        0  lto-llvm-8280f3.o(.text.sBSP_I2C1_Init)
    __arm_cp.0_0                             0x08005a3c   Number         4  lto-llvm-8280f3.o(.text.sBSP_I2C1_Init)
    __arm_cp.0_1                             0x08005a40   Number         4  lto-llvm-8280f3.o(.text.sBSP_I2C1_Init)
    __arm_cp.0_2                             0x08005a44   Number         4  lto-llvm-8280f3.o(.text.sBSP_I2C1_Init)
    sBSP_SYS_InitRCC                         0x08005a49   Thumb Code   176  lto-llvm-8280f3.o(.text.sBSP_SYS_InitRCC)
    [Anonymous Symbol]                       0x08005a48   Section        0  lto-llvm-8280f3.o(.text.sBSP_SYS_InitRCC)
    __arm_cp.1_0                             0x08005af8   Number         4  lto-llvm-8280f3.o(.text.sBSP_SYS_InitRCC)
    __arm_cp.1_1                             0x08005afc   Number         4  lto-llvm-8280f3.o(.text.sBSP_SYS_InitRCC)
    __arm_cp.1_2                             0x08005b00   Number         4  lto-llvm-8280f3.o(.text.sBSP_SYS_InitRCC)
    sBSP_TIM2_Init                           0x08005b05   Thumb Code    64  lto-llvm-8280f3.o(.text.sBSP_TIM2_Init)
    [Anonymous Symbol]                       0x08005b04   Section        0  lto-llvm-8280f3.o(.text.sBSP_TIM2_Init)
    __arm_cp.49_0                            0x08005b44   Number         4  lto-llvm-8280f3.o(.text.sBSP_TIM2_Init)
    __arm_cp.49_1                            0x08005b48   Number         4  lto-llvm-8280f3.o(.text.sBSP_TIM2_Init)
    sBSP_TIM2_SetCH3PWMEN                    0x08005b4d   Thumb Code    32  lto-llvm-8280f3.o(.text.sBSP_TIM2_SetCH3PWMEN)
    [Anonymous Symbol]                       0x08005b4c   Section        0  lto-llvm-8280f3.o(.text.sBSP_TIM2_SetCH3PWMEN)
    sBSP_UART1_Init                          0x08005b6d   Thumb Code    60  lto-llvm-8280f3.o(.text.sBSP_UART1_Init)
    [Anonymous Symbol]                       0x08005b6c   Section        0  lto-llvm-8280f3.o(.text.sBSP_UART1_Init)
    __arm_cp.2_0                             0x08005ba8   Number         4  lto-llvm-8280f3.o(.text.sBSP_UART1_Init)
    __arm_cp.2_1                             0x08005bac   Number         4  lto-llvm-8280f3.o(.text.sBSP_UART1_Init)
    sBSP_UART1_ReadBytesBegin                0x08005bb1   Thumb Code    36  lto-llvm-8280f3.o(.text.sBSP_UART1_ReadBytesBegin)
    [Anonymous Symbol]                       0x08005bb0   Section        0  lto-llvm-8280f3.o(.text.sBSP_UART1_ReadBytesBegin)
    __arm_cp.4_0                             0x08005bd4   Number         4  lto-llvm-8280f3.o(.text.sBSP_UART1_ReadBytesBegin)
    __arm_cp.4_1                             0x08005bd8   Number         4  lto-llvm-8280f3.o(.text.sBSP_UART1_ReadBytesBegin)
    sBSP_UART1_SendBytes                     0x08005bdd   Thumb Code    22  lto-llvm-8280f3.o(.text.sBSP_UART1_SendBytes)
    [Anonymous Symbol]                       0x08005bdc   Section        0  lto-llvm-8280f3.o(.text.sBSP_UART1_SendBytes)
    sBSP_softI2C_Init                        0x08005bf5   Thumb Code    80  lto-llvm-8280f3.o(.text.sBSP_softI2C_Init)
    [Anonymous Symbol]                       0x08005bf4   Section        0  lto-llvm-8280f3.o(.text.sBSP_softI2C_Init)
    __arm_cp.6_0                             0x08005c44   Number         4  lto-llvm-8280f3.o(.text.sBSP_softI2C_Init)
    __arm_cp.6_1                             0x08005c48   Number         4  lto-llvm-8280f3.o(.text.sBSP_softI2C_Init)
    sBSP_softI2C_ReciACK                     0x08005c4d   Thumb Code    48  lto-llvm-8280f3.o(.text.sBSP_softI2C_ReciACK)
    [Anonymous Symbol]                       0x08005c4c   Section        0  lto-llvm-8280f3.o(.text.sBSP_softI2C_ReciACK)
    sBSP_softI2C_ReciByte                    0x08005c7d   Thumb Code   112  lto-llvm-8280f3.o(.text.sBSP_softI2C_ReciByte)
    [Anonymous Symbol]                       0x08005c7c   Section        0  lto-llvm-8280f3.o(.text.sBSP_softI2C_ReciByte)
    sBSP_softI2C_ReciData                    0x08005ced   Thumb Code   116  lto-llvm-8280f3.o(.text.sBSP_softI2C_ReciData)
    [Anonymous Symbol]                       0x08005cec   Section        0  lto-llvm-8280f3.o(.text.sBSP_softI2C_ReciData)
    sBSP_softI2C_SendACK                     0x08005d61   Thumb Code    38  lto-llvm-8280f3.o(.text.sBSP_softI2C_SendACK)
    [Anonymous Symbol]                       0x08005d60   Section        0  lto-llvm-8280f3.o(.text.sBSP_softI2C_SendACK)
    sBSP_softI2C_SendByte                    0x08005d87   Thumb Code    84  lto-llvm-8280f3.o(.text.sBSP_softI2C_SendByte)
    [Anonymous Symbol]                       0x08005d86   Section        0  lto-llvm-8280f3.o(.text.sBSP_softI2C_SendByte)
    sBSP_softI2C_SendData                    0x08005ddb   Thumb Code    90  lto-llvm-8280f3.o(.text.sBSP_softI2C_SendData)
    [Anonymous Symbol]                       0x08005dda   Section        0  lto-llvm-8280f3.o(.text.sBSP_softI2C_SendData)
    sBSP_softI2C_Start                       0x08005e35   Thumb Code    44  lto-llvm-8280f3.o(.text.sBSP_softI2C_Start)
    [Anonymous Symbol]                       0x08005e34   Section        0  lto-llvm-8280f3.o(.text.sBSP_softI2C_Start)
    sBSP_softI2C_Stop                        0x08005e61   Thumb Code    36  lto-llvm-8280f3.o(.text.sBSP_softI2C_Stop)
    [Anonymous Symbol]                       0x08005e60   Section        0  lto-llvm-8280f3.o(.text.sBSP_softI2C_Stop)
    sDRV_AHT10_BeginMeasure                  0x08005e85   Thumb Code    12  lto-llvm-8280f3.o(.text.sDRV_AHT10_BeginMeasure)
    [Anonymous Symbol]                       0x08005e84   Section        0  lto-llvm-8280f3.o(.text.sDRV_AHT10_BeginMeasure)
    __arm_cp.36_0                            0x08005e90   Number         4  lto-llvm-8280f3.o(.text.sDRV_AHT10_BeginMeasure)
    sDRV_AHT10_EndMeasure                    0x08005e95   Thumb Code   124  lto-llvm-8280f3.o(.text.sDRV_AHT10_EndMeasure)
    [Anonymous Symbol]                       0x08005e94   Section        0  lto-llvm-8280f3.o(.text.sDRV_AHT10_EndMeasure)
    __arm_cp.37_0                            0x08005f10   Number         4  lto-llvm-8280f3.o(.text.sDRV_AHT10_EndMeasure)
    __arm_cp.37_1                            0x08005f14   Number         4  lto-llvm-8280f3.o(.text.sDRV_AHT10_EndMeasure)
    __arm_cp.37_2                            0x08005f18   Number         4  lto-llvm-8280f3.o(.text.sDRV_AHT10_EndMeasure)
    __arm_cp.37_4                            0x08005f1c   Number         4  lto-llvm-8280f3.o(.text.sDRV_AHT10_EndMeasure)
    __arm_cp.37_6                            0x08005f20   Number         4  lto-llvm-8280f3.o(.text.sDRV_AHT10_EndMeasure)
    __arm_cp.37_7                            0x08005f24   Number         4  lto-llvm-8280f3.o(.text.sDRV_AHT10_EndMeasure)
    sDRV_AHT10_GetHumi                       0x08005f29   Thumb Code     8  lto-llvm-8280f3.o(.text.sDRV_AHT10_GetHumi)
    [Anonymous Symbol]                       0x08005f28   Section        0  lto-llvm-8280f3.o(.text.sDRV_AHT10_GetHumi)
    __arm_cp.38_0                            0x08005f30   Number         4  lto-llvm-8280f3.o(.text.sDRV_AHT10_GetHumi)
    sDRV_AHT10_GetTemp                       0x08005f35   Thumb Code     8  lto-llvm-8280f3.o(.text.sDRV_AHT10_GetTemp)
    [Anonymous Symbol]                       0x08005f34   Section        0  lto-llvm-8280f3.o(.text.sDRV_AHT10_GetTemp)
    __arm_cp.39_0                            0x08005f3c   Number         4  lto-llvm-8280f3.o(.text.sDRV_AHT10_GetTemp)
    sDRV_AHT10_Init                          0x08005f41   Thumb Code    20  lto-llvm-8280f3.o(.text.sDRV_AHT10_Init)
    [Anonymous Symbol]                       0x08005f40   Section        0  lto-llvm-8280f3.o(.text.sDRV_AHT10_Init)
    __arm_cp.35_0                            0x08005f54   Number         4  lto-llvm-8280f3.o(.text.sDRV_AHT10_Init)
    sDRV_BMP280_GetMeasure                   0x08005f59   Thumb Code   104  lto-llvm-8280f3.o(.text.sDRV_BMP280_GetMeasure)
    [Anonymous Symbol]                       0x08005f58   Section        0  lto-llvm-8280f3.o(.text.sDRV_BMP280_GetMeasure)
    sDRV_BMP280_GetPress                     0x08005fc1   Thumb Code   452  lto-llvm-8280f3.o(.text.sDRV_BMP280_GetPress)
    [Anonymous Symbol]                       0x08005fc0   Section        0  lto-llvm-8280f3.o(.text.sDRV_BMP280_GetPress)
    __arm_cp.43_2                            0x08006184   Number         4  lto-llvm-8280f3.o(.text.sDRV_BMP280_GetPress)
    __arm_cp.43_3                            0x08006188   Number         4  lto-llvm-8280f3.o(.text.sDRV_BMP280_GetPress)
    sDRV_BMP280_GetTemp                      0x0800618d   Thumb Code   108  lto-llvm-8280f3.o(.text.sDRV_BMP280_GetTemp)
    [Anonymous Symbol]                       0x0800618c   Section        0  lto-llvm-8280f3.o(.text.sDRV_BMP280_GetTemp)
    __arm_cp.44_1                            0x080061f8   Number         4  lto-llvm-8280f3.o(.text.sDRV_BMP280_GetTemp)
    __arm_cp.44_2                            0x080061fc   Number         4  lto-llvm-8280f3.o(.text.sDRV_BMP280_GetTemp)
    sDRV_BMP280_Init                         0x08006201   Thumb Code   196  lto-llvm-8280f3.o(.text.sDRV_BMP280_Init)
    [Anonymous Symbol]                       0x08006200   Section        0  lto-llvm-8280f3.o(.text.sDRV_BMP280_Init)
    __arm_cp.40_0                            0x080062c4   Number         4  lto-llvm-8280f3.o(.text.sDRV_BMP280_Init)
    __arm_cp.40_1                            0x080062c8   Number         4  lto-llvm-8280f3.o(.text.sDRV_BMP280_Init)
    __arm_cp.40_2                            0x080062cc   Number         4  lto-llvm-8280f3.o(.text.sDRV_BMP280_Init)
    sDRV_LED_Init                            0x080062d1   Thumb Code     8  lto-llvm-8280f3.o(.text.sDRV_LED_Init)
    [Anonymous Symbol]                       0x080062d0   Section        0  lto-llvm-8280f3.o(.text.sDRV_LED_Init)
    sDRV_LED_SetMode                         0x080062d9   Thumb Code    38  lto-llvm-8280f3.o(.text.sDRV_LED_SetMode)
    [Anonymous Symbol]                       0x080062d8   Section        0  lto-llvm-8280f3.o(.text.sDRV_LED_SetMode)
    sDRV_UART_Init                           0x080062ff   Thumb Code    20  lto-llvm-8280f3.o(.text.sDRV_UART_Init)
    [Anonymous Symbol]                       0x080062fe   Section        0  lto-llvm-8280f3.o(.text.sDRV_UART_Init)
    sDRV_UART_Printf                         0x08006315   Thumb Code    56  lto-llvm-8280f3.o(.text.sDRV_UART_Printf)
    [Anonymous Symbol]                       0x08006314   Section        0  lto-llvm-8280f3.o(.text.sDRV_UART_Printf)
    __arm_cp.48_0                            0x0800634c   Number         4  lto-llvm-8280f3.o(.text.sDRV_UART_Printf)
    sERROR_Handler                           0x08006351   Thumb Code     6  lto-llvm-8280f3.o(.text.sERROR_Handler)
    [Anonymous Symbol]                       0x08006350   Section        0  lto-llvm-8280f3.o(.text.sERROR_Handler)
    setSCL                                   0x08006357   Thumb Code    20  lto-llvm-8280f3.o(.text.setSCL)
    [Anonymous Symbol]                       0x08006356   Section        0  lto-llvm-8280f3.o(.text.setSCL)
    setSDA                                   0x0800636b   Thumb Code    20  lto-llvm-8280f3.o(.text.setSDA)
    [Anonymous Symbol]                       0x0800636a   Section        0  lto-llvm-8280f3.o(.text.setSDA)
    i.__0vsprintf                            0x08006380   Section        0  printfa.o(i.__0vsprintf)
    i.__ARM_clz                              0x080063a4   Section        0  depilogue.o(i.__ARM_clz)
    i.__scatterload_copy                     0x080063d2   Section       14  handlers.o(i.__scatterload_copy)
    i.__scatterload_null                     0x080063e0   Section        2  handlers.o(i.__scatterload_null)
    i.__scatterload_zeroinit                 0x080063e2   Section       14  handlers.o(i.__scatterload_zeroinit)
    _fp_digits                               0x080063f1   Thumb Code   344  printfa.o(i._fp_digits)
    i._fp_digits                             0x080063f0   Section        0  printfa.o(i._fp_digits)
    _printf_core                             0x08006565   Thumb Code  1754  printfa.o(i._printf_core)
    i._printf_core                           0x08006564   Section        0  printfa.o(i._printf_core)
    _printf_post_padding                     0x08006c51   Thumb Code    32  printfa.o(i._printf_post_padding)
    i._printf_post_padding                   0x08006c50   Section        0  printfa.o(i._printf_post_padding)
    _printf_pre_padding                      0x08006c71   Thumb Code    44  printfa.o(i._printf_pre_padding)
    i._printf_pre_padding                    0x08006c70   Section        0  printfa.o(i._printf_pre_padding)
    _sputc                                   0x08006c9d   Thumb Code    10  printfa.o(i._sputc)
    i._sputc                                 0x08006c9c   Section        0  printfa.o(i._sputc)
    PLLMulTable                              0x08006ca6   Data           9  lto-llvm-8280f3.o(.rodata.PLLMulTable)
    [Anonymous Symbol]                       0x08006ca6   Section        0  lto-llvm-8280f3.o(.rodata.PLLMulTable)
    AHBPrescTable                            0x08006caf   Data          16  lto-llvm-8280f3.o(.rodata.cst16)
    [Anonymous Symbol]                       0x08006caf   Section        0  lto-llvm-8280f3.o(.rodata.cst16)
    APBPrescTable                            0x08006cbf   Data           8  lto-llvm-8280f3.o(.rodata.cst8)
    [Anonymous Symbol]                       0x08006cbf   Section        0  lto-llvm-8280f3.o(.rodata.cst8)
    [Anonymous Symbol]                       0x08006cc7   Section        0  lto-llvm-8280f3.o(.rodata.str1.1)
    SystemCoreClock                          0x20000000   Data           4  lto-llvm-8280f3.o(.data.SystemCoreClock)
    [Anonymous Symbol]                       0x20000000   Section        0  lto-llvm-8280f3.o(.data.SystemCoreClock)
    aht10_comm_init                          0x20000004   Data           3  lto-llvm-8280f3.o(.data.aht10_comm_init)
    [Anonymous Symbol]                       0x20000004   Section        0  lto-llvm-8280f3.o(.data.aht10_comm_init)
    aht10_comm_measure                       0x20000007   Data           3  lto-llvm-8280f3.o(.data.aht10_comm_measure)
    [Anonymous Symbol]                       0x20000007   Section        0  lto-llvm-8280f3.o(.data.aht10_comm_measure)
    uwTickPrio                               0x2000000c   Data           4  lto-llvm-8280f3.o(.data.uwTickPrio)
    [Anonymous Symbol]                       0x2000000c   Section        0  lto-llvm-8280f3.o(.data.uwTickPrio)
    UART1_RxBuf                              0x20000010   Data         128  lto-llvm-8280f3.o(.bss.UART1_RxBuf)
    [Anonymous Symbol]                       0x20000010   Section        0  lto-llvm-8280f3.o(.bss.UART1_RxBuf)
    bmp280                                   0x20000090   Data          68  lto-llvm-8280f3.o(.bss.bmp280)
    [Anonymous Symbol]                       0x20000090   Section        0  lto-llvm-8280f3.o(.bss.bmp280)
    format_buffer                            0x200000d4   Data         128  lto-llvm-8280f3.o(.bss.format_buffer)
    [Anonymous Symbol]                       0x200000d4   Section        0  lto-llvm-8280f3.o(.bss.format_buffer)
    hTIM2                                    0x20000154   Data          64  lto-llvm-8280f3.o(.bss.hTIM2)
    [Anonymous Symbol]                       0x20000154   Section        0  lto-llvm-8280f3.o(.bss.hTIM2)
    hi2c1                                    0x20000194   Data          84  lto-llvm-8280f3.o(.bss.hi2c1)
    [Anonymous Symbol]                       0x20000194   Section        0  lto-llvm-8280f3.o(.bss.hi2c1)
    huart1                                   0x200001e8   Data         136  lto-llvm-8280f3.o(.bss.huart1)
    [Anonymous Symbol]                       0x200001e8   Section        0  lto-llvm-8280f3.o(.bss.huart1)
    humi                                     0x20000270   Data           4  lto-llvm-8280f3.o(.bss.humi)
    [Anonymous Symbol]                       0x20000270   Section        0  lto-llvm-8280f3.o(.bss.humi)
    raw_humi                                 0x20000274   Data           4  lto-llvm-8280f3.o(.bss.raw_humi)
    [Anonymous Symbol]                       0x20000274   Section        0  lto-llvm-8280f3.o(.bss.raw_humi)
    raw_temp                                 0x20000278   Data           4  lto-llvm-8280f3.o(.bss.raw_temp)
    [Anonymous Symbol]                       0x20000278   Section        0  lto-llvm-8280f3.o(.bss.raw_temp)
    reci_data                                0x2000027c   Data           6  lto-llvm-8280f3.o(.bss.reci_data)
    [Anonymous Symbol]                       0x2000027c   Section        0  lto-llvm-8280f3.o(.bss.reci_data)
    t_fine                                   0x20000284   Data           4  lto-llvm-8280f3.o(.bss.t_fine)
    [Anonymous Symbol]                       0x20000284   Section        0  lto-llvm-8280f3.o(.bss.t_fine)
    temp                                     0x20000288   Data           4  lto-llvm-8280f3.o(.bss.temp)
    [Anonymous Symbol]                       0x20000288   Section        0  lto-llvm-8280f3.o(.bss.temp)
    uart1_reci_data_end_cb                   0x2000028c   Data           4  lto-llvm-8280f3.o(.bss.uart1_reci_data_end_cb)
    [Anonymous Symbol]                       0x2000028c   Section        0  lto-llvm-8280f3.o(.bss.uart1_reci_data_end_cb)
    uwTick                                   0x20000290   Data           4  lto-llvm-8280f3.o(.bss.uwTick)
    [Anonymous Symbol]                       0x20000290   Section        0  lto-llvm-8280f3.o(.bss.uwTick)
    STACK                                    0x20000298   Section     1024  startup_stm32l031xx.o(STACK)

    Global Symbols

    Symbol Name                              Value     Ov Type        Size  Object(Section)

    BuildAttributes$$THM_ISAv3M$S$PE$A:L22$X:L11$S22$IEEE1$IW$~IW$USESV6$~STKCKD$USESV7$~SHL$OTIME$ROPI$IEEEX$EBA8$MICROLIB$REQ8$PRES8$EABIv2 0x00000000   Number         0  anon$$obj.o ABSOLUTE
    __cpp_initialize__aeabi_                  - Undefined Weak Reference
    __cxa_finalize                            - Undefined Weak Reference
    __decompress                              - Undefined Weak Reference
    _clock_init                               - Undefined Weak Reference
    _microlib_exit                            - Undefined Weak Reference
    __Vectors_Size                           0x000000c0   Number         0  startup_stm32l031xx.o ABSOLUTE
    __Vectors                                0x08000000   Data           4  startup_stm32l031xx.o(RESET)
    __Vectors_End                            0x080000c0   Data           0  startup_stm32l031xx.o(RESET)
    __main                                   0x080000c1   Thumb Code     0  entry.o(.ARM.Collect$$$$00000000)
    _main_stk                                0x080000c1   Thumb Code     0  entry2.o(.ARM.Collect$$$$00000001)
    _main_scatterload                        0x080000c5   Thumb Code     0  entry5.o(.ARM.Collect$$$$00000004)
    __main_after_scatterload                 0x080000c9   Thumb Code     0  entry5.o(.ARM.Collect$$$$00000004)
    _main_clock                              0x080000c9   Thumb Code     0  entry7b.o(.ARM.Collect$$$$00000008)
    _main_cpp_init                           0x080000c9   Thumb Code     0  entry8b.o(.ARM.Collect$$$$0000000A)
    _main_init                               0x080000c9   Thumb Code     0  entry9a.o(.ARM.Collect$$$$0000000B)
    __rt_final_cpp                           0x080000d1   Thumb Code     0  entry10a.o(.ARM.Collect$$$$0000000D)
    __rt_final_exit                          0x080000d1   Thumb Code     0  entry11a.o(.ARM.Collect$$$$0000000F)
    Reset_Handler                            0x080000d5   Thumb Code     4  startup_stm32l031xx.o(.text)
    ADC1_COMP_IRQHandler                     0x080000e3   Thumb Code     0  startup_stm32l031xx.o(.text)
    DMA1_Channel1_IRQHandler                 0x080000e3   Thumb Code     0  startup_stm32l031xx.o(.text)
    DMA1_Channel2_3_IRQHandler               0x080000e3   Thumb Code     0  startup_stm32l031xx.o(.text)
    DMA1_Channel4_5_6_7_IRQHandler           0x080000e3   Thumb Code     0  startup_stm32l031xx.o(.text)
    EXTI0_1_IRQHandler                       0x080000e3   Thumb Code     0  startup_stm32l031xx.o(.text)
    EXTI2_3_IRQHandler                       0x080000e3   Thumb Code     0  startup_stm32l031xx.o(.text)
    EXTI4_15_IRQHandler                      0x080000e3   Thumb Code     0  startup_stm32l031xx.o(.text)
    FLASH_IRQHandler                         0x080000e3   Thumb Code     0  startup_stm32l031xx.o(.text)
    LPTIM1_IRQHandler                        0x080000e3   Thumb Code     0  startup_stm32l031xx.o(.text)
    PVD_IRQHandler                           0x080000e3   Thumb Code     0  startup_stm32l031xx.o(.text)
    RCC_IRQHandler                           0x080000e3   Thumb Code     0  startup_stm32l031xx.o(.text)
    RTC_IRQHandler                           0x080000e3   Thumb Code     0  startup_stm32l031xx.o(.text)
    SPI1_IRQHandler                          0x080000e3   Thumb Code     0  startup_stm32l031xx.o(.text)
    TIM21_IRQHandler                         0x080000e3   Thumb Code     0  startup_stm32l031xx.o(.text)
    TIM22_IRQHandler                         0x080000e3   Thumb Code     0  startup_stm32l031xx.o(.text)
    TIM2_IRQHandler                          0x080000e3   Thumb Code     0  startup_stm32l031xx.o(.text)
    USART2_IRQHandler                        0x080000e3   Thumb Code     0  startup_stm32l031xx.o(.text)
    WWDG_IRQHandler                          0x080000e3   Thumb Code     0  startup_stm32l031xx.o(.text)
    strlen                                   0x080000e9   Thumb Code    14  strlen.o(.text)
    __aeabi_uldivmod                         0x080000f7   Thumb Code    96  uldiv.o(.text)
    __I$use$fp                               0x08000157   Thumb Code     0  iusefp.o(.text)
    __aeabi_dadd                             0x08000159   Thumb Code   328  dadd.o(.text)
    __aeabi_dsub                             0x080002a1   Thumb Code    12  dadd.o(.text)
    __aeabi_drsub                            0x080002ad   Thumb Code    12  dadd.o(.text)
    __aeabi_dmul                             0x080002bd   Thumb Code   202  dmul.o(.text)
    __aeabi_ddiv                             0x0800038d   Thumb Code   234  ddiv.o(.text)
    __aeabi_d2ulz                            0x0800047d   Thumb Code    54  dfixul.o(.text)
    __aeabi_cdrcmple                         0x080004bd   Thumb Code    38  cdrcmple.o(.text)
    __scatterload                            0x080004e5   Thumb Code    28  init.o(.text)
    __scatterload_rt2                        0x080004e5   Thumb Code     0  init.o(.text)
    __aeabi_uidiv                            0x08000509   Thumb Code     0  uidiv_div0.o(.text)
    __aeabi_uidivmod                         0x08000509   Thumb Code    62  uidiv_div0.o(.text)
    __aeabi_llsl                             0x08000547   Thumb Code    32  llshl.o(.text)
    _ll_shift_l                              0x08000547   Thumb Code     0  llshl.o(.text)
    __aeabi_llsr                             0x08000567   Thumb Code    34  llushr.o(.text)
    _ll_ushift_r                             0x08000567   Thumb Code     0  llushr.o(.text)
    __aeabi_lasr                             0x08000589   Thumb Code    38  llsshr.o(.text)
    _ll_sshift_r                             0x08000589   Thumb Code     0  llsshr.o(.text)
    _float_round                             0x080005af   Thumb Code    16  fepilogue.o(.text)
    _float_epilogue                          0x080005bf   Thumb Code   114  fepilogue.o(.text)
    _double_round                            0x08000631   Thumb Code    26  depilogue.o(.text)
    _double_epilogue                         0x0800064b   Thumb Code   164  depilogue.o(.text)
    __aeabi_ldivmod                          0x080006ef   Thumb Code    76  ldiv.o(.text)
    __aeabi_lmul                             0x0800073b   Thumb Code    48  llmul.o(.text)
    _ll_mul                                  0x0800073b   Thumb Code     0  llmul.o(.text)
    __aeabi_memset                           0x0800076b   Thumb Code    14  memseta.o(.text)
    __aeabi_memset4                          0x0800076b   Thumb Code     0  memseta.o(.text)
    __aeabi_memset8                          0x0800076b   Thumb Code     0  memseta.o(.text)
    __aeabi_memclr                           0x08000779   Thumb Code     4  memseta.o(.text)
    __aeabi_memclr4                          0x08000779   Thumb Code     0  memseta.o(.text)
    __aeabi_memclr8                          0x08000779   Thumb Code     0  memseta.o(.text)
    _memset$wrapper                          0x0800077d   Thumb Code    18  memseta.o(.text)
    __aeabi_i2d                              0x08000791   Thumb Code    34  dflti.o(.text)
    __aeabi_ui2d                             0x080007b9   Thumb Code    24  dfltui.o(.text)
    __aeabi_l2d                              0x080007d5   Thumb Code    38  dfltl.o(.text)
    __aeabi_f2d                              0x08000801   Thumb Code    40  f2d.o(.text)
    __aeabi_d2f                              0x08000829   Thumb Code    56  d2f.o(.text)
    HardFault_Handler                        0x08002f6d   Thumb Code     4  lto-llvm-8280f3.o(.text.HardFault_Handler)
    I2C1_IRQHandler                          0x08002f71   Thumb Code    32  lto-llvm-8280f3.o(.text.I2C1_IRQHandler)
    LPUART1_IRQHandler                       0x080047e7   Thumb Code     8  lto-llvm-8280f3.o(.text.LPUART1_IRQHandler)
    NMI_Handler                              0x080047ef   Thumb Code     4  lto-llvm-8280f3.o(.text.NMI_Handler)
    PendSV_Handler                           0x080047f3   Thumb Code     2  lto-llvm-8280f3.o(.text.PendSV_Handler)
    SVC_Handler                              0x0800480f   Thumb Code     2  lto-llvm-8280f3.o(.text.SVC_Handler)
    SysTick_Handler                          0x0800485d   Thumb Code     8  lto-llvm-8280f3.o(.text.SysTick_Handler)
    main                                     0x0800594d   Thumb Code   172  lto-llvm-8280f3.o(.text.main)
    __0vsprintf                              0x08006381   Thumb Code    30  printfa.o(i.__0vsprintf)
    __1vsprintf                              0x08006381   Thumb Code     0  printfa.o(i.__0vsprintf)
    __2vsprintf                              0x08006381   Thumb Code     0  printfa.o(i.__0vsprintf)
    __c89vsprintf                            0x08006381   Thumb Code     0  printfa.o(i.__0vsprintf)
    vsprintf                                 0x08006381   Thumb Code     0  printfa.o(i.__0vsprintf)
    __ARM_clz                                0x080063a5   Thumb Code    46  depilogue.o(i.__ARM_clz)
    __scatterload_copy                       0x080063d3   Thumb Code    14  handlers.o(i.__scatterload_copy)
    __scatterload_null                       0x080063e1   Thumb Code     2  handlers.o(i.__scatterload_null)
    __scatterload_zeroinit                   0x080063e3   Thumb Code    14  handlers.o(i.__scatterload_zeroinit)
    Region$$Table$$Base                      0x08006d34   Number         0  anon$$obj.o(Region$$Table)
    Region$$Table$$Limit                     0x08006d54   Number         0  anon$$obj.o(Region$$Table)
    __initial_sp                             0x20000698   Data           0  startup_stm32l031xx.o(STACK)



==============================================================================

Memory Map of the image

  Image Entry point : 0x080000c1

  Load Region LR_IROM1 (Base: 0x08000000, Size: 0x00006d68, Max: 0x00008000, ABSOLUTE)

    Execution Region ER_IROM1 (Exec base: 0x08000000, Load base: 0x08000000, Size: 0x00006d54, Max: 0x00008000, ABSOLUTE)

    Exec Addr    Load Addr    Size         Type   Attr      Idx    E Section Name        Object

    0x08000000   0x08000000   0x000000c0   Data   RO           22    RESET               startup_stm32l031xx.o
    0x080000c0   0x080000c0   0x00000000   Code   RO          102  * .ARM.Collect$$$$00000000  mc_p.l(entry.o)
    0x080000c0   0x080000c0   0x00000004   Code   RO          151    .ARM.Collect$$$$00000001  mc_p.l(entry2.o)
    0x080000c4   0x080000c4   0x00000004   Code   RO          154    .ARM.Collect$$$$00000004  mc_p.l(entry5.o)
    0x080000c8   0x080000c8   0x00000000   Code   RO          156    .ARM.Collect$$$$00000008  mc_p.l(entry7b.o)
    0x080000c8   0x080000c8   0x00000000   Code   RO          158    .ARM.Collect$$$$0000000A  mc_p.l(entry8b.o)
    0x080000c8   0x080000c8   0x00000008   Code   RO          159    .ARM.Collect$$$$0000000B  mc_p.l(entry9a.o)
    0x080000d0   0x080000d0   0x00000000   Code   RO          161    .ARM.Collect$$$$0000000D  mc_p.l(entry10a.o)
    0x080000d0   0x080000d0   0x00000000   Code   RO          163    .ARM.Collect$$$$0000000F  mc_p.l(entry11a.o)
    0x080000d0   0x080000d0   0x00000004   Code   RO          152    .ARM.Collect$$$$00002712  mc_p.l(entry2.o)
    0x080000d4   0x080000d4   0x00000014   Code   RO           23    .text               startup_stm32l031xx.o
    0x080000e8   0x080000e8   0x0000000e   Code   RO          105    .text               mc_p.l(strlen.o)
    0x080000f6   0x080000f6   0x00000060   Code   RO          174    .text               mc_p.l(uldiv.o)
    0x08000156   0x08000156   0x00000000   Code   RO          183    .text               mc_p.l(iusefp.o)
    0x08000156   0x08000156   0x00000002   PAD
    0x08000158   0x08000158   0x00000164   Code   RO          192    .text               mf_p.l(dadd.o)
    0x080002bc   0x080002bc   0x000000d0   Code   RO          194    .text               mf_p.l(dmul.o)
    0x0800038c   0x0800038c   0x000000f0   Code   RO          196    .text               mf_p.l(ddiv.o)
    0x0800047c   0x0800047c   0x00000040   Code   RO          200    .text               mf_p.l(dfixul.o)
    0x080004bc   0x080004bc   0x00000028   Code   RO          204    .text               mf_p.l(cdrcmple.o)
    0x080004e4   0x080004e4   0x00000024   Code   RO          208    .text               mc_p.l(init.o)
    0x08000508   0x08000508   0x0000003e   Code   RO          213    .text               mc_p.l(uidiv_div0.o)
    0x08000546   0x08000546   0x00000020   Code   RO          219    .text               mc_p.l(llshl.o)
    0x08000566   0x08000566   0x00000022   Code   RO          221    .text               mc_p.l(llushr.o)
    0x08000588   0x08000588   0x00000026   Code   RO          223    .text               mc_p.l(llsshr.o)
    0x080005ae   0x080005ae   0x00000082   Code   RO          226    .text               mf_p.l(fepilogue.o)
    0x08000630   0x08000630   0x000000be   Code   RO          228    .text               mf_p.l(depilogue.o)
    0x080006ee   0x080006ee   0x0000004c   Code   RO          543    .text               mc_p.l(ldiv.o)
    0x0800073a   0x0800073a   0x00000030   Code   RO          545    .text               mc_p.l(llmul.o)
    0x0800076a   0x0800076a   0x00000024   Code   RO          547    .text               mc_p.l(memseta.o)
    0x0800078e   0x0800078e   0x00000002   PAD
    0x08000790   0x08000790   0x00000028   Code   RO          549    .text               mf_p.l(dflti.o)
    0x080007b8   0x080007b8   0x0000001c   Code   RO          551    .text               mf_p.l(dfltui.o)
    0x080007d4   0x080007d4   0x0000002c   Code   RO          553    .text               mf_p.l(dfltl.o)
    0x08000800   0x08000800   0x00000028   Code   RO          555    .text               mf_p.l(f2d.o)
    0x08000828   0x08000828   0x00000038   Code   RO          557    .text               mf_p.l(d2f.o)
    0x08000860   0x08000860   0x00000010   Code   RO          315    .text.Delay_ms      lto-llvm-8280f3.o
    0x08000870   0x08000870   0x00000076   Code   RO          357    .text.HAL_DMA_Abort  lto-llvm-8280f3.o
    0x080008e6   0x080008e6   0x0000007c   Code   RO          359    .text.HAL_DMA_Abort_IT  lto-llvm-8280f3.o
    0x08000962   0x08000962   0x0000000e   Code   RO          361    .text.HAL_DMA_GetState  lto-llvm-8280f3.o
    0x08000970   0x08000970   0x0000003a   Code   RO          343    .text.HAL_Delay     lto-llvm-8280f3.o
    0x080009aa   0x080009aa   0x00000002   PAD
    0x080009ac   0x080009ac   0x000002c4   Code   RO          363    .text.HAL_GPIO_Init  lto-llvm-8280f3.o
    0x08000c70   0x08000c70   0x00000030   Code   RO          365    .text.HAL_GPIO_ReadPin  lto-llvm-8280f3.o
    0x08000ca0   0x08000ca0   0x00000034   Code   RO          367    .text.HAL_GPIO_WritePin  lto-llvm-8280f3.o
    0x08000cd4   0x08000cd4   0x0000000c   Code   RO          341    .text.HAL_GetTick   lto-llvm-8280f3.o
    0x08000ce0   0x08000ce0   0x00000008   Code   RO          407    .text.HAL_I2C_AbortCpltCallback  lto-llvm-8280f3.o
    0x08000ce8   0x08000ce8   0x00000010   Code   RO          419    .text.HAL_I2C_AddrCallback  lto-llvm-8280f3.o
    0x08000cf8   0x08000cf8   0x000000c8   Code   RO          437    .text.HAL_I2C_ER_IRQHandler  lto-llvm-8280f3.o
    0x08000dc0   0x08000dc0   0x00000034   Code   RO          435    .text.HAL_I2C_EV_IRQHandler  lto-llvm-8280f3.o
    0x08000df4   0x08000df4   0x00000008   Code   RO          409    .text.HAL_I2C_ErrorCallback  lto-llvm-8280f3.o
    0x08000dfc   0x08000dfc   0x00000110   Code   RO          369    .text.HAL_I2C_Init  lto-llvm-8280f3.o
    0x08000f0c   0x08000f0c   0x00000008   Code   RO          425    .text.HAL_I2C_ListenCpltCallback  lto-llvm-8280f3.o
    0x08000f14   0x08000f14   0x00000008   Code   RO          399    .text.HAL_I2C_MasterRxCpltCallback  lto-llvm-8280f3.o
    0x08000f1c   0x08000f1c   0x00000008   Code   RO          395    .text.HAL_I2C_MasterTxCpltCallback  lto-llvm-8280f3.o
    0x08000f24   0x08000f24   0x00000130   Code   RO          433    .text.HAL_I2C_Master_Seq_Receive_IT  lto-llvm-8280f3.o
    0x08001054   0x08001054   0x00000130   Code   RO          429    .text.HAL_I2C_Master_Seq_Transmit_IT  lto-llvm-8280f3.o
    0x08001184   0x08001184   0x00000100   Code   RO          375    .text.HAL_I2C_Master_Transmit_IT  lto-llvm-8280f3.o
    0x08001284   0x08001284   0x00000008   Code   RO          397    .text.HAL_I2C_MemRxCpltCallback  lto-llvm-8280f3.o
    0x0800128c   0x0800128c   0x00000008   Code   RO          393    .text.HAL_I2C_MemTxCpltCallback  lto-llvm-8280f3.o
    0x08001294   0x08001294   0x0000007c   Code   RO          297    .text.HAL_I2C_MspInit  lto-llvm-8280f3.o
    0x08001310   0x08001310   0x00000008   Code   RO          423    .text.HAL_I2C_SlaveRxCpltCallback  lto-llvm-8280f3.o
    0x08001318   0x08001318   0x00000008   Code   RO          421    .text.HAL_I2C_SlaveTxCpltCallback  lto-llvm-8280f3.o
    0x08001320   0x08001320   0x00000010   Code   RO          339    .text.HAL_IncTick   lto-llvm-8280f3.o
    0x08001330   0x08001330   0x00000038   Code   RO          335    .text.HAL_Init      lto-llvm-8280f3.o
    0x08001368   0x08001368   0x00000060   Code   RO          337    .text.HAL_InitTick  lto-llvm-8280f3.o
    0x080013c8   0x080013c8   0x0000001c   Code   RO          291    .text.HAL_MspInit   lto-llvm-8280f3.o
    0x080013e4   0x080013e4   0x00000014   Code   RO          349    .text.HAL_NVIC_EnableIRQ  lto-llvm-8280f3.o
    0x080013f8   0x080013f8   0x0000001a   Code   RO          345    .text.HAL_NVIC_SetPriority  lto-llvm-8280f3.o
    0x08001412   0x08001412   0x00000002   PAD
    0x08001414   0x08001414   0x00000010   Code   RO          439    .text.HAL_PWR_EnableBkUpAccess  lto-llvm-8280f3.o
    0x08001424   0x08001424   0x00000270   Code   RO          453    .text.HAL_RCCEx_PeriphCLKConfig  lto-llvm-8280f3.o
    0x08001694   0x08001694   0x000002fc   Code   RO          445    .text.HAL_RCC_ClockConfig  lto-llvm-8280f3.o
    0x08001990   0x08001990   0x0000000c   Code   RO          447    .text.HAL_RCC_GetHCLKFreq  lto-llvm-8280f3.o
    0x0800199c   0x0800199c   0x0000001c   Code   RO          449    .text.HAL_RCC_GetPCLK1Freq  lto-llvm-8280f3.o
    0x080019b8   0x080019b8   0x00000020   Code   RO          451    .text.HAL_RCC_GetPCLK2Freq  lto-llvm-8280f3.o
    0x080019d8   0x080019d8   0x00000114   Code   RO          443    .text.HAL_RCC_GetSysClockFreq  lto-llvm-8280f3.o
    0x08001aec   0x08001aec   0x000007a4   Code   RO          441    .text.HAL_RCC_OscConfig  lto-llvm-8280f3.o
    0x08002290   0x08002290   0x00000010   Code   RO          353    .text.HAL_SYSTICK_Config  lto-llvm-8280f3.o
    0x080022a0   0x080022a0   0x00000148   Code   RO          473    .text.HAL_TIM_PWM_ConfigChannel  lto-llvm-8280f3.o
    0x080023e8   0x080023e8   0x00000080   Code   RO          459    .text.HAL_TIM_PWM_Init  lto-llvm-8280f3.o
    0x08002468   0x08002468   0x0000006c   Code   RO          295    .text.HAL_TIM_PWM_MspInit  lto-llvm-8280f3.o
    0x080024d4   0x080024d4   0x00000114   Code   RO          461    .text.HAL_TIM_PWM_Start  lto-llvm-8280f3.o
    0x080025e8   0x080025e8   0x00000088   Code   RO          463    .text.HAL_TIM_PWM_Stop  lto-llvm-8280f3.o
    0x08002670   0x08002670   0x000000ec   Code   RO          509    .text.HAL_UARTEx_ReceiveToIdle_IT  lto-llvm-8280f3.o
    0x0800275c   0x0800275c   0x00000040   Code   RO          243    .text.HAL_UARTEx_RxEventCallback  lto-llvm-8280f3.o
    0x0800279c   0x0800279c   0x00000008   Code   RO          507    .text.HAL_UARTEx_WakeupCallback  lto-llvm-8280f3.o
    0x080027a4   0x080027a4   0x00000008   Code   RO          497    .text.HAL_UART_ErrorCallback  lto-llvm-8280f3.o
    0x080027ac   0x080027ac   0x0000051c   Code   RO          501    .text.HAL_UART_IRQHandler  lto-llvm-8280f3.o
    0x08002cc8   0x08002cc8   0x000000b4   Code   RO          475    .text.HAL_UART_Init  lto-llvm-8280f3.o
    0x08002d7c   0x08002d7c   0x00000080   Code   RO          293    .text.HAL_UART_MspInit  lto-llvm-8280f3.o
    0x08002dfc   0x08002dfc   0x00000008   Code   RO          495    .text.HAL_UART_RxCpltCallback  lto-llvm-8280f3.o
    0x08002e04   0x08002e04   0x00000160   Code   RO          487    .text.HAL_UART_Transmit  lto-llvm-8280f3.o
    0x08002f64   0x08002f64   0x00000008   Code   RO          499    .text.HAL_UART_TxCpltCallback  lto-llvm-8280f3.o
    0x08002f6c   0x08002f6c   0x00000004   Code   RO          279    .text.HardFault_Handler  lto-llvm-8280f3.o
    0x08002f70   0x08002f70   0x00000024   Code   RO          289    .text.I2C1_IRQHandler  lto-llvm-8280f3.o
    0x08002f94   0x08002f94   0x00000036   Code   RO          431    .text.I2C_ConvertOtherXferOptions  lto-llvm-8280f3.o
    0x08002fca   0x08002fca   0x0000003e   Code   RO          403    .text.I2C_DMAAbort  lto-llvm-8280f3.o
    0x08003008   0x08003008   0x000000cc   Code   RO          391    .text.I2C_Disable_IRQ  lto-llvm-8280f3.o
    0x080030d4   0x080030d4   0x00000144   Code   RO          379    .text.I2C_Enable_IRQ  lto-llvm-8280f3.o
    0x08003218   0x08003218   0x00000040   Code   RO          373    .text.I2C_Flush_TXDR  lto-llvm-8280f3.o
    0x08003258   0x08003258   0x00000130   Code   RO          417    .text.I2C_ITAddrCplt  lto-llvm-8280f3.o
    0x08003388   0x08003388   0x000001e8   Code   RO          387    .text.I2C_ITError   lto-llvm-8280f3.o
    0x08003570   0x08003570   0x000000a0   Code   RO          413    .text.I2C_ITListenCplt  lto-llvm-8280f3.o
    0x08003610   0x08003610   0x000001b4   Code   RO          389    .text.I2C_ITMasterCplt  lto-llvm-8280f3.o
    0x080037c4   0x080037c4   0x0000007e   Code   RO          427    .text.I2C_ITMasterSeqCplt  lto-llvm-8280f3.o
    0x08003842   0x08003842   0x00000002   PAD
    0x08003844   0x08003844   0x00000234   Code   RO          411    .text.I2C_ITSlaveCplt  lto-llvm-8280f3.o
    0x08003a78   0x08003a78   0x000000ca   Code   RO          415    .text.I2C_ITSlaveSeqCplt  lto-llvm-8280f3.o
    0x08003b42   0x08003b42   0x00000002   PAD
    0x08003b44   0x08003b44   0x00000228   Code   RO          381    .text.I2C_Master_ISR_DMA  lto-llvm-8280f3.o
    0x08003d6c   0x08003d6c   0x0000029c   Code   RO          377    .text.I2C_Master_ISR_IT  lto-llvm-8280f3.o
    0x08004008   0x08004008   0x00000278   Code   RO          385    .text.I2C_Mem_ISR_DMA  lto-llvm-8280f3.o
    0x08004280   0x08004280   0x00000028   Code   RO          301    .text.I2C_ReciData  lto-llvm-8280f3.o
    0x080042a8   0x080042a8   0x00000020   Code   RO          299    .text.I2C_SendData  lto-llvm-8280f3.o
    0x080042c8   0x080042c8   0x00000230   Code   RO          383    .text.I2C_Slave_ISR_DMA  lto-llvm-8280f3.o
    0x080044f8   0x080044f8   0x00000248   Code   RO          401    .text.I2C_Slave_ISR_IT  lto-llvm-8280f3.o
    0x08004740   0x08004740   0x00000054   Code   RO          371    .text.I2C_TransferConfig  lto-llvm-8280f3.o
    0x08004794   0x08004794   0x00000052   Code   RO          405    .text.I2C_TreatErrorCallback  lto-llvm-8280f3.o
    0x080047e6   0x080047e6   0x00000008   Code   RO          287    .text.LPUART1_IRQHandler  lto-llvm-8280f3.o
    0x080047ee   0x080047ee   0x00000004   Code   RO          277    .text.NMI_Handler   lto-llvm-8280f3.o
    0x080047f2   0x080047f2   0x00000002   Code   RO          283    .text.PendSV_Handler  lto-llvm-8280f3.o
    0x080047f4   0x080047f4   0x0000001a   Code   RO          271    .text.ReciCb        lto-llvm-8280f3.o
    0x0800480e   0x0800480e   0x00000002   Code   RO          281    .text.SVC_Handler   lto-llvm-8280f3.o
    0x08004810   0x08004810   0x0000004c   Code   RO          355    .text.SysTick_Config  lto-llvm-8280f3.o
    0x0800485c   0x0800485c   0x00000008   Code   RO          285    .text.SysTick_Handler  lto-llvm-8280f3.o
    0x08004864   0x08004864   0x000000ac   Code   RO          455    .text.TIM_Base_SetConfig  lto-llvm-8280f3.o
    0x08004910   0x08004910   0x00000032   Code   RO          457    .text.TIM_CCxChannelCmd  lto-llvm-8280f3.o
    0x08004942   0x08004942   0x0000006c   Code   RO          465    .text.TIM_OC1_SetConfig  lto-llvm-8280f3.o
    0x080049ae   0x080049ae   0x00000074   Code   RO          467    .text.TIM_OC2_SetConfig  lto-llvm-8280f3.o
    0x08004a22   0x08004a22   0x00000070   Code   RO          469    .text.TIM_OC3_SetConfig  lto-llvm-8280f3.o
    0x08004a92   0x08004a92   0x00000076   Code   RO          471    .text.TIM_OC4_SetConfig  lto-llvm-8280f3.o
    0x08004b08   0x08004b08   0x0000015a   Code   RO          479    .text.UART_AdvFeatureConfig  lto-llvm-8280f3.o
    0x08004c62   0x08004c62   0x00000002   PAD
    0x08004c64   0x08004c64   0x00000154   Code   RO          481    .text.UART_CheckIdleState  lto-llvm-8280f3.o
    0x08004db8   0x08004db8   0x00000024   Code   RO          503    .text.UART_DMAAbortOnError  lto-llvm-8280f3.o
    0x08004ddc   0x08004ddc   0x000000b0   Code   RO          485    .text.UART_EndRxTransfer  lto-llvm-8280f3.o
    0x08004e8c   0x08004e8c   0x0000004a   Code   RO          505    .text.UART_EndTransmit_IT  lto-llvm-8280f3.o
    0x08004ed6   0x08004ed6   0x00000002   PAD
    0x08004ed8   0x08004ed8   0x00000190   Code   RO          491    .text.UART_RxISR_16BIT  lto-llvm-8280f3.o
    0x08005068   0x08005068   0x00000190   Code   RO          493    .text.UART_RxISR_8BIT  lto-llvm-8280f3.o
    0x080051f8   0x080051f8   0x000003dc   Code   RO          477    .text.UART_SetConfig  lto-llvm-8280f3.o
    0x080055d4   0x080055d4   0x000001a0   Code   RO          489    .text.UART_Start_Receive_IT  lto-llvm-8280f3.o
    0x08005774   0x08005774   0x000000f6   Code   RO          483    .text.UART_WaitOnFlagUntilTimeout  lto-llvm-8280f3.o
    0x0800586a   0x0800586a   0x00000002   PAD
    0x0800586c   0x0800586c   0x0000002c   Code   RO          351    .text.__NVIC_EnableIRQ  lto-llvm-8280f3.o
    0x08005898   0x08005898   0x00000084   Code   RO          347    .text.__NVIC_SetPriority  lto-llvm-8280f3.o
    0x0800591c   0x0800591c   0x00000026   Code   RO          253    .text.delay         lto-llvm-8280f3.o
    0x08005942   0x08005942   0x00000008   Code   RO          261    .text.getSDA        lto-llvm-8280f3.o
    0x0800594a   0x0800594a   0x00000002   PAD
    0x0800594c   0x0800594c   0x000000c0   Code   RO          273    .text.main          lto-llvm-8280f3.o
    0x08005a0c   0x08005a0c   0x0000003c   Code   RO          233    .text.sBSP_I2C1_Init  lto-llvm-8280f3.o
    0x08005a48   0x08005a48   0x000000bc   Code   RO          235    .text.sBSP_SYS_InitRCC  lto-llvm-8280f3.o
    0x08005b04   0x08005b04   0x00000048   Code   RO          331    .text.sBSP_TIM2_Init  lto-llvm-8280f3.o
    0x08005b4c   0x08005b4c   0x00000020   Code   RO          333    .text.sBSP_TIM2_SetCH3PWMEN  lto-llvm-8280f3.o
    0x08005b6c   0x08005b6c   0x00000044   Code   RO          237    .text.sBSP_UART1_Init  lto-llvm-8280f3.o
    0x08005bb0   0x08005bb0   0x0000002c   Code   RO          241    .text.sBSP_UART1_ReadBytesBegin  lto-llvm-8280f3.o
    0x08005bdc   0x08005bdc   0x00000016   Code   RO          239    .text.sBSP_UART1_SendBytes  lto-llvm-8280f3.o
    0x08005bf2   0x08005bf2   0x00000002   PAD
    0x08005bf4   0x08005bf4   0x00000058   Code   RO          245    .text.sBSP_softI2C_Init  lto-llvm-8280f3.o
    0x08005c4c   0x08005c4c   0x00000030   Code   RO          265    .text.sBSP_softI2C_ReciACK  lto-llvm-8280f3.o
    0x08005c7c   0x08005c7c   0x00000070   Code   RO          259    .text.sBSP_softI2C_ReciByte  lto-llvm-8280f3.o
    0x08005cec   0x08005cec   0x00000074   Code   RO          269    .text.sBSP_softI2C_ReciData  lto-llvm-8280f3.o
    0x08005d60   0x08005d60   0x00000026   Code   RO          263    .text.sBSP_softI2C_SendACK  lto-llvm-8280f3.o
    0x08005d86   0x08005d86   0x00000054   Code   RO          257    .text.sBSP_softI2C_SendByte  lto-llvm-8280f3.o
    0x08005dda   0x08005dda   0x0000005a   Code   RO          267    .text.sBSP_softI2C_SendData  lto-llvm-8280f3.o
    0x08005e34   0x08005e34   0x0000002c   Code   RO          251    .text.sBSP_softI2C_Start  lto-llvm-8280f3.o
    0x08005e60   0x08005e60   0x00000024   Code   RO          255    .text.sBSP_softI2C_Stop  lto-llvm-8280f3.o
    0x08005e84   0x08005e84   0x00000010   Code   RO          305    .text.sDRV_AHT10_BeginMeasure  lto-llvm-8280f3.o
    0x08005e94   0x08005e94   0x00000094   Code   RO          307    .text.sDRV_AHT10_EndMeasure  lto-llvm-8280f3.o
    0x08005f28   0x08005f28   0x0000000c   Code   RO          309    .text.sDRV_AHT10_GetHumi  lto-llvm-8280f3.o
    0x08005f34   0x08005f34   0x0000000c   Code   RO          311    .text.sDRV_AHT10_GetTemp  lto-llvm-8280f3.o
    0x08005f40   0x08005f40   0x00000018   Code   RO          303    .text.sDRV_AHT10_Init  lto-llvm-8280f3.o
    0x08005f58   0x08005f58   0x00000068   Code   RO          317    .text.sDRV_BMP280_GetMeasure  lto-llvm-8280f3.o
    0x08005fc0   0x08005fc0   0x000001cc   Code   RO          319    .text.sDRV_BMP280_GetPress  lto-llvm-8280f3.o
    0x0800618c   0x0800618c   0x00000074   Code   RO          321    .text.sDRV_BMP280_GetTemp  lto-llvm-8280f3.o
    0x08006200   0x08006200   0x000000d0   Code   RO          313    .text.sDRV_BMP280_Init  lto-llvm-8280f3.o
    0x080062d0   0x080062d0   0x00000008   Code   RO          323    .text.sDRV_LED_Init  lto-llvm-8280f3.o
    0x080062d8   0x080062d8   0x00000026   Code   RO          325    .text.sDRV_LED_SetMode  lto-llvm-8280f3.o
    0x080062fe   0x080062fe   0x00000014   Code   RO          327    .text.sDRV_UART_Init  lto-llvm-8280f3.o
    0x08006312   0x08006312   0x00000002   PAD
    0x08006314   0x08006314   0x0000003c   Code   RO          329    .text.sDRV_UART_Printf  lto-llvm-8280f3.o
    0x08006350   0x08006350   0x00000006   Code   RO          275    .text.sERROR_Handler  lto-llvm-8280f3.o
    0x08006356   0x08006356   0x00000014   Code   RO          247    .text.setSCL        lto-llvm-8280f3.o
    0x0800636a   0x0800636a   0x00000014   Code   RO          249    .text.setSDA        lto-llvm-8280f3.o
    0x0800637e   0x0800637e   0x00000002   PAD
    0x08006380   0x08006380   0x00000024   Code   RO          114    i.__0vsprintf       mc_p.l(printfa.o)
    0x080063a4   0x080063a4   0x0000002e   Code   RO          230    i.__ARM_clz         mf_p.l(depilogue.o)
    0x080063d2   0x080063d2   0x0000000e   Code   RO          561    i.__scatterload_copy  mc_p.l(handlers.o)
    0x080063e0   0x080063e0   0x00000002   Code   RO          562    i.__scatterload_null  mc_p.l(handlers.o)
    0x080063e2   0x080063e2   0x0000000e   Code   RO          563    i.__scatterload_zeroinit  mc_p.l(handlers.o)
    0x080063f0   0x080063f0   0x00000174   Code   RO          115    i._fp_digits        mc_p.l(printfa.o)
    0x08006564   0x08006564   0x000006ec   Code   RO          116    i._printf_core      mc_p.l(printfa.o)
    0x08006c50   0x08006c50   0x00000020   Code   RO          117    i._printf_post_padding  mc_p.l(printfa.o)
    0x08006c70   0x08006c70   0x0000002c   Code   RO          118    i._printf_pre_padding  mc_p.l(printfa.o)
    0x08006c9c   0x08006c9c   0x0000000a   Code   RO          120    i._sputc            mc_p.l(printfa.o)
    0x08006ca6   0x08006ca6   0x00000009   Data   RO          536    .rodata.PLLMulTable  lto-llvm-8280f3.o
    0x08006caf   0x08006caf   0x00000010   Data   RO          534    .rodata.cst16       lto-llvm-8280f3.o
    0x08006cbf   0x08006cbf   0x00000008   Data   RO          535    .rodata.cst8        lto-llvm-8280f3.o
    0x08006cc7   0x08006cc7   0x0000006b   Data   RO          513    .rodata.str1.1      lto-llvm-8280f3.o
    0x08006d32   0x08006d32   0x00000002   PAD
    0x08006d34   0x08006d34   0x00000020   Data   RO          560    Region$$Table       anon$$obj.o


    Execution Region RW_IRAM1 (Exec base: 0x20000000, Load base: 0x08006d58, Size: 0x00000698, Max: 0x00002000, ABSOLUTE)

    Exec Addr    Load Addr    Size         Type   Attr      Idx    E Section Name        Object

    0x20000000   0x08006d58   0x00000004   Data   RW          533    .data.SystemCoreClock  lto-llvm-8280f3.o
    0x20000004   0x08006d5c   0x00000003   Data   RW          516    .data.aht10_comm_init  lto-llvm-8280f3.o
    0x20000007   0x08006d5f   0x00000003   Data   RW          517    .data.aht10_comm_measure  lto-llvm-8280f3.o
    0x2000000a   0x08006d62   0x00000002   PAD
    0x2000000c   0x08006d64   0x00000004   Data   RW          532    .data.uwTickPrio    lto-llvm-8280f3.o
    0x20000010        -       0x00000080   Zero   RW          512    .bss.UART1_RxBuf    lto-llvm-8280f3.o
    0x20000090        -       0x00000044   Zero   RW          525    .bss.bmp280         lto-llvm-8280f3.o
    0x200000d4        -       0x00000080   Zero   RW          529    .bss.format_buffer  lto-llvm-8280f3.o
    0x20000154        -       0x00000040   Zero   RW          530    .bss.hTIM2          lto-llvm-8280f3.o
    0x20000194        -       0x00000054   Zero   RW          523    .bss.hi2c1          lto-llvm-8280f3.o
    0x200001e8        -       0x00000088   Zero   RW          515    .bss.huart1         lto-llvm-8280f3.o
    0x20000270        -       0x00000004   Zero   RW          521    .bss.humi           lto-llvm-8280f3.o
    0x20000274        -       0x00000004   Zero   RW          519    .bss.raw_humi       lto-llvm-8280f3.o
    0x20000278        -       0x00000004   Zero   RW          520    .bss.raw_temp       lto-llvm-8280f3.o
    0x2000027c        -       0x00000006   Zero   RW          518    .bss.reci_data      lto-llvm-8280f3.o
    0x20000282   0x08006d68   0x00000002   PAD
    0x20000284        -       0x00000004   Zero   RW          528    .bss.t_fine         lto-llvm-8280f3.o
    0x20000288        -       0x00000004   Zero   RW          522    .bss.temp           lto-llvm-8280f3.o
    0x2000028c        -       0x00000004   Zero   RW          511    .bss.uart1_reci_data_end_cb  lto-llvm-8280f3.o
    0x20000290        -       0x00000004   Zero   RW          531    .bss.uwTick         lto-llvm-8280f3.o
    0x20000294   0x08006d68   0x00000004   PAD
    0x20000298        -       0x00000400   Zero   RW           20    STACK               startup_stm32l031xx.o


==============================================================================

Image component sizes


      Code (inc. data)   RO Data    RW Data    ZI Data      Debug   Object Name

     23306        712        140         14        642      91552   lto-llvm-8280f3.o
        20          4        192          0       1024        692   startup_stm32l031xx.o

    ----------------------------------------------------------------------
     23348        716        366         16       1672      92244   Object Totals
         0          0         32          0          0          0   (incl. Generated)
        22          0          2          2          6          0   (incl. Padding)

    ----------------------------------------------------------------------

      Code (inc. data)   RO Data    RW Data    ZI Data      Debug   Library Member Name

         0          0          0          0          0          0   entry.o
         0          0          0          0          0          0   entry10a.o
         0          0          0          0          0          0   entry11a.o
         8          4          0          0          0          0   entry2.o
         4          0          0          0          0          0   entry5.o
         0          0          0          0          0          0   entry7b.o
         0          0          0          0          0          0   entry8b.o
         8          4          0          0          0          0   entry9a.o
        30          0          0          0          0          0   handlers.o
        36          8          0          0          0         68   init.o
         0          0          0          0          0          0   iusefp.o
        76          0          0          0          0         76   ldiv.o
        48          0          0          0          0         72   llmul.o
        32          0          0          0          0         68   llshl.o
        38          0          0          0          0         68   llsshr.o
        34          0          0          0          0         68   llushr.o
        36          0          0          0          0        100   memseta.o
      2266         96          0          0          0        460   printfa.o
        14          0          0          0          0         60   strlen.o
        62          0          0          0          0         72   uidiv_div0.o
        96          0          0          0          0         84   uldiv.o
        40          2          0          0          0         68   cdrcmple.o
        56          0          0          0          0         68   d2f.o
       356          4          0          0          0        140   dadd.o
       240          6          0          0          0         84   ddiv.o
       236          0          0          0          0        216   depilogue.o
        64         10          0          0          0         68   dfixul.o
        40          6          0          0          0         68   dflti.o
        44          6          0          0          0         72   dfltl.o
        28          4          0          0          0         68   dfltui.o
       208          6          0          0          0         88   dmul.o
        40          0          0          0          0         60   f2d.o
       130          0          0          0          0        144   fepilogue.o

    ----------------------------------------------------------------------
      4274        156          0          0          0       2340   Library Totals
         4          0          0          0          0          0   (incl. Padding)

    ----------------------------------------------------------------------

      Code (inc. data)   RO Data    RW Data    ZI Data      Debug   Library Name

      2788        112          0          0          0       1196   mc_p.l
      1482         44          0          0          0       1144   mf_p.l

    ----------------------------------------------------------------------
      4274        156          0          0          0       2340   Library Totals

    ----------------------------------------------------------------------

==============================================================================


      Code (inc. data)   RO Data    RW Data    ZI Data      Debug   

     27622        872        366         16       1672      93584   Grand Totals
     27622        872        366         16       1672      93584   ELF Image Totals
     27622        872        366         16          0          0   ROM Totals

==============================================================================

    Total RO  Size (Code + RO Data)                27988 (  27.33kB)
    Total RW  Size (RW Data + ZI Data)              1688 (   1.65kB)
    Total ROM Size (Code + RO Data + RW Data)      28004 (  27.35kB)

==============================================================================

