Component: Arm Compiler for Embedded 6.19 Tool: armlink [5e73cb00]

==============================================================================

Section Cross References

    startup_stm32l031xx.o(RESET) refers to startup_stm32l031xx.o(STACK) for __initial_sp
    startup_stm32l031xx.o(RESET) refers to startup_stm32l031xx.o(.text) for Reset_Handler
    startup_stm32l031xx.o(RESET) refers to lto-llvm-e98f47.o(.text.NMI_Handler) for NMI_Handler
    startup_stm32l031xx.o(RESET) refers to lto-llvm-e98f47.o(.text.HardFault_Handler) for HardFault_Handler
    startup_stm32l031xx.o(RESET) refers to lto-llvm-e98f47.o(.text.SVC_Handler) for SVC_Handler
    startup_stm32l031xx.o(RESET) refers to lto-llvm-e98f47.o(.text.PendSV_Handler) for PendSV_Handler
    startup_stm32l031xx.o(RESET) refers to lto-llvm-e98f47.o(.text.SysTick_Handler) for SysTick_Handler
    startup_stm32l031xx.o(RESET) refers to lto-llvm-e98f47.o(.text.RTC_IRQHandler) for RTC_IRQHandler
    startup_stm32l031xx.o(RESET) refers to lto-llvm-e98f47.o(.text.EXTI4_15_IRQHandler) for EXTI4_15_IRQHandler
    startup_stm32l031xx.o(RESET) refers to lto-llvm-e98f47.o(.text.I2C1_IRQHandler) for I2C1_IRQHandler
    startup_stm32l031xx.o(RESET) refers to lto-llvm-e98f47.o(.text.LPUART1_IRQHandler) for LPUART1_IRQHandler
    startup_stm32l031xx.o(.text) refers to entry.o(.ARM.Collect$$$$00000000) for __main
    powf.o(i.__softfp_powf) refers (Special) to iusefp.o(.text) for __I$use$fp
    powf.o(i.__softfp_powf) refers to powf.o(i.powf) for powf
    powf.o(i.powf) refers (Special) to iusefp.o(.text) for __I$use$fp
    powf.o(i.powf) refers to fflti.o(.text) for __aeabi_i2f
    powf.o(i.powf) refers to fscalb.o(.text) for __ARM_scalbnf
    powf.o(i.powf) refers to fadd.o(.text) for __aeabi_fadd
    powf.o(i.powf) refers to fdiv.o(.text) for __aeabi_fdiv
    powf.o(i.powf) refers to fmul.o(.text) for __aeabi_fmul
    powf.o(i.powf) refers to fpstat.o(.text) for __ieee_status
    powf.o(i.powf) refers to ffixir.o(.text) for _ffix_r
    powf.o(i.powf) refers to fpclassifyf.o(i.__ARM_fpclassifyf) for __ARM_fpclassifyf
    powf.o(i.powf) refers to funder.o(i.__mathlib_flt_underflow) for __mathlib_flt_underflow
    powf.o(i.powf) refers to errno.o(i.__set_errno) for __set_errno
    powf.o(i.powf) refers to funder.o(i.__mathlib_flt_overflow) for __mathlib_flt_overflow
    powf.o(i.powf) refers to funder.o(i.__mathlib_flt_invalid) for __mathlib_flt_invalid
    powf.o(i.powf) refers to powf.o(.constdata) for .constdata
    powf.o(i.powf) refers to funder.o(i.__mathlib_flt_infnan2) for __mathlib_flt_infnan2
    powf.o(i.powf) refers to funder.o(i.__mathlib_flt_divzero) for __mathlib_flt_divzero
    powf.o(.constdata) refers (Special) to iusefp.o(.text) for __I$use$fp
    entry.o(.ARM.Collect$$$$00000000) refers (Special) to entry10a.o(.ARM.Collect$$$$0000000D) for __rt_final_cpp
    entry.o(.ARM.Collect$$$$00000000) refers (Special) to entry11a.o(.ARM.Collect$$$$0000000F) for __rt_final_exit
    entry.o(.ARM.Collect$$$$00000000) refers (Special) to entry7b.o(.ARM.Collect$$$$00000008) for _main_clock
    entry.o(.ARM.Collect$$$$00000000) refers (Special) to entry8b.o(.ARM.Collect$$$$0000000A) for _main_cpp_init
    entry.o(.ARM.Collect$$$$00000000) refers (Special) to entry9a.o(.ARM.Collect$$$$0000000B) for _main_init
    entry.o(.ARM.Collect$$$$00000000) refers (Special) to entry5.o(.ARM.Collect$$$$00000004) for _main_scatterload
    entry.o(.ARM.Collect$$$$00000000) refers (Special) to entry2.o(.ARM.Collect$$$$00000001) for _main_stk
    printfa.o(i.__0fprintf) refers (Special) to iusefp.o(.text) for __I$use$fp
    printfa.o(i.__0fprintf) refers to printfa.o(i._printf_core) for _printf_core
    printfa.o(i.__0fprintf) refers to fputc.o(i.fputc) for fputc
    printfa.o(i.__0printf) refers (Special) to iusefp.o(.text) for __I$use$fp
    printfa.o(i.__0printf) refers to printfa.o(i._printf_core) for _printf_core
    printfa.o(i.__0printf) refers to fputc.o(i.fputc) for fputc
    printfa.o(i.__0printf) refers to stdout.o(.data) for __stdout
    printfa.o(i.__0snprintf) refers (Special) to iusefp.o(.text) for __I$use$fp
    printfa.o(i.__0snprintf) refers to printfa.o(i._printf_core) for _printf_core
    printfa.o(i.__0snprintf) refers to printfa.o(i._snputc) for _snputc
    printfa.o(i.__0sprintf) refers (Special) to iusefp.o(.text) for __I$use$fp
    printfa.o(i.__0sprintf) refers to printfa.o(i._printf_core) for _printf_core
    printfa.o(i.__0sprintf) refers to printfa.o(i._sputc) for _sputc
    printfa.o(i.__0vfprintf) refers (Special) to iusefp.o(.text) for __I$use$fp
    printfa.o(i.__0vfprintf) refers to printfa.o(i._printf_core) for _printf_core
    printfa.o(i.__0vfprintf) refers to fputc.o(i.fputc) for fputc
    printfa.o(i.__0vprintf) refers (Special) to iusefp.o(.text) for __I$use$fp
    printfa.o(i.__0vprintf) refers to printfa.o(i._printf_core) for _printf_core
    printfa.o(i.__0vprintf) refers to fputc.o(i.fputc) for fputc
[...]
    lto-llvm-e98f47.o(.text.main) refers to lto-llvm-e98f47.o(.bss.temp) for [Anonymous Symbol]
    lto-llvm-e98f47.o(.text.main) refers to lto-llvm-e98f47.o(.bss.t_fine) for [Anonymous Symbol]
    lto-llvm-e98f47.o(.text.main) refers to f2d.o(.text) for __aeabi_f2d
    lto-llvm-e98f47.o(.text.main) refers to lto-llvm-e98f47.o(.bss.tx_buf) for [Anonymous Symbol]
    lto-llvm-e98f47.o(.text.main) refers to lto-llvm-e98f47.o(.bss.hi2c1) for [Anonymous Symbol]
    lto-llvm-e98f47.o(.text.main) refers to lto-llvm-e98f47.o(.text.I2C_Master_ISR_IT) for I2C_Master_ISR_IT
    lto-llvm-e98f47.o(.ARM.exidx.text.main) refers to lto-llvm-e98f47.o(.text.main) for [Anonymous Symbol]
    lto-llvm-e98f47.o(.ARM.exidx.text.NMI_Handler) refers to lto-llvm-e98f47.o(.text.NMI_Handler) for [Anonymous Symbol]
    lto-llvm-e98f47.o(.ARM.exidx.text.HardFault_Handler) refers to lto-llvm-e98f47.o(.text.HardFault_Handler) for [Anonymous Symbol]
    lto-llvm-e98f47.o(.ARM.exidx.text.SVC_Handler) refers to lto-llvm-e98f47.o(.text.SVC_Handler) for [Anonymous Symbol]
    lto-llvm-e98f47.o(.ARM.exidx.text.PendSV_Handler) refers to lto-llvm-e98f47.o(.text.PendSV_Handler) for [Anonymous Symbol]
    lto-llvm-e98f47.o(.text.SysTick_Handler) refers to lto-llvm-e98f47.o(.bss.uwTick) for [Anonymous Symbol]
    lto-llvm-e98f47.o(.ARM.exidx.text.SysTick_Handler) refers to lto-llvm-e98f47.o(.text.SysTick_Handler) for [Anonymous Symbol]
    lto-llvm-e98f47.o(.text.LPUART1_IRQHandler) refers to lto-llvm-e98f47.o(.bss.huart1) for [Anonymous Symbol]
    lto-llvm-e98f47.o(.text.LPUART1_IRQHandler) refers to lto-llvm-e98f47.o(.text.UART_DMAAbortOnError) for UART_DMAAbortOnError
    lto-llvm-e98f47.o(.ARM.exidx.text.LPUART1_IRQHandler) refers to lto-llvm-e98f47.o(.text.LPUART1_IRQHandler) for [Anonymous Symbol]
    lto-llvm-e98f47.o(.text.I2C1_IRQHandler) refers to lto-llvm-e98f47.o(.text.I2C_ITError) for I2C_ITError
    lto-llvm-e98f47.o(.text.I2C1_IRQHandler) refers to lto-llvm-e98f47.o(.bss.hi2c1) for [Anonymous Symbol]
    lto-llvm-e98f47.o(.ARM.exidx.text.I2C1_IRQHandler) refers to lto-llvm-e98f47.o(.text.I2C1_IRQHandler) for [Anonymous Symbol]
    lto-llvm-e98f47.o(.text.EXTI4_15_IRQHandler) refers to lto-llvm-e98f47.o(.text.sDRV_Si24R1_IrqHandler) for sDRV_Si24R1_IrqHandler
    lto-llvm-e98f47.o(.ARM.exidx.text.EXTI4_15_IRQHandler) refers to lto-llvm-e98f47.o(.text.EXTI4_15_IRQHandler) for [Anonymous Symbol]
    lto-llvm-e98f47.o(.text.RTC_IRQHandler) refers to lto-llvm-e98f47.o(.bss.hrtc) for [Anonymous Symbol]
    lto-llvm-e98f47.o(.ARM.exidx.text.RTC_IRQHandler) refers to lto-llvm-e98f47.o(.text.RTC_IRQHandler) for [Anonymous Symbol]
    lto-llvm-e98f47.o(.text.sDRV_AHT10_Init) refers to lto-llvm-e98f47.o(.text.HAL_GPIO_Init) for HAL_GPIO_Init
    lto-llvm-e98f47.o(.text.sDRV_AHT10_Init) refers to lto-llvm-e98f47.o(.text.sBSP_softI2C_SendData) for sBSP_softI2C_SendData
    lto-llvm-e98f47.o(.text.sDRV_AHT10_Init) refers to lto-llvm-e98f47.o(.bss.uwTick) for [Anonymous Symbol]
    lto-llvm-e98f47.o(.text.sDRV_AHT10_Init) refers to lto-llvm-e98f47.o(.data.aht10_comm_init) for [Anonymous Symbol]
    lto-llvm-e98f47.o(.ARM.exidx.text.sDRV_AHT10_Init) refers to lto-llvm-e98f47.o(.text.sDRV_AHT10_Init) for [Anonymous Symbol]
    lto-llvm-e98f47.o(.text.sDRV_BMP280_Init) refers to lto-llvm-e98f47.o(.text.HAL_GPIO_Init) for HAL_GPIO_Init
    lto-llvm-e98f47.o(.text.sDRV_BMP280_Init) refers to lto-llvm-e98f47.o(.text.HAL_I2C_Master_Seq_Transmit_IT) for HAL_I2C_Master_Seq_Transmit_IT
    lto-llvm-e98f47.o(.text.sDRV_BMP280_Init) refers to lto-llvm-e98f47.o(.text.HAL_I2C_Master_Seq_Receive_IT) for HAL_I2C_Master_Seq_Receive_IT
    lto-llvm-e98f47.o(.text.sDRV_BMP280_Init) refers to lto-llvm-e98f47.o(.bss.hi2c1) for [Anonymous Symbol]
    lto-llvm-e98f47.o(.text.sDRV_BMP280_Init) refers to lto-llvm-e98f47.o(.bss.uwTick) for [Anonymous Symbol]
    lto-llvm-e98f47.o(.text.sDRV_BMP280_Init) refers to lto-llvm-e98f47.o(.bss.bmp280) for [Anonymous Symbol]
    lto-llvm-e98f47.o(.text.sDRV_BMP280_Init) refers to lto-llvm-e98f47.o(.text.I2C_Master_ISR_IT) for I2C_Master_ISR_IT
    lto-llvm-e98f47.o(.ARM.exidx.text.sDRV_BMP280_Init) refers to lto-llvm-e98f47.o(.text.sDRV_BMP280_Init) for [Anonymous Symbol]
    lto-llvm-e98f47.o(.text.sDRV_UART_Init) refers to lto-llvm-e98f47.o(.text.HAL_GPIO_Init) for HAL_GPIO_Init
    lto-llvm-e98f47.o(.text.sDRV_UART_Init) refers to lto-llvm-e98f47.o(.bss.huart1) for [Anonymous Symbol]
    lto-llvm-e98f47.o(.text.sDRV_UART_Init) refers to lto-llvm-e98f47.o(.data.SystemCoreClock) for [Anonymous Symbol]
    lto-llvm-e98f47.o(.text.sDRV_UART_Init) refers to lto-llvm-e98f47.o(.rodata.cst8) for [Anonymous Symbol]
    lto-llvm-e98f47.o(.text.sDRV_UART_Init) refers to uldiv.o(.text) for __aeabi_uldivmod
    lto-llvm-e98f47.o(.text.sDRV_UART_Init) refers to uidiv_div0.o(.text) for __aeabi_uidiv
    lto-llvm-e98f47.o(.text.sDRV_UART_Init) refers to lto-llvm-e98f47.o(.text.UART_WaitOnFlagUntilTimeout) for UART_WaitOnFlagUntilTimeout
    lto-llvm-e98f47.o(.text.sDRV_UART_Init) refers to lto-llvm-e98f47.o(.rodata.PLLMulTable) for [Anonymous Symbol]
    lto-llvm-e98f47.o(.text.sDRV_UART_Init) refers to lto-llvm-e98f47.o(.bss.uwTick) for [Anonymous Symbol]
    lto-llvm-e98f47.o(.ARM.exidx.text.sDRV_UART_Init) refers to lto-llvm-e98f47.o(.text.sDRV_UART_Init) for [Anonymous Symbol]
    lto-llvm-e98f47.o(.text.sDRV_UART_Printf) refers to printfa.o(i.__0vsprintf) for vsprintf
    lto-llvm-e98f47.o(.text.sDRV_UART_Printf) refers to strlen.o(.text) for strlen
    lto-llvm-e98f47.o(.text.sDRV_UART_Printf) refers to lto-llvm-e98f47.o(.text.UART_WaitOnFlagUntilTimeout) for UART_WaitOnFlagUntilTimeout
    lto-llvm-e98f47.o(.text.sDRV_UART_Printf) refers to lto-llvm-e98f47.o(.bss.format_buffer) for [Anonymous Symbol]
    lto-llvm-e98f47.o(.text.sDRV_UART_Printf) refers to lto-llvm-e98f47.o(.bss.huart1) for [Anonymous Symbol]
    lto-llvm-e98f47.o(.text.sDRV_UART_Printf) refers to lto-llvm-e98f47.o(.bss.uwTick) for [Anonymous Symbol]
    lto-llvm-e98f47.o(.ARM.exidx.text.sDRV_UART_Printf) refers to lto-llvm-e98f47.o(.text.sDRV_UART_Printf) for [Anonymous Symbol]
    lto-llvm-e98f47.o(.text.sDRV_Si24R1_IrqHandler) refers to lto-llvm-e98f47.o(.text.sDRV_UART_Printf) for sDRV_UART_Printf
    lto-llvm-e98f47.o(.text.sDRV_Si24R1_IrqHandler) refers to lto-llvm-e98f47.o(.bss.data) for [Anonymous Symbol]
    lto-llvm-e98f47.o(.ARM.exidx.text.sDRV_Si24R1_IrqHandler) refers to lto-llvm-e98f47.o(.text.sDRV_Si24R1_IrqHandler) for [Anonymous Symbol]
    lto-llvm-e98f47.o(.ARM.exidx.text.sDRV_Si24R1_SetStandby) refers to lto-llvm-e98f47.o(.text.sDRV_Si24R1_SetStandby) for [Anonymous Symbol]
    lto-llvm-e98f47.o(.ARM.exidx.text.sDRV_Si24R1_SetIdleTX) refers to lto-llvm-e98f47.o(.text.sDRV_Si24R1_SetIdleTX) for [Anonymous Symbol]
    lto-llvm-e98f47.o(.text.HAL_ADC_ConfigChannel) refers to uidiv_div0.o(.text) for __aeabi_uidiv
    lto-llvm-e98f47.o(.text.HAL_ADC_ConfigChannel) refers to lto-llvm-e98f47.o(.bss.hadc) for [Anonymous Symbol]
    lto-llvm-e98f47.o(.text.HAL_ADC_ConfigChannel) refers to lto-llvm-e98f47.o(.bss.sConfig.0) for [Anonymous Symbol]
    lto-llvm-e98f47.o(.text.HAL_ADC_ConfigChannel) refers to lto-llvm-e98f47.o(.bss.sConfig.1) for [Anonymous Symbol]
    lto-llvm-e98f47.o(.text.HAL_ADC_ConfigChannel) refers to lto-llvm-e98f47.o(.data.SystemCoreClock) for [Anonymous Symbol]
    lto-llvm-e98f47.o(.ARM.exidx.text.HAL_ADC_ConfigChannel) refers to lto-llvm-e98f47.o(.text.HAL_ADC_ConfigChannel) for [Anonymous Symbol]
    lto-llvm-e98f47.o(.ARM.exidx.text.HAL_GPIO_Init) refers to lto-llvm-e98f47.o(.text.HAL_GPIO_Init) for [Anonymous Symbol]
    lto-llvm-e98f47.o(.text.I2C_Master_ISR_IT) refers to lto-llvm-e98f47.o(.text.I2C_ITMasterSeqCplt) for I2C_ITMasterSeqCplt
    lto-llvm-e98f47.o(.text.I2C_Master_ISR_IT) refers to lto-llvm-e98f47.o(.text.I2C_ITError) for I2C_ITError
    lto-llvm-e98f47.o(.ARM.exidx.text.I2C_Master_ISR_IT) refers to lto-llvm-e98f47.o(.text.I2C_Master_ISR_IT) for [Anonymous Symbol]
    lto-llvm-e98f47.o(.ARM.exidx.text.I2C_ITMasterSeqCplt) refers to lto-llvm-e98f47.o(.text.I2C_ITMasterSeqCplt) for [Anonymous Symbol]
    lto-llvm-e98f47.o(.text.I2C_ITError) refers to lto-llvm-e98f47.o(.text.I2C_DMAAbort) for I2C_DMAAbort
    lto-llvm-e98f47.o(.text.I2C_ITError) refers to lto-llvm-e98f47.o(.text.I2C_Slave_ISR_IT) for I2C_Slave_ISR_IT
    lto-llvm-e98f47.o(.ARM.exidx.text.I2C_ITError) refers to lto-llvm-e98f47.o(.text.I2C_ITError) for [Anonymous Symbol]
    lto-llvm-e98f47.o(.text.I2C_Slave_ISR_IT) refers to lto-llvm-e98f47.o(.text.I2C_ITError) for I2C_ITError
    lto-llvm-e98f47.o(.text.I2C_Slave_ISR_IT) refers to lto-llvm-e98f47.o(.text.I2C_ITSlaveSeqCplt) for I2C_ITSlaveSeqCplt
    lto-llvm-e98f47.o(.ARM.exidx.text.I2C_Slave_ISR_IT) refers to lto-llvm-e98f47.o(.text.I2C_Slave_ISR_IT) for [Anonymous Symbol]
    lto-llvm-e98f47.o(.ARM.exidx.text.I2C_DMAAbort) refers to lto-llvm-e98f47.o(.text.I2C_DMAAbort) for [Anonymous Symbol]
    lto-llvm-e98f47.o(.ARM.exidx.text.I2C_ITSlaveSeqCplt) refers to lto-llvm-e98f47.o(.text.I2C_ITSlaveSeqCplt) for [Anonymous Symbol]
    lto-llvm-e98f47.o(.text.HAL_I2C_Master_Seq_Transmit_IT) refers to lto-llvm-e98f47.o(.bss.hi2c1) for [Anonymous Symbol]
    lto-llvm-e98f47.o(.text.HAL_I2C_Master_Seq_Transmit_IT) refers to lto-llvm-e98f47.o(.text.I2C_Master_ISR_IT) for I2C_Master_ISR_IT
    lto-llvm-e98f47.o(.ARM.exidx.text.HAL_I2C_Master_Seq_Transmit_IT) refers to lto-llvm-e98f47.o(.text.HAL_I2C_Master_Seq_Transmit_IT) for [Anonymous Symbol]
    lto-llvm-e98f47.o(.text.HAL_I2C_Master_Seq_Receive_IT) refers to lto-llvm-e98f47.o(.bss.hi2c1) for [Anonymous Symbol]
    lto-llvm-e98f47.o(.text.HAL_I2C_Master_Seq_Receive_IT) refers to lto-llvm-e98f47.o(.text.I2C_Master_ISR_IT) for I2C_Master_ISR_IT
    lto-llvm-e98f47.o(.ARM.exidx.text.HAL_I2C_Master_Seq_Receive_IT) refers to lto-llvm-e98f47.o(.text.HAL_I2C_Master_Seq_Receive_IT) for [Anonymous Symbol]
    lto-llvm-e98f47.o(.text.HAL_RCC_OscConfig) refers to uidiv_div0.o(.text) for __aeabi_uidiv
    lto-llvm-e98f47.o(.text.HAL_RCC_OscConfig) refers to lto-llvm-e98f47.o(.bss.uwTick) for [Anonymous Symbol]
    lto-llvm-e98f47.o(.text.HAL_RCC_OscConfig) refers to lto-llvm-e98f47.o(.rodata.PLLMulTable) for [Anonymous Symbol]
    lto-llvm-e98f47.o(.text.HAL_RCC_OscConfig) refers to lto-llvm-e98f47.o(.rodata.cst16) for [Anonymous Symbol]
    lto-llvm-e98f47.o(.text.HAL_RCC_OscConfig) refers to lto-llvm-e98f47.o(.data.SystemCoreClock) for [Anonymous Symbol]
    lto-llvm-e98f47.o(.text.HAL_RCC_OscConfig) refers to lto-llvm-e98f47.o(.bss.uwTickPrio) for [Anonymous Symbol]
    lto-llvm-e98f47.o(.ARM.exidx.text.HAL_RCC_OscConfig) refers to lto-llvm-e98f47.o(.text.HAL_RCC_OscConfig) for [Anonymous Symbol]
    lto-llvm-e98f47.o(.text.HAL_RCCEx_PeriphCLKConfig) refers to lto-llvm-e98f47.o(.bss.uwTick) for [Anonymous Symbol]
    lto-llvm-e98f47.o(.ARM.exidx.text.HAL_RCCEx_PeriphCLKConfig) refers to lto-llvm-e98f47.o(.text.HAL_RCCEx_PeriphCLKConfig) for [Anonymous Symbol]
    lto-llvm-e98f47.o(.text.UART_WaitOnFlagUntilTimeout) refers to lto-llvm-e98f47.o(.bss.uwTick) for [Anonymous Symbol]
    lto-llvm-e98f47.o(.ARM.exidx.text.UART_WaitOnFlagUntilTimeout) refers to lto-llvm-e98f47.o(.text.UART_WaitOnFlagUntilTimeout) for [Anonymous Symbol]
    lto-llvm-e98f47.o(.ARM.exidx.text.UART_DMAAbortOnError) refers to lto-llvm-e98f47.o(.text.UART_DMAAbortOnError) for [Anonymous Symbol]
    ldiv.o(.text) refers to uldiv.o(.text) for __aeabi_uldivmod
    ffltui.o(.text) refers (Special) to iusefp.o(.text) for __I$use$fp
    ffltui.o(.text) refers to fepilogue.o(.text) for _float_epilogue
    dflti.o(.text) refers (Special) to iusefp.o(.text) for __I$use$fp
    dflti.o(.text) refers to depilogue.o(.text) for _double_epilogue
    dfltui.o(.text) refers (Special) to iusefp.o(.text) for __I$use$fp
    dfltui.o(.text) refers to depilogue.o(.text) for _double_epilogue
    dfltl.o(.text) refers (Special) to iusefp.o(.text) for __I$use$fp
    dfltl.o(.text) refers to depilogue.o(.text) for _double_epilogue
    f2d.o(.text) refers (Special) to iusefp.o(.text) for __I$use$fp
    d2f.o(.text) refers (Special) to iusefp.o(.text) for __I$use$fp
    d2f.o(.text) refers to fepilogue.o(.text) for _float_round
    depilogue.o(i.__ARM_clz) refers (Special) to iusefp.o(.text) for __I$use$fp


==============================================================================

Removing Unused input sections from the image.

    Removing startup_stm32l031xx.o(HEAP), (512 bytes).
    Removing fadd.o(.text), (178 bytes).
    Removing fscalb.o(.text), (24 bytes).
    Removing fflti.o(.text), (22 bytes).
    Removing ffixir.o(.text), (76 bytes).
    Removing fpstat.o(.text), (4 bytes).
    Removing lto-llvm-e98f47.o(.text), (0 bytes).
    Removing lto-llvm-e98f47.o(.ARM.exidx.text.sFUNC_Init2d4GHz), (8 bytes).
    Removing lto-llvm-e98f47.o(.ARM.exidx.text.sBSP_ADC_Init), (8 bytes).
    Removing lto-llvm-e98f47.o(.ARM.exidx.text.sBSP_ADC_GetChannel), (8 bytes).
    Removing lto-llvm-e98f47.o(.ARM.exidx.text.sBSP_SYS_InitRCC), (8 bytes).
    Removing lto-llvm-e98f47.o(.ARM.exidx.text.sBSP_softI2C_SendData), (8 bytes).
    Removing lto-llvm-e98f47.o(.ARM.exidx.text.sBSP_RTC_Init), (8 bytes).
    Removing lto-llvm-e98f47.o(.ARM.exidx.text.main), (8 bytes).
    Removing lto-llvm-e98f47.o(.ARM.exidx.text.NMI_Handler), (8 bytes).
    Removing lto-llvm-e98f47.o(.ARM.exidx.text.HardFault_Handler), (8 bytes).
    Removing lto-llvm-e98f47.o(.ARM.exidx.text.SVC_Handler), (8 bytes).
    Removing lto-llvm-e98f47.o(.ARM.exidx.text.PendSV_Handler), (8 bytes).
    Removing lto-llvm-e98f47.o(.ARM.exidx.text.SysTick_Handler), (8 bytes).
    Removing lto-llvm-e98f47.o(.ARM.exidx.text.LPUART1_IRQHandler), (8 bytes).
    Removing lto-llvm-e98f47.o(.ARM.exidx.text.I2C1_IRQHandler), (8 bytes).
    Removing lto-llvm-e98f47.o(.ARM.exidx.text.EXTI4_15_IRQHandler), (8 bytes).
    Removing lto-llvm-e98f47.o(.ARM.exidx.text.RTC_IRQHandler), (8 bytes).
    Removing lto-llvm-e98f47.o(.ARM.exidx.text.sDRV_AHT10_Init), (8 bytes).
    Removing lto-llvm-e98f47.o(.ARM.exidx.text.sDRV_BMP280_Init), (8 bytes).
    Removing lto-llvm-e98f47.o(.ARM.exidx.text.sDRV_UART_Init), (8 bytes).
    Removing lto-llvm-e98f47.o(.ARM.exidx.text.sDRV_UART_Printf), (8 bytes).
    Removing lto-llvm-e98f47.o(.ARM.exidx.text.sDRV_Si24R1_IrqHandler), (8 bytes).
    Removing lto-llvm-e98f47.o(.ARM.exidx.text.sDRV_Si24R1_SetStandby), (8 bytes).
    Removing lto-llvm-e98f47.o(.ARM.exidx.text.sDRV_Si24R1_SetIdleTX), (8 bytes).
    Removing lto-llvm-e98f47.o(.ARM.exidx.text.HAL_ADC_ConfigChannel), (8 bytes).
    Removing lto-llvm-e98f47.o(.ARM.exidx.text.HAL_GPIO_Init), (8 bytes).
    Removing lto-llvm-e98f47.o(.ARM.exidx.text.I2C_Master_ISR_IT), (8 bytes).
    Removing lto-llvm-e98f47.o(.ARM.exidx.text.I2C_ITMasterSeqCplt), (8 bytes).
    Removing lto-llvm-e98f47.o(.ARM.exidx.text.I2C_ITError), (8 bytes).
    Removing lto-llvm-e98f47.o(.ARM.exidx.text.I2C_Slave_ISR_IT), (8 bytes).
    Removing lto-llvm-e98f47.o(.ARM.exidx.text.I2C_DMAAbort), (8 bytes).
    Removing lto-llvm-e98f47.o(.ARM.exidx.text.I2C_ITSlaveSeqCplt), (8 bytes).
    Removing lto-llvm-e98f47.o(.ARM.exidx.text.HAL_I2C_Master_Seq_Transmit_IT), (8 bytes).
    Removing lto-llvm-e98f47.o(.ARM.exidx.text.HAL_I2C_Master_Seq_Receive_IT), (8 bytes).
    Removing lto-llvm-e98f47.o(.ARM.exidx.text.HAL_RCC_OscConfig), (8 bytes).
    Removing lto-llvm-e98f47.o(.ARM.exidx.text.HAL_RCCEx_PeriphCLKConfig), (8 bytes).
    Removing lto-llvm-e98f47.o(.ARM.exidx.text.UART_WaitOnFlagUntilTimeout), (8 bytes).
    Removing lto-llvm-e98f47.o(.ARM.exidx.text.UART_DMAAbortOnError), (8 bytes).
    Removing lto-llvm-e98f47.o(.ARM.use_no_argv), (4 bytes).

45 unused section(s) (total 1116 bytes) removed from the image.

==============================================================================

Image Symbol Table

    Local Symbols

    Symbol Name                              Value     Ov Type        Size  Object(Section)

    ../clib/division.s                       0x00000000   Number         0  aeabi_sdiv.o ABSOLUTE
    ../clib/division.s                       0x00000000   Number         0  aeabi_sdiv_div0.o ABSOLUTE
    ../clib/longlong.c                       0x00000000   Number         0  llmul.o ABSOLUTE
    ../clib/microlib/division.c              0x00000000   Number         0  uidiv.o ABSOLUTE
    ../clib/microlib/division.c              0x00000000   Number         0  uldiv.o ABSOLUTE
    ../clib/microlib/division.c              0x00000000   Number         0  uidiv_div0.o ABSOLUTE
    ../clib/microlib/division.c              0x00000000   Number         0  idiv_div0.o ABSOLUTE
    ../clib/microlib/division.c              0x00000000   Number         0  idiv0.o ABSOLUTE
    ../clib/microlib/division.c              0x00000000   Number         0  ldiv.o ABSOLUTE
    ../clib/microlib/errno.c                 0x00000000   Number         0  errno.o ABSOLUTE
    ../clib/microlib/init/entry.s            0x00000000   Number         0  entry.o ABSOLUTE
    ../clib/microlib/init/entry.s            0x00000000   Number         0  entry2.o ABSOLUTE
    ../clib/microlib/init/entry.s            0x00000000   Number         0  entry5.o ABSOLUTE
    ../clib/microlib/init/entry.s            0x00000000   Number         0  entry7a.o ABSOLUTE
    ../clib/microlib/init/entry.s            0x00000000   Number         0  entry7b.o ABSOLUTE
    ../clib/microlib/init/entry.s            0x00000000   Number         0  entry8a.o ABSOLUTE
    ../clib/microlib/init/entry.s            0x00000000   Number         0  entry8b.o ABSOLUTE
    ../clib/microlib/init/entry.s            0x00000000   Number         0  entry9a.o ABSOLUTE
    ../clib/microlib/init/entry.s            0x00000000   Number         0  entry9b.o ABSOLUTE
    ../clib/microlib/init/entry.s            0x00000000   Number         0  entry10a.o ABSOLUTE
    ../clib/microlib/init/entry.s            0x00000000   Number         0  entry10b.o ABSOLUTE
    ../clib/microlib/init/entry.s            0x00000000   Number         0  entry11a.o ABSOLUTE
    ../clib/microlib/init/entry.s            0x00000000   Number         0  entry11b.o ABSOLUTE
    ../clib/microlib/longlong.c              0x00000000   Number         0  llshl.o ABSOLUTE
    ../clib/microlib/longlong.c              0x00000000   Number         0  llushr.o ABSOLUTE
    ../clib/microlib/longlong.c              0x00000000   Number         0  llsshr.o ABSOLUTE
    ../clib/microlib/printf/printf.c         0x00000000   Number         0  printfa.o ABSOLUTE
    ../clib/microlib/stdio/fputc.c           0x00000000   Number         0  fputc.o ABSOLUTE
    ../clib/microlib/stdio/fputc.c           0x00000000   Number         0  fputc_h.o ABSOLUTE
    ../clib/microlib/stdio/semi.s            0x00000000   Number         0  semi.o ABSOLUTE
    ../clib/microlib/stdio/streams.c         0x00000000   Number         0  stdout.o ABSOLUTE
    ../clib/microlib/string/strlen.c         0x00000000   Number         0  strlen.o ABSOLUTE
    ../clib/microlib/stubs.s                 0x00000000   Number         0  iusefp.o ABSOLUTE
    ../clib/microlib/stubs.s                 0x00000000   Number         0  iusesemip.o ABSOLUTE
    ../fplib/microlib/d2f.c                  0x00000000   Number         0  d2f.o ABSOLUTE
    ../fplib/microlib/f2d.c                  0x00000000   Number         0  f2d.o ABSOLUTE
    ../fplib/microlib/fpadd.c                0x00000000   Number         0  fadd.o ABSOLUTE
    ../fplib/microlib/fpadd.c                0x00000000   Number         0  dadd.o ABSOLUTE
    ../fplib/microlib/fpdiv.c                0x00000000   Number         0  fdiv.o ABSOLUTE
    ../fplib/microlib/fpdiv.c                0x00000000   Number         0  ddiv.o ABSOLUTE
    ../fplib/microlib/fpepilogue.c           0x00000000   Number         0  fepilogue.o ABSOLUTE
    ../fplib/microlib/fpepilogue.c           0x00000000   Number         0  depilogue.o ABSOLUTE
    ../fplib/microlib/fpfix.c                0x00000000   Number         0  dfixul.o ABSOLUTE
    ../fplib/microlib/fpfix.c                0x00000000   Number         0  ffixir.o ABSOLUTE
    ../fplib/microlib/fpflt.c                0x00000000   Number         0  fflti.o ABSOLUTE
    ../fplib/microlib/fpflt.c                0x00000000   Number         0  ffltui.o ABSOLUTE
    ../fplib/microlib/fpflt.c                0x00000000   Number         0  dflti.o ABSOLUTE
    ../fplib/microlib/fpflt.c                0x00000000   Number         0  dfltui.o ABSOLUTE
    ../fplib/microlib/fpflt.c                0x00000000   Number         0  dfltl.o ABSOLUTE
    ../fplib/microlib/fpmul.c                0x00000000   Number         0  fmul.o ABSOLUTE
    ../fplib/microlib/fpmul.c                0x00000000   Number         0  dmul.o ABSOLUTE
    ../fplib/microlib/fpscalb.c              0x00000000   Number         0  fscalb.o ABSOLUTE
    ../fplib/microlib/fpstat.c               0x00000000   Number         0  fpstat.o ABSOLUTE
    ../mathlib/fpclassifyf.c                 0x00000000   Number         0  fpclassifyf.o ABSOLUTE
    ../mathlib/funder.c                      0x00000000   Number         0  funder.o ABSOLUTE
    ../mathlib/powf.c                        0x00000000   Number         0  powf.o ABSOLUTE
    ../sHAL/Startup/startup_stm32l031xx.s    0x00000000   Number         0  startup_stm32l031xx.o ABSOLUTE
    cdrcmple.s                               0x00000000   Number         0  cdrcmple.o ABSOLUTE
    dc.s                                     0x00000000   Number         0  dc.o ABSOLUTE
    handlers.s                               0x00000000   Number         0  handlers.o ABSOLUTE
    init.s                                   0x00000000   Number         0  init.o ABSOLUTE
    ld-temp.o                                0x00000000   Number         0  lto-llvm-e98f47.o ABSOLUTE
    RESET                                    0x08000000   Section      192  startup_stm32l031xx.o(RESET)
    .ARM.Collect$$$$00000000                 0x080000c0   Section        0  entry.o(.ARM.Collect$$$$00000000)
    .ARM.Collect$$$$00000001                 0x080000c0   Section        4  entry2.o(.ARM.Collect$$$$00000001)
    .ARM.Collect$$$$00000004                 0x080000c4   Section        4  entry5.o(.ARM.Collect$$$$00000004)
    .ARM.Collect$$$$00000008                 0x080000c8   Section        0  entry7b.o(.ARM.Collect$$$$00000008)
    .ARM.Collect$$$$0000000A                 0x080000c8   Section        0  entry8b.o(.ARM.Collect$$$$0000000A)
    .ARM.Collect$$$$0000000B                 0x080000c8   Section        8  entry9a.o(.ARM.Collect$$$$0000000B)
    __lit__00000000                          0x080000d0   Data           4  entry2.o(.ARM.Collect$$$$00002712)
    .ARM.Collect$$$$0000000D                 0x080000d0   Section        0  entry10a.o(.ARM.Collect$$$$0000000D)
    .ARM.Collect$$$$0000000F                 0x080000d0   Section        0  entry11a.o(.ARM.Collect$$$$0000000F)
    .ARM.Collect$$$$00002712                 0x080000d0   Section        4  entry2.o(.ARM.Collect$$$$00002712)
    .text                                    0x080000d4   Section       20  startup_stm32l031xx.o(.text)
    .text                                    0x080000e8   Section        0  strlen.o(.text)
    .text                                    0x080000f6   Section        0  uldiv.o(.text)
    .text                                    0x08000156   Section        0  iusefp.o(.text)
    .text                                    0x08000156   Section        0  fmul.o(.text)
    .text                                    0x080001d0   Section        0  fdiv.o(.text)
    .text                                    0x0800024c   Section        0  dadd.o(.text)
    .text                                    0x080003b0   Section        0  dmul.o(.text)
    .text                                    0x08000480   Section        0  ddiv.o(.text)
    .text                                    0x08000570   Section        0  dfixul.o(.text)
    .text                                    0x080005b0   Section       40  cdrcmple.o(.text)
    .text                                    0x080005d8   Section       36  init.o(.text)
    .text                                    0x080005fc   Section        0  uidiv_div0.o(.text)
    .text                                    0x0800063a   Section        0  llshl.o(.text)
    .text                                    0x0800065a   Section        0  llushr.o(.text)
    .text                                    0x0800067c   Section        0  llsshr.o(.text)
    .text                                    0x080006a2   Section        0  fepilogue.o(.text)
    .text                                    0x08000724   Section        0  depilogue.o(.text)
    .text                                    0x080007e2   Section        0  ldiv.o(.text)
    .text                                    0x0800082e   Section        0  llmul.o(.text)
    .text                                    0x0800085e   Section        0  ffltui.o(.text)
    .text                                    0x0800086c   Section        0  dflti.o(.text)
    .text                                    0x08000894   Section        0  dfltui.o(.text)
    .text                                    0x080008b0   Section        0  dfltl.o(.text)
    .text                                    0x080008dc   Section        0  f2d.o(.text)
    .text                                    0x08000904   Section        0  d2f.o(.text)
    [Anonymous Symbol]                       0x0800093c   Section        0  lto-llvm-e98f47.o(.text.EXTI4_15_IRQHandler)
    __arm_cp.14_0                            0x08000950   Number         4  lto-llvm-e98f47.o(.text.EXTI4_15_IRQHandler)
    HAL_ADC_ConfigChannel                    0x08000955   Thumb Code   160  lto-llvm-e98f47.o(.text.HAL_ADC_ConfigChannel)
    [Anonymous Symbol]                       0x08000954   Section        0  lto-llvm-e98f47.o(.text.HAL_ADC_ConfigChannel)
    __arm_cp.23_0                            0x080009f4   Number         4  lto-llvm-e98f47.o(.text.HAL_ADC_ConfigChannel)
    __arm_cp.23_1                            0x080009f8   Number         4  lto-llvm-e98f47.o(.text.HAL_ADC_ConfigChannel)
    __arm_cp.23_2                            0x080009fc   Number         4  lto-llvm-e98f47.o(.text.HAL_ADC_ConfigChannel)
    __arm_cp.23_3                            0x08000a00   Number         4  lto-llvm-e98f47.o(.text.HAL_ADC_ConfigChannel)
    __arm_cp.23_4                            0x08000a04   Number         4  lto-llvm-e98f47.o(.text.HAL_ADC_ConfigChannel)
    __arm_cp.23_5                            0x08000a08   Number         4  lto-llvm-e98f47.o(.text.HAL_ADC_ConfigChannel)
    __arm_cp.23_6                            0x08000a0c   Number         4  lto-llvm-e98f47.o(.text.HAL_ADC_ConfigChannel)
    __arm_cp.23_7                            0x08000a10   Number         4  lto-llvm-e98f47.o(.text.HAL_ADC_ConfigChannel)
    HAL_GPIO_Init                            0x08000a15   Thumb Code   376  lto-llvm-e98f47.o(.text.HAL_GPIO_Init)
    [Anonymous Symbol]                       0x08000a14   Section        0  lto-llvm-e98f47.o(.text.HAL_GPIO_Init)
    __arm_cp.24_0                            0x08000b8c   Number         4  lto-llvm-e98f47.o(.text.HAL_GPIO_Init)
    __arm_cp.24_1                            0x08000b90   Number         4  lto-llvm-e98f47.o(.text.HAL_GPIO_Init)
    __arm_cp.24_2                            0x08000b94   Number         4  lto-llvm-e98f47.o(.text.HAL_GPIO_Init)
    __arm_cp.24_3                            0x08000b98   Number         4  lto-llvm-e98f47.o(.text.HAL_GPIO_Init)
    __arm_cp.24_4                            0x08000b9c   Number         4  lto-llvm-e98f47.o(.text.HAL_GPIO_Init)
    __arm_cp.24_5                            0x08000ba0   Number         4  lto-llvm-e98f47.o(.text.HAL_GPIO_Init)
    HAL_I2C_Master_Seq_Receive_IT            0x08000ba5   Thumb Code   168  lto-llvm-e98f47.o(.text.HAL_I2C_Master_Seq_Receive_IT)
    [Anonymous Symbol]                       0x08000ba4   Section        0  lto-llvm-e98f47.o(.text.HAL_I2C_Master_Seq_Receive_IT)
    __arm_cp.32_3                            0x08000c4c   Number         4  lto-llvm-e98f47.o(.text.HAL_I2C_Master_Seq_Receive_IT)
    HAL_I2C_Master_Seq_Transmit_IT           0x08000c51   Thumb Code   156  lto-llvm-e98f47.o(.text.HAL_I2C_Master_Seq_Transmit_IT)
    [Anonymous Symbol]                       0x08000c50   Section        0  lto-llvm-e98f47.o(.text.HAL_I2C_Master_Seq_Transmit_IT)
    __arm_cp.31_0                            0x08000cec   Number         4  lto-llvm-e98f47.o(.text.HAL_I2C_Master_Seq_Transmit_IT)
    __arm_cp.31_1                            0x08000cf0   Number         4  lto-llvm-e98f47.o(.text.HAL_I2C_Master_Seq_Transmit_IT)
    __arm_cp.31_2                            0x08000cf4   Number         4  lto-llvm-e98f47.o(.text.HAL_I2C_Master_Seq_Transmit_IT)
    __arm_cp.31_3                            0x08000cf8   Number         4  lto-llvm-e98f47.o(.text.HAL_I2C_Master_Seq_Transmit_IT)
    __arm_cp.31_4                            0x08000cfc   Number         4  lto-llvm-e98f47.o(.text.HAL_I2C_Master_Seq_Transmit_IT)
    HAL_RCCEx_PeriphCLKConfig                0x08000d01   Thumb Code   344  lto-llvm-e98f47.o(.text.HAL_RCCEx_PeriphCLKConfig)
    [Anonymous Symbol]                       0x08000d00   Section        0  lto-llvm-e98f47.o(.text.HAL_RCCEx_PeriphCLKConfig)
    __arm_cp.34_0                            0x08000e58   Number         4  lto-llvm-e98f47.o(.text.HAL_RCCEx_PeriphCLKConfig)
    __arm_cp.34_1                            0x08000e5c   Number         4  lto-llvm-e98f47.o(.text.HAL_RCCEx_PeriphCLKConfig)
    __arm_cp.34_2                            0x08000e60   Number         4  lto-llvm-e98f47.o(.text.HAL_RCCEx_PeriphCLKConfig)
    __arm_cp.34_3                            0x08000e64   Number         4  lto-llvm-e98f47.o(.text.HAL_RCCEx_PeriphCLKConfig)
    HAL_RCC_OscConfig                        0x08000e69   Thumb Code  1276  lto-llvm-e98f47.o(.text.HAL_RCC_OscConfig)
    [Anonymous Symbol]                       0x08000e68   Section        0  lto-llvm-e98f47.o(.text.HAL_RCC_OscConfig)
    __arm_cp.33_15                           0x08000f8c   Number         4  lto-llvm-e98f47.o(.text.HAL_RCC_OscConfig)
    __arm_cp.33_16                           0x08000f90   Number         4  lto-llvm-e98f47.o(.text.HAL_RCC_OscConfig)
    __arm_cp.33_1                            0x08001364   Number         4  lto-llvm-e98f47.o(.text.HAL_RCC_OscConfig)
    __arm_cp.33_3                            0x08001368   Number         4  lto-llvm-e98f47.o(.text.HAL_RCC_OscConfig)
    __arm_cp.33_4                            0x0800136c   Number         4  lto-llvm-e98f47.o(.text.HAL_RCC_OscConfig)
    __arm_cp.33_5                            0x08001370   Number         4  lto-llvm-e98f47.o(.text.HAL_RCC_OscConfig)
    __arm_cp.33_6                            0x08001374   Number         4  lto-llvm-e98f47.o(.text.HAL_RCC_OscConfig)
    __arm_cp.33_7                            0x08001378   Number         4  lto-llvm-e98f47.o(.text.HAL_RCC_OscConfig)
    __arm_cp.33_8                            0x0800137c   Number         4  lto-llvm-e98f47.o(.text.HAL_RCC_OscConfig)
    __arm_cp.33_9                            0x08001380   Number         4  lto-llvm-e98f47.o(.text.HAL_RCC_OscConfig)
    __arm_cp.33_10                           0x08001384   Number         4  lto-llvm-e98f47.o(.text.HAL_RCC_OscConfig)
    __arm_cp.33_11                           0x08001388   Number         4  lto-llvm-e98f47.o(.text.HAL_RCC_OscConfig)
    __arm_cp.33_12                           0x0800138c   Number         4  lto-llvm-e98f47.o(.text.HAL_RCC_OscConfig)
    __arm_cp.33_13                           0x08001390   Number         4  lto-llvm-e98f47.o(.text.HAL_RCC_OscConfig)
    [Anonymous Symbol]                       0x08001394   Section        0  lto-llvm-e98f47.o(.text.HardFault_Handler)
    [Anonymous Symbol]                       0x08001398   Section        0  lto-llvm-e98f47.o(.text.I2C1_IRQHandler)
    __arm_cp.13_0                            0x08001428   Number         4  lto-llvm-e98f47.o(.text.I2C1_IRQHandler)
    I2C_DMAAbort                             0x0800142d   Thumb Code    44  lto-llvm-e98f47.o(.text.I2C_DMAAbort)
    [Anonymous Symbol]                       0x0800142c   Section        0  lto-llvm-e98f47.o(.text.I2C_DMAAbort)
    I2C_ITError                              0x08001459   Thumb Code   304  lto-llvm-e98f47.o(.text.I2C_ITError)
    [Anonymous Symbol]                       0x08001458   Section        0  lto-llvm-e98f47.o(.text.I2C_ITError)
    __arm_cp.27_0                            0x08001588   Number         4  lto-llvm-e98f47.o(.text.I2C_ITError)
    __arm_cp.27_1                            0x0800158c   Number         4  lto-llvm-e98f47.o(.text.I2C_ITError)
    __arm_cp.27_2                            0x08001590   Number         4  lto-llvm-e98f47.o(.text.I2C_ITError)
    I2C_ITMasterSeqCplt                      0x08001595   Thumb Code    78  lto-llvm-e98f47.o(.text.I2C_ITMasterSeqCplt)
    [Anonymous Symbol]                       0x08001594   Section        0  lto-llvm-e98f47.o(.text.I2C_ITMasterSeqCplt)
    I2C_ITSlaveSeqCplt                       0x080015e5   Thumb Code   108  lto-llvm-e98f47.o(.text.I2C_ITSlaveSeqCplt)
    [Anonymous Symbol]                       0x080015e4   Section        0  lto-llvm-e98f47.o(.text.I2C_ITSlaveSeqCplt)
    __arm_cp.30_0                            0x08001650   Number         4  lto-llvm-e98f47.o(.text.I2C_ITSlaveSeqCplt)
    __arm_cp.30_1                            0x08001654   Number         4  lto-llvm-e98f47.o(.text.I2C_ITSlaveSeqCplt)
    I2C_Master_ISR_IT                        0x08001659   Thumb Code   548  lto-llvm-e98f47.o(.text.I2C_Master_ISR_IT)
    [Anonymous Symbol]                       0x08001658   Section        0  lto-llvm-e98f47.o(.text.I2C_Master_ISR_IT)
    __arm_cp.25_0                            0x0800187c   Number         4  lto-llvm-e98f47.o(.text.I2C_Master_ISR_IT)
    __arm_cp.25_1                            0x08001880   Number         4  lto-llvm-e98f47.o(.text.I2C_Master_ISR_IT)
    __arm_cp.25_2                            0x08001884   Number         4  lto-llvm-e98f47.o(.text.I2C_Master_ISR_IT)
    __arm_cp.25_3                            0x08001888   Number         4  lto-llvm-e98f47.o(.text.I2C_Master_ISR_IT)
    __arm_cp.25_4                            0x0800188c   Number         4  lto-llvm-e98f47.o(.text.I2C_Master_ISR_IT)
    I2C_Slave_ISR_IT                         0x08001891   Thumb Code   956  lto-llvm-e98f47.o(.text.I2C_Slave_ISR_IT)
    [Anonymous Symbol]                       0x08001890   Section        0  lto-llvm-e98f47.o(.text.I2C_Slave_ISR_IT)
    __arm_cp.28_0                            0x08001c4c   Number         4  lto-llvm-e98f47.o(.text.I2C_Slave_ISR_IT)
    __arm_cp.28_1                            0x08001c50   Number         4  lto-llvm-e98f47.o(.text.I2C_Slave_ISR_IT)
    __arm_cp.28_2                            0x08001c54   Number         4  lto-llvm-e98f47.o(.text.I2C_Slave_ISR_IT)
    __arm_cp.28_3                            0x08001c58   Number         4  lto-llvm-e98f47.o(.text.I2C_Slave_ISR_IT)
    __arm_cp.28_4                            0x08001c5c   Number         4  lto-llvm-e98f47.o(.text.I2C_Slave_ISR_IT)
    [Anonymous Symbol]                       0x08001c60   Section        0  lto-llvm-e98f47.o(.text.LPUART1_IRQHandler)
    __arm_cp.12_5                            0x08001f98   Number         4  lto-llvm-e98f47.o(.text.LPUART1_IRQHandler)
    __arm_cp.12_0                            0x08002078   Number         4  lto-llvm-e98f47.o(.text.LPUART1_IRQHandler)
    __arm_cp.12_2                            0x0800207c   Number         4  lto-llvm-e98f47.o(.text.LPUART1_IRQHandler)
    __arm_cp.12_3                            0x08002080   Number         4  lto-llvm-e98f47.o(.text.LPUART1_IRQHandler)
    [Anonymous Symbol]                       0x08002084   Section        0  lto-llvm-e98f47.o(.text.NMI_Handler)
    [Anonymous Symbol]                       0x08002086   Section        0  lto-llvm-e98f47.o(.text.PendSV_Handler)
    [Anonymous Symbol]                       0x08002088   Section        0  lto-llvm-e98f47.o(.text.RTC_IRQHandler)
    __arm_cp.15_0                            0x080020cc   Number         4  lto-llvm-e98f47.o(.text.RTC_IRQHandler)
    __arm_cp.15_1                            0x080020d0   Number         4  lto-llvm-e98f47.o(.text.RTC_IRQHandler)
    __arm_cp.15_2                            0x080020d4   Number         4  lto-llvm-e98f47.o(.text.RTC_IRQHandler)
    __arm_cp.15_3                            0x080020d8   Number         4  lto-llvm-e98f47.o(.text.RTC_IRQHandler)
    [Anonymous Symbol]                       0x080020dc   Section        0  lto-llvm-e98f47.o(.text.SVC_Handler)
    [Anonymous Symbol]                       0x080020e0   Section        0  lto-llvm-e98f47.o(.text.SysTick_Handler)
    UART_DMAAbortOnError                     0x080020ed   Thumb Code    16  lto-llvm-e98f47.o(.text.UART_DMAAbortOnError)
    [Anonymous Symbol]                       0x080020ec   Section        0  lto-llvm-e98f47.o(.text.UART_DMAAbortOnError)
    UART_WaitOnFlagUntilTimeout              0x080020fd   Thumb Code   268  lto-llvm-e98f47.o(.text.UART_WaitOnFlagUntilTimeout)
    [Anonymous Symbol]                       0x080020fc   Section        0  lto-llvm-e98f47.o(.text.UART_WaitOnFlagUntilTimeout)
    __arm_cp.35_0                            0x08002208   Number         4  lto-llvm-e98f47.o(.text.UART_WaitOnFlagUntilTimeout)
    [Anonymous Symbol]                       0x0800220c   Section        0  lto-llvm-e98f47.o(.text.main)
    __arm_cp.6_70                            0x080022f0   Number         4  lto-llvm-e98f47.o(.text.main)
    __arm_cp.6_73                            0x08002634   Number         4  lto-llvm-e98f47.o(.text.main)
    __arm_cp.6_74                            0x08002638   Number         4  lto-llvm-e98f47.o(.text.main)
    __arm_cp.6_76                            0x08002650   Number         4  lto-llvm-e98f47.o(.text.main)
    __arm_cp.6_83                            0x08002674   Number         4  lto-llvm-e98f47.o(.text.main)
    __arm_cp.6_100                           0x08002714   Number         4  lto-llvm-e98f47.o(.text.main)
    __arm_cp.6_101                           0x08002b18   Number         4  lto-llvm-e98f47.o(.text.main)
    __arm_cp.6_102                           0x08002b1c   Number         4  lto-llvm-e98f47.o(.text.main)
    __arm_cp.6_103                           0x08002b20   Number         4  lto-llvm-e98f47.o(.text.main)
    __arm_cp.6_104                           0x08002b24   Number         4  lto-llvm-e98f47.o(.text.main)
    __arm_cp.6_105                           0x08002b28   Number         4  lto-llvm-e98f47.o(.text.main)
    __arm_cp.6_106                           0x08002b2c   Number         4  lto-llvm-e98f47.o(.text.main)
    __arm_cp.6_107                           0x08002b30   Number         4  lto-llvm-e98f47.o(.text.main)
    __arm_cp.6_108                           0x08002b34   Number         4  lto-llvm-e98f47.o(.text.main)
    __arm_cp.6_109                           0x08002b38   Number         4  lto-llvm-e98f47.o(.text.main)
    __arm_cp.6_110                           0x08002b3c   Number         4  lto-llvm-e98f47.o(.text.main)
    __arm_cp.6_111                           0x08002b40   Number         4  lto-llvm-e98f47.o(.text.main)
    __arm_cp.6_112                           0x08002b44   Number         4  lto-llvm-e98f47.o(.text.main)
    __arm_cp.6_113                           0x08002b48   Number         4  lto-llvm-e98f47.o(.text.main)
    __arm_cp.6_115                           0x08002b5c   Number         4  lto-llvm-e98f47.o(.text.main)
    __arm_cp.6_116                           0x08002b60   Number         4  lto-llvm-e98f47.o(.text.main)
    __arm_cp.6_117                           0x08002b64   Number         4  lto-llvm-e98f47.o(.text.main)
    __arm_cp.6_118                           0x08002b68   Number         4  lto-llvm-e98f47.o(.text.main)
    __arm_cp.6_119                           0x08002b6c   Number         4  lto-llvm-e98f47.o(.text.main)
    __arm_cp.6_120                           0x08002b70   Number         4  lto-llvm-e98f47.o(.text.main)
    __arm_cp.6_121                           0x08002b74   Number         4  lto-llvm-e98f47.o(.text.main)
    __arm_cp.6_123                           0x08002b7c   Number         4  lto-llvm-e98f47.o(.text.main)
    __arm_cp.6_129                           0x08002f08   Number         4  lto-llvm-e98f47.o(.text.main)
    __arm_cp.6_131                           0x08002f10   Number         4  lto-llvm-e98f47.o(.text.main)
    __arm_cp.6_132                           0x08002f14   Number         4  lto-llvm-e98f47.o(.text.main)
    __arm_cp.6_134                           0x08002f1c   Number         4  lto-llvm-e98f47.o(.text.main)
    __arm_cp.6_135                           0x08002f20   Number         4  lto-llvm-e98f47.o(.text.main)
    __arm_cp.6_136                           0x08002f24   Number         4  lto-llvm-e98f47.o(.text.main)
    __arm_cp.6_139                           0x08002f30   Number         4  lto-llvm-e98f47.o(.text.main)
    __arm_cp.6_2                             0x08003118   Number         4  lto-llvm-e98f47.o(.text.main)
    __arm_cp.6_3                             0x0800311c   Number         4  lto-llvm-e98f47.o(.text.main)
    __arm_cp.6_7                             0x08003120   Number         4  lto-llvm-e98f47.o(.text.main)
    __arm_cp.6_18                            0x08003124   Number         4  lto-llvm-e98f47.o(.text.main)
    __arm_cp.6_25                            0x08003128   Number         4  lto-llvm-e98f47.o(.text.main)
    __arm_cp.6_32                            0x0800312c   Number         4  lto-llvm-e98f47.o(.text.main)
    __arm_cp.6_39                            0x08003130   Number         4  lto-llvm-e98f47.o(.text.main)
    __arm_cp.6_41                            0x08003134   Number         4  lto-llvm-e98f47.o(.text.main)
    __arm_cp.6_44                            0x08003138   Number         4  lto-llvm-e98f47.o(.text.main)
    __arm_cp.6_48                            0x0800313c   Number         4  lto-llvm-e98f47.o(.text.main)
    __arm_cp.6_50                            0x08003140   Number         4  lto-llvm-e98f47.o(.text.main)
    __arm_cp.6_51                            0x08003144   Number         4  lto-llvm-e98f47.o(.text.main)
    __arm_cp.6_52                            0x08003148   Number         4  lto-llvm-e98f47.o(.text.main)
    __arm_cp.6_53                            0x0800314c   Number         4  lto-llvm-e98f47.o(.text.main)
    __arm_cp.6_54                            0x08003150   Number         4  lto-llvm-e98f47.o(.text.main)
    __arm_cp.6_55                            0x08003154   Number         4  lto-llvm-e98f47.o(.text.main)
    __arm_cp.6_56                            0x08003158   Number         4  lto-llvm-e98f47.o(.text.main)
    __arm_cp.6_57                            0x0800315c   Number         4  lto-llvm-e98f47.o(.text.main)
    __arm_cp.6_58                            0x08003160   Number         4  lto-llvm-e98f47.o(.text.main)
    __arm_cp.6_60                            0x08003180   Number         4  lto-llvm-e98f47.o(.text.main)
    __arm_cp.6_61                            0x08003184   Number         4  lto-llvm-e98f47.o(.text.main)
    __arm_cp.6_62                            0x08003188   Number         4  lto-llvm-e98f47.o(.text.main)
    __arm_cp.6_63                            0x0800318c   Number         4  lto-llvm-e98f47.o(.text.main)
    __arm_cp.6_64                            0x08003190   Number         4  lto-llvm-e98f47.o(.text.main)
    __arm_cp.6_65                            0x08003194   Number         4  lto-llvm-e98f47.o(.text.main)
    __arm_cp.6_66                            0x08003198   Number         4  lto-llvm-e98f47.o(.text.main)
    __arm_cp.6_67                            0x0800319c   Number         4  lto-llvm-e98f47.o(.text.main)
    sBSP_ADC_GetChannel                      0x080031a1   Thumb Code   380  lto-llvm-e98f47.o(.text.sBSP_ADC_GetChannel)
    [Anonymous Symbol]                       0x080031a0   Section        0  lto-llvm-e98f47.o(.text.sBSP_ADC_GetChannel)
    __arm_cp.2_0                             0x0800331c   Number         4  lto-llvm-e98f47.o(.text.sBSP_ADC_GetChannel)
    __arm_cp.2_1                             0x08003320   Number         4  lto-llvm-e98f47.o(.text.sBSP_ADC_GetChannel)
    __arm_cp.2_2                             0x08003324   Number         4  lto-llvm-e98f47.o(.text.sBSP_ADC_GetChannel)
    __arm_cp.2_3                             0x08003328   Number         4  lto-llvm-e98f47.o(.text.sBSP_ADC_GetChannel)
    __arm_cp.2_4                             0x0800332c   Number         4  lto-llvm-e98f47.o(.text.sBSP_ADC_GetChannel)
    __arm_cp.2_5                             0x08003330   Number         4  lto-llvm-e98f47.o(.text.sBSP_ADC_GetChannel)
    __arm_cp.2_7                             0x08003334   Number         4  lto-llvm-e98f47.o(.text.sBSP_ADC_GetChannel)
    sBSP_ADC_Init                            0x08003339   Thumb Code   684  lto-llvm-e98f47.o(.text.sBSP_ADC_Init)
    [Anonymous Symbol]                       0x08003338   Section        0  lto-llvm-e98f47.o(.text.sBSP_ADC_Init)
    __arm_cp.1_0                             0x080035e4   Number         4  lto-llvm-e98f47.o(.text.sBSP_ADC_Init)
    __arm_cp.1_1                             0x080035e8   Number         4  lto-llvm-e98f47.o(.text.sBSP_ADC_Init)
    __arm_cp.1_2                             0x080035ec   Number         4  lto-llvm-e98f47.o(.text.sBSP_ADC_Init)
    __arm_cp.1_3                             0x080035f0   Number         4  lto-llvm-e98f47.o(.text.sBSP_ADC_Init)
    __arm_cp.1_4                             0x080035f4   Number         4  lto-llvm-e98f47.o(.text.sBSP_ADC_Init)
    __arm_cp.1_5                             0x080035f8   Number         4  lto-llvm-e98f47.o(.text.sBSP_ADC_Init)
    __arm_cp.1_6                             0x080035fc   Number         4  lto-llvm-e98f47.o(.text.sBSP_ADC_Init)
    __arm_cp.1_7                             0x08003600   Number         4  lto-llvm-e98f47.o(.text.sBSP_ADC_Init)
    __arm_cp.1_8                             0x08003604   Number         4  lto-llvm-e98f47.o(.text.sBSP_ADC_Init)
    __arm_cp.1_9                             0x08003608   Number         4  lto-llvm-e98f47.o(.text.sBSP_ADC_Init)
    __arm_cp.1_10                            0x0800360c   Number         4  lto-llvm-e98f47.o(.text.sBSP_ADC_Init)
    sBSP_RTC_Init                            0x08003611   Thumb Code   320  lto-llvm-e98f47.o(.text.sBSP_RTC_Init)
    [Anonymous Symbol]                       0x08003610   Section        0  lto-llvm-e98f47.o(.text.sBSP_RTC_Init)
    __arm_cp.5_0                             0x08003750   Number         4  lto-llvm-e98f47.o(.text.sBSP_RTC_Init)
    __arm_cp.5_1                             0x08003754   Number         4  lto-llvm-e98f47.o(.text.sBSP_RTC_Init)
    __arm_cp.5_2                             0x08003758   Number         4  lto-llvm-e98f47.o(.text.sBSP_RTC_Init)
    __arm_cp.5_3                             0x0800375c   Number         4  lto-llvm-e98f47.o(.text.sBSP_RTC_Init)
    __arm_cp.5_4                             0x08003760   Number         4  lto-llvm-e98f47.o(.text.sBSP_RTC_Init)
    __arm_cp.5_5                             0x08003764   Number         4  lto-llvm-e98f47.o(.text.sBSP_RTC_Init)
    __arm_cp.5_6                             0x08003768   Number         4  lto-llvm-e98f47.o(.text.sBSP_RTC_Init)
    __arm_cp.5_7                             0x0800376c   Number         4  lto-llvm-e98f47.o(.text.sBSP_RTC_Init)
    sBSP_SYS_InitRCC                         0x08003771   Thumb Code   436  lto-llvm-e98f47.o(.text.sBSP_SYS_InitRCC)
    [Anonymous Symbol]                       0x08003770   Section        0  lto-llvm-e98f47.o(.text.sBSP_SYS_InitRCC)
    __arm_cp.3_0                             0x08003924   Number         4  lto-llvm-e98f47.o(.text.sBSP_SYS_InitRCC)
    __arm_cp.3_1                             0x08003928   Number         4  lto-llvm-e98f47.o(.text.sBSP_SYS_InitRCC)
    __arm_cp.3_2                             0x0800392c   Number         4  lto-llvm-e98f47.o(.text.sBSP_SYS_InitRCC)
    __arm_cp.3_3                             0x08003930   Number         4  lto-llvm-e98f47.o(.text.sBSP_SYS_InitRCC)
    __arm_cp.3_4                             0x08003934   Number         4  lto-llvm-e98f47.o(.text.sBSP_SYS_InitRCC)
    __arm_cp.3_5                             0x08003938   Number         4  lto-llvm-e98f47.o(.text.sBSP_SYS_InitRCC)
    __arm_cp.3_6                             0x0800393c   Number         4  lto-llvm-e98f47.o(.text.sBSP_SYS_InitRCC)
    __arm_cp.3_7                             0x08003940   Number         4  lto-llvm-e98f47.o(.text.sBSP_SYS_InitRCC)
    __arm_cp.3_8                             0x08003944   Number         4  lto-llvm-e98f47.o(.text.sBSP_SYS_InitRCC)
    __arm_cp.3_9                             0x08003948   Number         4  lto-llvm-e98f47.o(.text.sBSP_SYS_InitRCC)
    __arm_cp.3_10                            0x0800394c   Number         4  lto-llvm-e98f47.o(.text.sBSP_SYS_InitRCC)
    __arm_cp.3_11                            0x08003950   Number         4  lto-llvm-e98f47.o(.text.sBSP_SYS_InitRCC)
    __arm_cp.3_12                            0x08003954   Number         4  lto-llvm-e98f47.o(.text.sBSP_SYS_InitRCC)
    __arm_cp.3_13                            0x08003958   Number         4  lto-llvm-e98f47.o(.text.sBSP_SYS_InitRCC)
    __arm_cp.3_14                            0x0800395c   Number         4  lto-llvm-e98f47.o(.text.sBSP_SYS_InitRCC)
    sBSP_softI2C_SendData                    0x08003961   Thumb Code   368  lto-llvm-e98f47.o(.text.sBSP_softI2C_SendData)
    [Anonymous Symbol]                       0x08003960   Section        0  lto-llvm-e98f47.o(.text.sBSP_softI2C_SendData)
    __arm_cp.4_0                             0x08003ad0   Number         4  lto-llvm-e98f47.o(.text.sBSP_softI2C_SendData)
    __arm_cp.4_1                             0x08003ad4   Number         4  lto-llvm-e98f47.o(.text.sBSP_softI2C_SendData)
    sDRV_AHT10_Init                          0x08003ad9   Thumb Code   108  lto-llvm-e98f47.o(.text.sDRV_AHT10_Init)
    [Anonymous Symbol]                       0x08003ad8   Section        0  lto-llvm-e98f47.o(.text.sDRV_AHT10_Init)
    __arm_cp.16_1                            0x08003b44   Number         4  lto-llvm-e98f47.o(.text.sDRV_AHT10_Init)
    __arm_cp.16_2                            0x08003b48   Number         4  lto-llvm-e98f47.o(.text.sDRV_AHT10_Init)
    __arm_cp.16_3                            0x08003b4c   Number         4  lto-llvm-e98f47.o(.text.sDRV_AHT10_Init)
    sDRV_BMP280_Init                         0x08003b51   Thumb Code   636  lto-llvm-e98f47.o(.text.sDRV_BMP280_Init)
    [Anonymous Symbol]                       0x08003b50   Section        0  lto-llvm-e98f47.o(.text.sDRV_BMP280_Init)
    __arm_cp.17_0                            0x08003dcc   Number         4  lto-llvm-e98f47.o(.text.sDRV_BMP280_Init)
    __arm_cp.17_1                            0x08003dd0   Number         4  lto-llvm-e98f47.o(.text.sDRV_BMP280_Init)
    __arm_cp.17_2                            0x08003dd4   Number         4  lto-llvm-e98f47.o(.text.sDRV_BMP280_Init)
    __arm_cp.17_3                            0x08003dd8   Number         4  lto-llvm-e98f47.o(.text.sDRV_BMP280_Init)
    __arm_cp.17_4                            0x08003ddc   Number         4  lto-llvm-e98f47.o(.text.sDRV_BMP280_Init)
    __arm_cp.17_5                            0x08003de0   Number         4  lto-llvm-e98f47.o(.text.sDRV_BMP280_Init)
    __arm_cp.17_6                            0x08003de4   Number         4  lto-llvm-e98f47.o(.text.sDRV_BMP280_Init)
    __arm_cp.17_7                            0x08003de8   Number         4  lto-llvm-e98f47.o(.text.sDRV_BMP280_Init)
    __arm_cp.17_8                            0x08003dec   Number         4  lto-llvm-e98f47.o(.text.sDRV_BMP280_Init)
    __arm_cp.17_9                            0x08003df0   Number         4  lto-llvm-e98f47.o(.text.sDRV_BMP280_Init)
    __arm_cp.17_10                           0x08003df4   Number         4  lto-llvm-e98f47.o(.text.sDRV_BMP280_Init)
    __arm_cp.17_11                           0x08003df8   Number         4  lto-llvm-e98f47.o(.text.sDRV_BMP280_Init)
    __arm_cp.17_12                           0x08003dfc   Number         4  lto-llvm-e98f47.o(.text.sDRV_BMP280_Init)
    __arm_cp.17_13                           0x08003e00   Number         4  lto-llvm-e98f47.o(.text.sDRV_BMP280_Init)
    sDRV_Si24R1_IrqHandler                   0x08003e05   Thumb Code  1276  lto-llvm-e98f47.o(.text.sDRV_Si24R1_IrqHandler)
    [Anonymous Symbol]                       0x08003e04   Section        0  lto-llvm-e98f47.o(.text.sDRV_Si24R1_IrqHandler)
    __arm_cp.20_0                            0x08004300   Number         4  lto-llvm-e98f47.o(.text.sDRV_Si24R1_IrqHandler)
    __arm_cp.20_1                            0x08004304   Number         4  lto-llvm-e98f47.o(.text.sDRV_Si24R1_IrqHandler)
    sDRV_Si24R1_SetIdleTX                    0x08004331   Thumb Code   164  lto-llvm-e98f47.o(.text.sDRV_Si24R1_SetIdleTX)
    [Anonymous Symbol]                       0x08004330   Section        0  lto-llvm-e98f47.o(.text.sDRV_Si24R1_SetIdleTX)
    __arm_cp.22_1                            0x080043d4   Number         4  lto-llvm-e98f47.o(.text.sDRV_Si24R1_SetIdleTX)
    sDRV_Si24R1_SetStandby                   0x080043d9   Thumb Code   164  lto-llvm-e98f47.o(.text.sDRV_Si24R1_SetStandby)
    [Anonymous Symbol]                       0x080043d8   Section        0  lto-llvm-e98f47.o(.text.sDRV_Si24R1_SetStandby)
    __arm_cp.21_0                            0x0800447c   Number         4  lto-llvm-e98f47.o(.text.sDRV_Si24R1_SetStandby)
    __arm_cp.21_1                            0x08004480   Number         4  lto-llvm-e98f47.o(.text.sDRV_Si24R1_SetStandby)
    sDRV_UART_Init                           0x08004485   Thumb Code  1332  lto-llvm-e98f47.o(.text.sDRV_UART_Init)
    [Anonymous Symbol]                       0x08004484   Section        0  lto-llvm-e98f47.o(.text.sDRV_UART_Init)
    __arm_cp.18_25                           0x080046e4   Number         4  lto-llvm-e98f47.o(.text.sDRV_UART_Init)
    __arm_cp.18_27                           0x080046ec   Number         4  lto-llvm-e98f47.o(.text.sDRV_UART_Init)
    __arm_cp.18_28                           0x080046f0   Number         4  lto-llvm-e98f47.o(.text.sDRV_UART_Init)
    __arm_cp.18_29                           0x080046f4   Number         4  lto-llvm-e98f47.o(.text.sDRV_UART_Init)
    __arm_cp.18_30                           0x080046f8   Number         4  lto-llvm-e98f47.o(.text.sDRV_UART_Init)
    __arm_cp.18_2                            0x080049bc   Number         4  lto-llvm-e98f47.o(.text.sDRV_UART_Init)
    __arm_cp.18_8                            0x080049c0   Number         4  lto-llvm-e98f47.o(.text.sDRV_UART_Init)
    __arm_cp.18_9                            0x080049c4   Number         4  lto-llvm-e98f47.o(.text.sDRV_UART_Init)
    __arm_cp.18_10                           0x080049c8   Number         4  lto-llvm-e98f47.o(.text.sDRV_UART_Init)
    __arm_cp.18_11                           0x080049cc   Number         4  lto-llvm-e98f47.o(.text.sDRV_UART_Init)
    __arm_cp.18_12                           0x080049d0   Number         4  lto-llvm-e98f47.o(.text.sDRV_UART_Init)
    __arm_cp.18_13                           0x080049d4   Number         4  lto-llvm-e98f47.o(.text.sDRV_UART_Init)
    __arm_cp.18_14                           0x080049d8   Number         4  lto-llvm-e98f47.o(.text.sDRV_UART_Init)
    __arm_cp.18_15                           0x080049dc   Number         4  lto-llvm-e98f47.o(.text.sDRV_UART_Init)
    __arm_cp.18_17                           0x080049e0   Number         4  lto-llvm-e98f47.o(.text.sDRV_UART_Init)
    sDRV_UART_Printf                         0x080049e5   Thumb Code   212  lto-llvm-e98f47.o(.text.sDRV_UART_Printf)
    [Anonymous Symbol]                       0x080049e4   Section        0  lto-llvm-e98f47.o(.text.sDRV_UART_Printf)
    __arm_cp.19_0                            0x08004ab8   Number         4  lto-llvm-e98f47.o(.text.sDRV_UART_Printf)
    __arm_cp.19_1                            0x08004abc   Number         4  lto-llvm-e98f47.o(.text.sDRV_UART_Printf)
    __arm_cp.19_2                            0x08004ac0   Number         4  lto-llvm-e98f47.o(.text.sDRV_UART_Printf)
    __arm_cp.19_3                            0x08004ac4   Number         4  lto-llvm-e98f47.o(.text.sDRV_UART_Printf)
    sFUNC_Init2d4GHz                         0x08004ac9   Thumb Code  7636  lto-llvm-e98f47.o(.text.sFUNC_Init2d4GHz)
    [Anonymous Symbol]                       0x08004ac8   Section        0  lto-llvm-e98f47.o(.text.sFUNC_Init2d4GHz)
    __arm_cp.0_9                             0x08004b98   Number         4  lto-llvm-e98f47.o(.text.sFUNC_Init2d4GHz)
    __arm_cp.0_10                            0x08004b9c   Number         4  lto-llvm-e98f47.o(.text.sFUNC_Init2d4GHz)
    __arm_cp.0_11                            0x08004ba0   Number         4  lto-llvm-e98f47.o(.text.sFUNC_Init2d4GHz)
    __arm_cp.0_12                            0x08004ba4   Number         4  lto-llvm-e98f47.o(.text.sFUNC_Init2d4GHz)
    __arm_cp.0_13                            0x08004ba8   Number         4  lto-llvm-e98f47.o(.text.sFUNC_Init2d4GHz)
    __arm_cp.0_6                             0x0800689c   Number         4  lto-llvm-e98f47.o(.text.sFUNC_Init2d4GHz)
    i.__0vsprintf                            0x080068bc   Section        0  printfa.o(i.__0vsprintf)
    i.__ARM_clz                              0x080068e0   Section        0  depilogue.o(i.__ARM_clz)
    i.__scatterload_copy                     0x0800690e   Section       14  handlers.o(i.__scatterload_copy)
    i.__scatterload_null                     0x0800691c   Section        2  handlers.o(i.__scatterload_null)
    i.__scatterload_zeroinit                 0x0800691e   Section       14  handlers.o(i.__scatterload_zeroinit)
    _fp_digits                               0x0800692d   Thumb Code   344  printfa.o(i._fp_digits)
    i._fp_digits                             0x0800692c   Section        0  printfa.o(i._fp_digits)
    _printf_core                             0x08006aa1   Thumb Code  1754  printfa.o(i._printf_core)
    i._printf_core                           0x08006aa0   Section        0  printfa.o(i._printf_core)
    _printf_post_padding                     0x0800718d   Thumb Code    32  printfa.o(i._printf_post_padding)
    i._printf_post_padding                   0x0800718c   Section        0  printfa.o(i._printf_post_padding)
    _printf_pre_padding                      0x080071ad   Thumb Code    44  printfa.o(i._printf_pre_padding)
    i._printf_pre_padding                    0x080071ac   Section        0  printfa.o(i._printf_pre_padding)
    _sputc                                   0x080071d9   Thumb Code    10  printfa.o(i._sputc)
    i._sputc                                 0x080071d8   Section        0  printfa.o(i._sputc)
    PLLMulTable                              0x080071e2   Data           9  lto-llvm-e98f47.o(.rodata.PLLMulTable)
    [Anonymous Symbol]                       0x080071e2   Section        0  lto-llvm-e98f47.o(.rodata.PLLMulTable)
    AHBPrescTable                            0x080071eb   Data          16  lto-llvm-e98f47.o(.rodata.cst16)
    [Anonymous Symbol]                       0x080071eb   Section        0  lto-llvm-e98f47.o(.rodata.cst16)
    APBPrescTable                            0x080071fb   Data           8  lto-llvm-e98f47.o(.rodata.cst8)
    [Anonymous Symbol]                       0x080071fb   Section        0  lto-llvm-e98f47.o(.rodata.cst8)
    [Anonymous Symbol]                       0x08007203   Section        0  lto-llvm-e98f47.o(.rodata.str1.1)
    SystemCoreClock                          0x20000000   Data           4  lto-llvm-e98f47.o(.data.SystemCoreClock)
    [Anonymous Symbol]                       0x20000000   Section        0  lto-llvm-e98f47.o(.data.SystemCoreClock)
    aht10_comm_init                          0x20000004   Data           3  lto-llvm-e98f47.o(.data.aht10_comm_init)
    [Anonymous Symbol]                       0x20000004   Section        0  lto-llvm-e98f47.o(.data.aht10_comm_init)
    aht10_comm_measure                       0x20000007   Data           3  lto-llvm-e98f47.o(.data.aht10_comm_measure)
    [Anonymous Symbol]                       0x20000007   Section        0  lto-llvm-e98f47.o(.data.aht10_comm_measure)
    bmp280                                   0x20000010   Data          68  lto-llvm-e98f47.o(.bss.bmp280)
    [Anonymous Symbol]                       0x20000010   Section        0  lto-llvm-e98f47.o(.bss.bmp280)
    data                                     0x20000054   Data          35  lto-llvm-e98f47.o(.bss.data)
    [Anonymous Symbol]                       0x20000054   Section        0  lto-llvm-e98f47.o(.bss.data)
    date.0                                   0x20000077   Data           1  lto-llvm-e98f47.o(.bss.date.0)
    [Anonymous Symbol]                       0x20000077   Section        0  lto-llvm-e98f47.o(.bss.date.0)
    date.1                                   0x20000078   Data           1  lto-llvm-e98f47.o(.bss.date.1)
    [Anonymous Symbol]                       0x20000078   Section        0  lto-llvm-e98f47.o(.bss.date.1)
    date.2                                   0x20000079   Data           1  lto-llvm-e98f47.o(.bss.date.2)
    [Anonymous Symbol]                       0x20000079   Section        0  lto-llvm-e98f47.o(.bss.date.2)
    date.3                                   0x2000007a   Data           1  lto-llvm-e98f47.o(.bss.date.3)
    [Anonymous Symbol]                       0x2000007a   Section        0  lto-llvm-e98f47.o(.bss.date.3)
    format_buffer                            0x2000007b   Data         128  lto-llvm-e98f47.o(.bss.format_buffer)
    [Anonymous Symbol]                       0x2000007b   Section        0  lto-llvm-e98f47.o(.bss.format_buffer)
    hadc                                     0x200000fc   Data          92  lto-llvm-e98f47.o(.bss.hadc)
    [Anonymous Symbol]                       0x200000fc   Section        0  lto-llvm-e98f47.o(.bss.hadc)
    hi2c1                                    0x20000158   Data          84  lto-llvm-e98f47.o(.bss.hi2c1)
    [Anonymous Symbol]                       0x20000158   Section        0  lto-llvm-e98f47.o(.bss.hi2c1)
    hrtc                                     0x200001ac   Data          36  lto-llvm-e98f47.o(.bss.hrtc)
    [Anonymous Symbol]                       0x200001ac   Section        0  lto-llvm-e98f47.o(.bss.hrtc)
    huart1                                   0x200001d0   Data         136  lto-llvm-e98f47.o(.bss.huart1)
    [Anonymous Symbol]                       0x200001d0   Section        0  lto-llvm-e98f47.o(.bss.huart1)
    humi                                     0x20000258   Data           4  lto-llvm-e98f47.o(.bss.humi)
    [Anonymous Symbol]                       0x20000258   Section        0  lto-llvm-e98f47.o(.bss.humi)
    packet                                   0x2000025c   Data          28  lto-llvm-e98f47.o(.bss.packet)
    [Anonymous Symbol]                       0x2000025c   Section        0  lto-llvm-e98f47.o(.bss.packet)
    reci_data                                0x20000278   Data           6  lto-llvm-e98f47.o(.bss.reci_data)
    [Anonymous Symbol]                       0x20000278   Section        0  lto-llvm-e98f47.o(.bss.reci_data)
    sConfig.0                                0x20000280   Data           4  lto-llvm-e98f47.o(.bss.sConfig.0)
    [Anonymous Symbol]                       0x20000280   Section        0  lto-llvm-e98f47.o(.bss.sConfig.0)
    sConfig.1                                0x20000284   Data           4  lto-llvm-e98f47.o(.bss.sConfig.1)
    [Anonymous Symbol]                       0x20000284   Section        0  lto-llvm-e98f47.o(.bss.sConfig.1)
    t_fine                                   0x20000288   Data           4  lto-llvm-e98f47.o(.bss.t_fine)
    [Anonymous Symbol]                       0x20000288   Section        0  lto-llvm-e98f47.o(.bss.t_fine)
    temp                                     0x2000028c   Data           4  lto-llvm-e98f47.o(.bss.temp)
    [Anonymous Symbol]                       0x2000028c   Section        0  lto-llvm-e98f47.o(.bss.temp)
    time.0                                   0x20000290   Data           1  lto-llvm-e98f47.o(.bss.time.0)
    [Anonymous Symbol]                       0x20000290   Section        0  lto-llvm-e98f47.o(.bss.time.0)
    time.1                                   0x20000294   Data           1  lto-llvm-e98f47.o(.bss.time.1)
    [Anonymous Symbol]                       0x20000294   Section        0  lto-llvm-e98f47.o(.bss.time.1)
    time.2                                   0x20000296   Data           1  lto-llvm-e98f47.o(.bss.time.2)
    [Anonymous Symbol]                       0x20000296   Section        0  lto-llvm-e98f47.o(.bss.time.2)
    time.3                                   0x20000298   Data           1  lto-llvm-e98f47.o(.bss.time.3)
    [Anonymous Symbol]                       0x20000298   Section        0  lto-llvm-e98f47.o(.bss.time.3)
    tx_buf                                   0x2000029c   Data          32  lto-llvm-e98f47.o(.bss.tx_buf)
    [Anonymous Symbol]                       0x2000029c   Section        0  lto-llvm-e98f47.o(.bss.tx_buf)
    uwTick                                   0x200002bc   Data           4  lto-llvm-e98f47.o(.bss.uwTick)
    [Anonymous Symbol]                       0x200002bc   Section        0  lto-llvm-e98f47.o(.bss.uwTick)
    uwTickPrio                               0x200002c0   Data           1  lto-llvm-e98f47.o(.bss.uwTickPrio)
    [Anonymous Symbol]                       0x200002c0   Section        0  lto-llvm-e98f47.o(.bss.uwTickPrio)
    STACK                                    0x200002c8   Section     1024  startup_stm32l031xx.o(STACK)

    Global Symbols

    Symbol Name                              Value     Ov Type        Size  Object(Section)

    BuildAttributes$$THM_ISAv3M$S$PE$A:L22$X:L11$S22$IEEE1$IW$~IW$USESV6$~STKCKD$USESV7$~SHL$OTIME$ROPI$IEEEX$EBA8$MICROLIB$REQ8$PRES8$EABIv2 0x00000000   Number         0  anon$$obj.o ABSOLUTE
    __cpp_initialize__aeabi_                  - Undefined Weak Reference
    __cxa_finalize                            - Undefined Weak Reference
    __decompress                              - Undefined Weak Reference
    _clock_init                               - Undefined Weak Reference
    _microlib_exit                            - Undefined Weak Reference
    __Vectors_Size                           0x000000c0   Number         0  startup_stm32l031xx.o ABSOLUTE
    __Vectors                                0x08000000   Data           4  startup_stm32l031xx.o(RESET)
    __Vectors_End                            0x080000c0   Data           0  startup_stm32l031xx.o(RESET)
    __main                                   0x080000c1   Thumb Code     0  entry.o(.ARM.Collect$$$$00000000)
    _main_stk                                0x080000c1   Thumb Code     0  entry2.o(.ARM.Collect$$$$00000001)
    _main_scatterload                        0x080000c5   Thumb Code     0  entry5.o(.ARM.Collect$$$$00000004)
    __main_after_scatterload                 0x080000c9   Thumb Code     0  entry5.o(.ARM.Collect$$$$00000004)
    _main_clock                              0x080000c9   Thumb Code     0  entry7b.o(.ARM.Collect$$$$00000008)
    _main_cpp_init                           0x080000c9   Thumb Code     0  entry8b.o(.ARM.Collect$$$$0000000A)
    _main_init                               0x080000c9   Thumb Code     0  entry9a.o(.ARM.Collect$$$$0000000B)
    __rt_final_cpp                           0x080000d1   Thumb Code     0  entry10a.o(.ARM.Collect$$$$0000000D)
    __rt_final_exit                          0x080000d1   Thumb Code     0  entry11a.o(.ARM.Collect$$$$0000000F)
    Reset_Handler                            0x080000d5   Thumb Code     4  startup_stm32l031xx.o(.text)
    ADC1_COMP_IRQHandler                     0x080000e3   Thumb Code     0  startup_stm32l031xx.o(.text)
    DMA1_Channel1_IRQHandler                 0x080000e3   Thumb Code     0  startup_stm32l031xx.o(.text)
    DMA1_Channel2_3_IRQHandler               0x080000e3   Thumb Code     0  startup_stm32l031xx.o(.text)
    DMA1_Channel4_5_6_7_IRQHandler           0x080000e3   Thumb Code     0  startup_stm32l031xx.o(.text)
    EXTI0_1_IRQHandler                       0x080000e3   Thumb Code     0  startup_stm32l031xx.o(.text)
    EXTI2_3_IRQHandler                       0x080000e3   Thumb Code     0  startup_stm32l031xx.o(.text)
    FLASH_IRQHandler                         0x080000e3   Thumb Code     0  startup_stm32l031xx.o(.text)
    LPTIM1_IRQHandler                        0x080000e3   Thumb Code     0  startup_stm32l031xx.o(.text)
    PVD_IRQHandler                           0x080000e3   Thumb Code     0  startup_stm32l031xx.o(.text)
    RCC_IRQHandler                           0x080000e3   Thumb Code     0  startup_stm32l031xx.o(.text)
    SPI1_IRQHandler                          0x080000e3   Thumb Code     0  startup_stm32l031xx.o(.text)
    TIM21_IRQHandler                         0x080000e3   Thumb Code     0  startup_stm32l031xx.o(.text)
    TIM22_IRQHandler                         0x080000e3   Thumb Code     0  startup_stm32l031xx.o(.text)
    TIM2_IRQHandler                          0x080000e3   Thumb Code     0  startup_stm32l031xx.o(.text)
    USART2_IRQHandler                        0x080000e3   Thumb Code     0  startup_stm32l031xx.o(.text)
    WWDG_IRQHandler                          0x080000e3   Thumb Code     0  startup_stm32l031xx.o(.text)
    strlen                                   0x080000e9   Thumb Code    14  strlen.o(.text)
    __aeabi_uldivmod                         0x080000f7   Thumb Code    96  uldiv.o(.text)
    __I$use$fp                               0x08000157   Thumb Code     0  iusefp.o(.text)
    __aeabi_fmul                             0x08000157   Thumb Code   122  fmul.o(.text)
    __aeabi_fdiv                             0x080001d1   Thumb Code   124  fdiv.o(.text)
    __aeabi_dadd                             0x0800024d   Thumb Code   328  dadd.o(.text)
    __aeabi_dsub                             0x08000395   Thumb Code    12  dadd.o(.text)
    __aeabi_drsub                            0x080003a1   Thumb Code    12  dadd.o(.text)
    __aeabi_dmul                             0x080003b1   Thumb Code   202  dmul.o(.text)
    __aeabi_ddiv                             0x08000481   Thumb Code   234  ddiv.o(.text)
    __aeabi_d2ulz                            0x08000571   Thumb Code    54  dfixul.o(.text)
    __aeabi_cdrcmple                         0x080005b1   Thumb Code    38  cdrcmple.o(.text)
    __scatterload                            0x080005d9   Thumb Code    28  init.o(.text)
    __scatterload_rt2                        0x080005d9   Thumb Code     0  init.o(.text)
    __aeabi_uidiv                            0x080005fd   Thumb Code     0  uidiv_div0.o(.text)
    __aeabi_uidivmod                         0x080005fd   Thumb Code    62  uidiv_div0.o(.text)
    __aeabi_llsl                             0x0800063b   Thumb Code    32  llshl.o(.text)
    _ll_shift_l                              0x0800063b   Thumb Code     0  llshl.o(.text)
    __aeabi_llsr                             0x0800065b   Thumb Code    34  llushr.o(.text)
    _ll_ushift_r                             0x0800065b   Thumb Code     0  llushr.o(.text)
    __aeabi_lasr                             0x0800067d   Thumb Code    38  llsshr.o(.text)
    _ll_sshift_r                             0x0800067d   Thumb Code     0  llsshr.o(.text)
    _float_round                             0x080006a3   Thumb Code    16  fepilogue.o(.text)
    _float_epilogue                          0x080006b3   Thumb Code   114  fepilogue.o(.text)
    _double_round                            0x08000725   Thumb Code    26  depilogue.o(.text)
    _double_epilogue                         0x0800073f   Thumb Code   164  depilogue.o(.text)
    __aeabi_ldivmod                          0x080007e3   Thumb Code    76  ldiv.o(.text)
    __aeabi_lmul                             0x0800082f   Thumb Code    48  llmul.o(.text)
    _ll_mul                                  0x0800082f   Thumb Code     0  llmul.o(.text)
    __aeabi_ui2f                             0x0800085f   Thumb Code    14  ffltui.o(.text)
    __aeabi_i2d                              0x0800086d   Thumb Code    34  dflti.o(.text)
    __aeabi_ui2d                             0x08000895   Thumb Code    24  dfltui.o(.text)
    __aeabi_l2d                              0x080008b1   Thumb Code    38  dfltl.o(.text)
    __aeabi_f2d                              0x080008dd   Thumb Code    40  f2d.o(.text)
    __aeabi_d2f                              0x08000905   Thumb Code    56  d2f.o(.text)
    EXTI4_15_IRQHandler                      0x0800093d   Thumb Code    20  lto-llvm-e98f47.o(.text.EXTI4_15_IRQHandler)
    HardFault_Handler                        0x08001395   Thumb Code     2  lto-llvm-e98f47.o(.text.HardFault_Handler)
    I2C1_IRQHandler                          0x08001399   Thumb Code   144  lto-llvm-e98f47.o(.text.I2C1_IRQHandler)
    LPUART1_IRQHandler                       0x08001c61   Thumb Code  1048  lto-llvm-e98f47.o(.text.LPUART1_IRQHandler)
    NMI_Handler                              0x08002085   Thumb Code     2  lto-llvm-e98f47.o(.text.NMI_Handler)
    PendSV_Handler                           0x08002087   Thumb Code     2  lto-llvm-e98f47.o(.text.PendSV_Handler)
    RTC_IRQHandler                           0x08002089   Thumb Code    68  lto-llvm-e98f47.o(.text.RTC_IRQHandler)
    SVC_Handler                              0x080020dd   Thumb Code     2  lto-llvm-e98f47.o(.text.SVC_Handler)
    SysTick_Handler                          0x080020e1   Thumb Code    12  lto-llvm-e98f47.o(.text.SysTick_Handler)
    main                                     0x0800220d   Thumb Code  3852  lto-llvm-e98f47.o(.text.main)
    __0vsprintf                              0x080068bd   Thumb Code    30  printfa.o(i.__0vsprintf)
    __1vsprintf                              0x080068bd   Thumb Code     0  printfa.o(i.__0vsprintf)
    __2vsprintf                              0x080068bd   Thumb Code     0  printfa.o(i.__0vsprintf)
    __c89vsprintf                            0x080068bd   Thumb Code     0  printfa.o(i.__0vsprintf)
    vsprintf                                 0x080068bd   Thumb Code     0  printfa.o(i.__0vsprintf)
    __ARM_clz                                0x080068e1   Thumb Code    46  depilogue.o(i.__ARM_clz)
    __scatterload_copy                       0x0800690f   Thumb Code    14  handlers.o(i.__scatterload_copy)
    __scatterload_null                       0x0800691d   Thumb Code     2  handlers.o(i.__scatterload_null)
    __scatterload_zeroinit                   0x0800691f   Thumb Code    14  handlers.o(i.__scatterload_zeroinit)
    Region$$Table$$Base                      0x080072e4   Number         0  anon$$obj.o(Region$$Table)
    Region$$Table$$Limit                     0x08007304   Number         0  anon$$obj.o(Region$$Table)
    __initial_sp                             0x200006c8   Data           0  startup_stm32l031xx.o(STACK)



==============================================================================

Memory Map of the image

  Image Entry point : 0x080000c1

  Load Region LR_IROM1 (Base: 0x08000000, Size: 0x00007318, Max: 0x00008000, ABSOLUTE)

    Execution Region ER_IROM1 (Exec base: 0x08000000, Load base: 0x08000000, Size: 0x00007304, Max: 0x00008000, ABSOLUTE)

    Exec Addr    Load Addr    Size         Type   Attr      Idx    E Section Name        Object

    0x08000000   0x08000000   0x000000c0   Data   RO           25    RESET               startup_stm32l031xx.o
    0x080000c0   0x080000c0   0x00000000   Code   RO          105  * .ARM.Collect$$$$00000000  mc_p.l(entry.o)
    0x080000c0   0x080000c0   0x00000004   Code   RO          154    .ARM.Collect$$$$00000001  mc_p.l(entry2.o)
    0x080000c4   0x080000c4   0x00000004   Code   RO          157    .ARM.Collect$$$$00000004  mc_p.l(entry5.o)
    0x080000c8   0x080000c8   0x00000000   Code   RO          159    .ARM.Collect$$$$00000008  mc_p.l(entry7b.o)
    0x080000c8   0x080000c8   0x00000000   Code   RO          161    .ARM.Collect$$$$0000000A  mc_p.l(entry8b.o)
    0x080000c8   0x080000c8   0x00000008   Code   RO          162    .ARM.Collect$$$$0000000B  mc_p.l(entry9a.o)
    0x080000d0   0x080000d0   0x00000000   Code   RO          164    .ARM.Collect$$$$0000000D  mc_p.l(entry10a.o)
    0x080000d0   0x080000d0   0x00000000   Code   RO          166    .ARM.Collect$$$$0000000F  mc_p.l(entry11a.o)
    0x080000d0   0x080000d0   0x00000004   Code   RO          155    .ARM.Collect$$$$00002712  mc_p.l(entry2.o)
    0x080000d4   0x080000d4   0x00000014   Code   RO           26    .text               startup_stm32l031xx.o
    0x080000e8   0x080000e8   0x0000000e   Code   RO          108    .text               mc_p.l(strlen.o)
    0x080000f6   0x080000f6   0x00000060   Code   RO          177    .text               mc_p.l(uldiv.o)
    0x08000156   0x08000156   0x00000000   Code   RO          186    .text               mc_p.l(iusefp.o)
    0x08000156   0x08000156   0x0000007a   Code   RO          189    .text               mf_p.l(fmul.o)
    0x080001d0   0x080001d0   0x0000007c   Code   RO          191    .text               mf_p.l(fdiv.o)
    0x0800024c   0x0800024c   0x00000164   Code   RO          195    .text               mf_p.l(dadd.o)
    0x080003b0   0x080003b0   0x000000d0   Code   RO          197    .text               mf_p.l(dmul.o)
    0x08000480   0x08000480   0x000000f0   Code   RO          199    .text               mf_p.l(ddiv.o)
    0x08000570   0x08000570   0x00000040   Code   RO          203    .text               mf_p.l(dfixul.o)
    0x080005b0   0x080005b0   0x00000028   Code   RO          207    .text               mf_p.l(cdrcmple.o)
    0x080005d8   0x080005d8   0x00000024   Code   RO          211    .text               mc_p.l(init.o)
    0x080005fc   0x080005fc   0x0000003e   Code   RO          216    .text               mc_p.l(uidiv_div0.o)
    0x0800063a   0x0800063a   0x00000020   Code   RO          222    .text               mc_p.l(llshl.o)
    0x0800065a   0x0800065a   0x00000022   Code   RO          224    .text               mc_p.l(llushr.o)
    0x0800067c   0x0800067c   0x00000026   Code   RO          226    .text               mc_p.l(llsshr.o)
    0x080006a2   0x080006a2   0x00000082   Code   RO          229    .text               mf_p.l(fepilogue.o)
    0x08000724   0x08000724   0x000000be   Code   RO          231    .text               mf_p.l(depilogue.o)
    0x080007e2   0x080007e2   0x0000004c   Code   RO          350    .text               mc_p.l(ldiv.o)
    0x0800082e   0x0800082e   0x00000030   Code   RO          352    .text               mc_p.l(llmul.o)
    0x0800085e   0x0800085e   0x0000000e   Code   RO          354    .text               mf_p.l(ffltui.o)
    0x0800086c   0x0800086c   0x00000028   Code   RO          356    .text               mf_p.l(dflti.o)
    0x08000894   0x08000894   0x0000001c   Code   RO          358    .text               mf_p.l(dfltui.o)
    0x080008b0   0x080008b0   0x0000002c   Code   RO          360    .text               mf_p.l(dfltl.o)
    0x080008dc   0x080008dc   0x00000028   Code   RO          362    .text               mf_p.l(f2d.o)
    0x08000904   0x08000904   0x00000038   Code   RO          364    .text               mf_p.l(d2f.o)
    0x0800093c   0x0800093c   0x00000018   Code   RO          264    .text.EXTI4_15_IRQHandler  lto-llvm-e98f47.o
    0x08000954   0x08000954   0x000000c0   Code   RO          282    .text.HAL_ADC_ConfigChannel  lto-llvm-e98f47.o
    0x08000a14   0x08000a14   0x00000190   Code   RO          284    .text.HAL_GPIO_Init  lto-llvm-e98f47.o
    0x08000ba4   0x08000ba4   0x000000ac   Code   RO          300    .text.HAL_I2C_Master_Seq_Receive_IT  lto-llvm-e98f47.o
    0x08000c50   0x08000c50   0x000000b0   Code   RO          298    .text.HAL_I2C_Master_Seq_Transmit_IT  lto-llvm-e98f47.o
    0x08000d00   0x08000d00   0x00000168   Code   RO          304    .text.HAL_RCCEx_PeriphCLKConfig  lto-llvm-e98f47.o
    0x08000e68   0x08000e68   0x0000052c   Code   RO          302    .text.HAL_RCC_OscConfig  lto-llvm-e98f47.o
    0x08001394   0x08001394   0x00000002   Code   RO          252    .text.HardFault_Handler  lto-llvm-e98f47.o
    0x08001396   0x08001396   0x00000002   PAD
    0x08001398   0x08001398   0x00000094   Code   RO          262    .text.I2C1_IRQHandler  lto-llvm-e98f47.o
    0x0800142c   0x0800142c   0x0000002c   Code   RO          294    .text.I2C_DMAAbort  lto-llvm-e98f47.o
    0x08001458   0x08001458   0x0000013c   Code   RO          290    .text.I2C_ITError   lto-llvm-e98f47.o
    0x08001594   0x08001594   0x0000004e   Code   RO          288    .text.I2C_ITMasterSeqCplt  lto-llvm-e98f47.o
    0x080015e2   0x080015e2   0x00000002   PAD
    0x080015e4   0x080015e4   0x00000074   Code   RO          296    .text.I2C_ITSlaveSeqCplt  lto-llvm-e98f47.o
    0x08001658   0x08001658   0x00000238   Code   RO          286    .text.I2C_Master_ISR_IT  lto-llvm-e98f47.o
    0x08001890   0x08001890   0x000003d0   Code   RO          292    .text.I2C_Slave_ISR_IT  lto-llvm-e98f47.o
    0x08001c60   0x08001c60   0x00000424   Code   RO          260    .text.LPUART1_IRQHandler  lto-llvm-e98f47.o
    0x08002084   0x08002084   0x00000002   Code   RO          250    .text.NMI_Handler   lto-llvm-e98f47.o
    0x08002086   0x08002086   0x00000002   Code   RO          256    .text.PendSV_Handler  lto-llvm-e98f47.o
    0x08002088   0x08002088   0x00000054   Code   RO          266    .text.RTC_IRQHandler  lto-llvm-e98f47.o
    0x080020dc   0x080020dc   0x00000002   Code   RO          254    .text.SVC_Handler   lto-llvm-e98f47.o
    0x080020de   0x080020de   0x00000002   PAD
    0x080020e0   0x080020e0   0x0000000c   Code   RO          258    .text.SysTick_Handler  lto-llvm-e98f47.o
    0x080020ec   0x080020ec   0x00000010   Code   RO          308    .text.UART_DMAAbortOnError  lto-llvm-e98f47.o
    0x080020fc   0x080020fc   0x00000110   Code   RO          306    .text.UART_WaitOnFlagUntilTimeout  lto-llvm-e98f47.o
    0x0800220c   0x0800220c   0x00000f94   Code   RO          248    .text.main          lto-llvm-e98f47.o
    0x080031a0   0x080031a0   0x00000198   Code   RO          240    .text.sBSP_ADC_GetChannel  lto-llvm-e98f47.o
    0x08003338   0x08003338   0x000002d8   Code   RO          238    .text.sBSP_ADC_Init  lto-llvm-e98f47.o
    0x08003610   0x08003610   0x00000160   Code   RO          246    .text.sBSP_RTC_Init  lto-llvm-e98f47.o
    0x08003770   0x08003770   0x000001f0   Code   RO          242    .text.sBSP_SYS_InitRCC  lto-llvm-e98f47.o
    0x08003960   0x08003960   0x00000178   Code   RO          244    .text.sBSP_softI2C_SendData  lto-llvm-e98f47.o
    0x08003ad8   0x08003ad8   0x00000078   Code   RO          268    .text.sDRV_AHT10_Init  lto-llvm-e98f47.o
    0x08003b50   0x08003b50   0x000002b4   Code   RO          270    .text.sDRV_BMP280_Init  lto-llvm-e98f47.o
    0x08003e04   0x08003e04   0x0000052c   Code   RO          276    .text.sDRV_Si24R1_IrqHandler  lto-llvm-e98f47.o
    0x08004330   0x08004330   0x000000a8   Code   RO          280    .text.sDRV_Si24R1_SetIdleTX  lto-llvm-e98f47.o
    0x080043d8   0x080043d8   0x000000ac   Code   RO          278    .text.sDRV_Si24R1_SetStandby  lto-llvm-e98f47.o
    0x08004484   0x08004484   0x00000560   Code   RO          272    .text.sDRV_UART_Init  lto-llvm-e98f47.o
    0x080049e4   0x080049e4   0x000000e4   Code   RO          274    .text.sDRV_UART_Printf  lto-llvm-e98f47.o
    0x08004ac8   0x08004ac8   0x00001df4   Code   RO          236    .text.sFUNC_Init2d4GHz  lto-llvm-e98f47.o
    0x080068bc   0x080068bc   0x00000024   Code   RO          117    i.__0vsprintf       mc_p.l(printfa.o)
    0x080068e0   0x080068e0   0x0000002e   Code   RO          233    i.__ARM_clz         mf_p.l(depilogue.o)
    0x0800690e   0x0800690e   0x0000000e   Code   RO          368    i.__scatterload_copy  mc_p.l(handlers.o)
    0x0800691c   0x0800691c   0x00000002   Code   RO          369    i.__scatterload_null  mc_p.l(handlers.o)
    0x0800691e   0x0800691e   0x0000000e   Code   RO          370    i.__scatterload_zeroinit  mc_p.l(handlers.o)
    0x0800692c   0x0800692c   0x00000174   Code   RO          118    i._fp_digits        mc_p.l(printfa.o)
    0x08006aa0   0x08006aa0   0x000006ec   Code   RO          119    i._printf_core      mc_p.l(printfa.o)
    0x0800718c   0x0800718c   0x00000020   Code   RO          120    i._printf_post_padding  mc_p.l(printfa.o)
    0x080071ac   0x080071ac   0x0000002c   Code   RO          121    i._printf_pre_padding  mc_p.l(printfa.o)
    0x080071d8   0x080071d8   0x0000000a   Code   RO          123    i._sputc            mc_p.l(printfa.o)
    0x080071e2   0x080071e2   0x00000009   Data   RO          342    .rodata.PLLMulTable  lto-llvm-e98f47.o
    0x080071eb   0x080071eb   0x00000010   Data   RO          340    .rodata.cst16       lto-llvm-e98f47.o
    0x080071fb   0x080071fb   0x00000008   Data   RO          341    .rodata.cst8        lto-llvm-e98f47.o
    0x08007203   0x08007203   0x000000df   Data   RO          323    .rodata.str1.1      lto-llvm-e98f47.o
    0x080072e2   0x080072e2   0x00000002   PAD
    0x080072e4   0x080072e4   0x00000020   Data   RO          367    Region$$Table       anon$$obj.o


    Execution Region RW_IRAM1 (Exec base: 0x20000000, Load base: 0x08007308, Size: 0x000006c8, Max: 0x00002000, ABSOLUTE)

    Exec Addr    Load Addr    Size         Type   Attr      Idx    E Section Name        Object

    0x20000000   0x08007308   0x00000004   Data   RW          339    .data.SystemCoreClock  lto-llvm-e98f47.o
    0x20000004   0x0800730c   0x00000003   Data   RW          327    .data.aht10_comm_init  lto-llvm-e98f47.o
    0x20000007   0x0800730f   0x00000003   Data   RW          328    .data.aht10_comm_measure  lto-llvm-e98f47.o
    0x2000000a   0x08007312   0x00000006   PAD
    0x20000010        -       0x00000044   Zero   RW          333    .bss.bmp280         lto-llvm-e98f47.o
    0x20000054        -       0x00000023   Zero   RW          336    .bss.data           lto-llvm-e98f47.o
    0x20000077        -       0x00000001   Zero   RW          317    .bss.date.0         lto-llvm-e98f47.o
    0x20000078        -       0x00000001   Zero   RW          318    .bss.date.1         lto-llvm-e98f47.o
    0x20000079        -       0x00000001   Zero   RW          319    .bss.date.2         lto-llvm-e98f47.o
    0x2000007a        -       0x00000001   Zero   RW          320    .bss.date.3         lto-llvm-e98f47.o
    0x2000007b        -       0x00000080   Zero   RW          335    .bss.format_buffer  lto-llvm-e98f47.o
    0x200000fb   0x08007312   0x00000001   PAD
    0x200000fc        -       0x0000005c   Zero   RW          310    .bss.hadc           lto-llvm-e98f47.o
    0x20000158        -       0x00000054   Zero   RW          332    .bss.hi2c1          lto-llvm-e98f47.o
    0x200001ac        -       0x00000024   Zero   RW          326    .bss.hrtc           lto-llvm-e98f47.o
    0x200001d0        -       0x00000088   Zero   RW          325    .bss.huart1         lto-llvm-e98f47.o
    0x20000258        -       0x00000004   Zero   RW          330    .bss.humi           lto-llvm-e98f47.o
    0x2000025c        -       0x0000001c   Zero   RW          321    .bss.packet         lto-llvm-e98f47.o
    0x20000278        -       0x00000006   Zero   RW          329    .bss.reci_data      lto-llvm-e98f47.o
    0x2000027e   0x08007312   0x00000002   PAD
    0x20000280        -       0x00000004   Zero   RW          311    .bss.sConfig.0      lto-llvm-e98f47.o
    0x20000284        -       0x00000004   Zero   RW          312    .bss.sConfig.1      lto-llvm-e98f47.o
    0x20000288        -       0x00000004   Zero   RW          334    .bss.t_fine         lto-llvm-e98f47.o
    0x2000028c        -       0x00000004   Zero   RW          331    .bss.temp           lto-llvm-e98f47.o
    0x20000290        -       0x00000001   Zero   RW          313    .bss.time.0         lto-llvm-e98f47.o
    0x20000291   0x08007312   0x00000003   PAD
    0x20000294        -       0x00000001   Zero   RW          314    .bss.time.1         lto-llvm-e98f47.o
    0x20000295   0x08007312   0x00000001   PAD
    0x20000296        -       0x00000001   Zero   RW          315    .bss.time.2         lto-llvm-e98f47.o
    0x20000297   0x08007312   0x00000001   PAD
    0x20000298        -       0x00000001   Zero   RW          316    .bss.time.3         lto-llvm-e98f47.o
    0x20000299   0x08007312   0x00000003   PAD
    0x2000029c        -       0x00000020   Zero   RW          322    .bss.tx_buf         lto-llvm-e98f47.o
    0x200002bc        -       0x00000004   Zero   RW          337    .bss.uwTick         lto-llvm-e98f47.o
    0x200002c0        -       0x00000001   Zero   RW          338    .bss.uwTickPrio     lto-llvm-e98f47.o
    0x200002c1   0x08007312   0x00000007   PAD
    0x200002c8        -       0x00000400   Zero   RW           23    STACK               startup_stm32l031xx.o


==============================================================================

Image component sizes


      Code (inc. data)   RO Data    RW Data    ZI Data      Debug   Object Name

     24442       1398        256         10        678     253661   lto-llvm-e98f47.o
        20          4        192          0       1024        692   startup_stm32l031xx.o

    ----------------------------------------------------------------------
     24468       1402        482         12       1724     254353   Object Totals
         0          0         32          0          0          0   (incl. Generated)
         6          0          2          2         22          0   (incl. Padding)

    ----------------------------------------------------------------------

      Code (inc. data)   RO Data    RW Data    ZI Data      Debug   Library Member Name

         0          0          0          0          0          0   entry.o
         0          0          0          0          0          0   entry10a.o
         0          0          0          0          0          0   entry11a.o
         8          4          0          0          0          0   entry2.o
         4          0          0          0          0          0   entry5.o
         0          0          0          0          0          0   entry7b.o
         0          0          0          0          0          0   entry8b.o
         8          4          0          0          0          0   entry9a.o
        30          0          0          0          0          0   handlers.o
        36          8          0          0          0         68   init.o
         0          0          0          0          0          0   iusefp.o
        76          0          0          0          0         76   ldiv.o
        48          0          0          0          0         72   llmul.o
        32          0          0          0          0         68   llshl.o
        38          0          0          0          0         68   llsshr.o
        34          0          0          0          0         68   llushr.o
      2266         96          0          0          0        460   printfa.o
        14          0          0          0          0         60   strlen.o
        62          0          0          0          0         72   uidiv_div0.o
        96          0          0          0          0         84   uldiv.o
        40          2          0          0          0         68   cdrcmple.o
        56          0          0          0          0         68   d2f.o
       356          4          0          0          0        140   dadd.o
       240          6          0          0          0         84   ddiv.o
       236          0          0          0          0        216   depilogue.o
        64         10          0          0          0         68   dfixul.o
        40          6          0          0          0         68   dflti.o
        44          6          0          0          0         72   dfltl.o
        28          4          0          0          0         68   dfltui.o
       208          6          0          0          0         88   dmul.o
        40          0          0          0          0         60   f2d.o
       124          0          0          0          0         72   fdiv.o
       130          0          0          0          0        144   fepilogue.o
        14          0          0          0          0         68   ffltui.o
       122          0          0          0          0         72   fmul.o

    ----------------------------------------------------------------------
      4494        156          0          0          0       2452   Library Totals
         0          0          0          0          0          0   (incl. Padding)

    ----------------------------------------------------------------------

      Code (inc. data)   RO Data    RW Data    ZI Data      Debug   Library Name

      2752        112          0          0          0       1096   mc_p.l
      1742         44          0          0          0       1356   mf_p.l

    ----------------------------------------------------------------------
      4494        156          0          0          0       2452   Library Totals

    ----------------------------------------------------------------------

==============================================================================


      Code (inc. data)   RO Data    RW Data    ZI Data      Debug   

     28962       1558        482         12       1724     255717   Grand Totals
     28962       1558        482         12       1724     255717   ELF Image Totals
     28962       1558        482         12          0          0   ROM Totals

==============================================================================

    Total RO  Size (Code + RO Data)                29444 (  28.75kB)
    Total RW  Size (RW Data + ZI Data)              1736 (   1.70kB)
    Total ROM Size (Code + RO Data + RW Data)      29456 (  28.77kB)

==============================================================================

